Archive member included to satisfy reference by file (symbol)

/home/dashygo/Elec/makeself_dir_Nwh1xn/CubeIDE/plugins/com.st.stm32cube.ide.mcu.externaltools.gnu-tools-for-stm32.12.3.rel1.linux64_1.0.100.202403111256/tools/bin/../lib/gcc/arm-none-eabi/12.3.1/../../../../arm-none-eabi/lib/thumb/v7e-m+dp/hard/libc.a(libc_a-exit.o)
                              /home/dashygo/Elec/makeself_dir_Nwh1xn/CubeIDE/plugins/com.st.stm32cube.ide.mcu.externaltools.gnu-tools-for-stm32.12.3.rel1.linux64_1.0.100.202403111256/tools/bin/../lib/gcc/arm-none-eabi/12.3.1/../../../../arm-none-eabi/lib/thumb/v7e-m+dp/hard/crt0.o (exit)
/home/dashygo/Elec/makeself_dir_Nwh1xn/CubeIDE/plugins/com.st.stm32cube.ide.mcu.externaltools.gnu-tools-for-stm32.12.3.rel1.linux64_1.0.100.202403111256/tools/bin/../lib/gcc/arm-none-eabi/12.3.1/../../../../arm-none-eabi/lib/thumb/v7e-m+dp/hard/libc.a(libc_a-findfp.o)
                              /home/dashygo/Elec/makeself_dir_Nwh1xn/CubeIDE/plugins/com.st.stm32cube.ide.mcu.externaltools.gnu-tools-for-stm32.12.3.rel1.linux64_1.0.100.202403111256/tools/bin/../lib/gcc/arm-none-eabi/12.3.1/../../../../arm-none-eabi/lib/thumb/v7e-m+dp/hard/libc.a(libc_a-exit.o) (__stdio_exit_handler)
/home/dashygo/Elec/makeself_dir_Nwh1xn/CubeIDE/plugins/com.st.stm32cube.ide.mcu.externaltools.gnu-tools-for-stm32.12.3.rel1.linux64_1.0.100.202403111256/tools/bin/../lib/gcc/arm-none-eabi/12.3.1/../../../../arm-none-eabi/lib/thumb/v7e-m+dp/hard/libc.a(libc_a-fwalk.o)
                              /home/dashygo/Elec/makeself_dir_Nwh1xn/CubeIDE/plugins/com.st.stm32cube.ide.mcu.externaltools.gnu-tools-for-stm32.12.3.rel1.linux64_1.0.100.202403111256/tools/bin/../lib/gcc/arm-none-eabi/12.3.1/../../../../arm-none-eabi/lib/thumb/v7e-m+dp/hard/libc.a(libc_a-findfp.o) (_fwalk_sglue)
/home/dashygo/Elec/makeself_dir_Nwh1xn/CubeIDE/plugins/com.st.stm32cube.ide.mcu.externaltools.gnu-tools-for-stm32.12.3.rel1.linux64_1.0.100.202403111256/tools/bin/../lib/gcc/arm-none-eabi/12.3.1/../../../../arm-none-eabi/lib/thumb/v7e-m+dp/hard/libc.a(libc_a-sprintf.o)
                              ./Core/Src/main.o (sprintf)
/home/dashygo/Elec/makeself_dir_Nwh1xn/CubeIDE/plugins/com.st.stm32cube.ide.mcu.externaltools.gnu-tools-for-stm32.12.3.rel1.linux64_1.0.100.202403111256/tools/bin/../lib/gcc/arm-none-eabi/12.3.1/../../../../arm-none-eabi/lib/thumb/v7e-m+dp/hard/libc.a(libc_a-stdio.o)
                              /home/dashygo/Elec/makeself_dir_Nwh1xn/CubeIDE/plugins/com.st.stm32cube.ide.mcu.externaltools.gnu-tools-for-stm32.12.3.rel1.linux64_1.0.100.202403111256/tools/bin/../lib/gcc/arm-none-eabi/12.3.1/../../../../arm-none-eabi/lib/thumb/v7e-m+dp/hard/libc.a(libc_a-findfp.o) (__sread)
/home/dashygo/Elec/makeself_dir_Nwh1xn/CubeIDE/plugins/com.st.stm32cube.ide.mcu.externaltools.gnu-tools-for-stm32.12.3.rel1.linux64_1.0.100.202403111256/tools/bin/../lib/gcc/arm-none-eabi/12.3.1/../../../../arm-none-eabi/lib/thumb/v7e-m+dp/hard/libc.a(libc_a-memset.o)
                              /home/dashygo/Elec/makeself_dir_Nwh1xn/CubeIDE/plugins/com.st.stm32cube.ide.mcu.externaltools.gnu-tools-for-stm32.12.3.rel1.linux64_1.0.100.202403111256/tools/bin/../lib/gcc/arm-none-eabi/12.3.1/../../../../arm-none-eabi/lib/thumb/v7e-m+dp/hard/crt0.o (memset)
/home/dashygo/Elec/makeself_dir_Nwh1xn/CubeIDE/plugins/com.st.stm32cube.ide.mcu.externaltools.gnu-tools-for-stm32.12.3.rel1.linux64_1.0.100.202403111256/tools/bin/../lib/gcc/arm-none-eabi/12.3.1/../../../../arm-none-eabi/lib/thumb/v7e-m+dp/hard/libc.a(libc_a-closer.o)
                              /home/dashygo/Elec/makeself_dir_Nwh1xn/CubeIDE/plugins/com.st.stm32cube.ide.mcu.externaltools.gnu-tools-for-stm32.12.3.rel1.linux64_1.0.100.202403111256/tools/bin/../lib/gcc/arm-none-eabi/12.3.1/../../../../arm-none-eabi/lib/thumb/v7e-m+dp/hard/libc.a(libc_a-stdio.o) (_close_r)
/home/dashygo/Elec/makeself_dir_Nwh1xn/CubeIDE/plugins/com.st.stm32cube.ide.mcu.externaltools.gnu-tools-for-stm32.12.3.rel1.linux64_1.0.100.202403111256/tools/bin/../lib/gcc/arm-none-eabi/12.3.1/../../../../arm-none-eabi/lib/thumb/v7e-m+dp/hard/libc.a(libc_a-reent.o)
                              /home/dashygo/Elec/makeself_dir_Nwh1xn/CubeIDE/plugins/com.st.stm32cube.ide.mcu.externaltools.gnu-tools-for-stm32.12.3.rel1.linux64_1.0.100.202403111256/tools/bin/../lib/gcc/arm-none-eabi/12.3.1/../../../../arm-none-eabi/lib/thumb/v7e-m+dp/hard/libc.a(libc_a-closer.o) (errno)
/home/dashygo/Elec/makeself_dir_Nwh1xn/CubeIDE/plugins/com.st.stm32cube.ide.mcu.externaltools.gnu-tools-for-stm32.12.3.rel1.linux64_1.0.100.202403111256/tools/bin/../lib/gcc/arm-none-eabi/12.3.1/../../../../arm-none-eabi/lib/thumb/v7e-m+dp/hard/libc.a(libc_a-impure.o)
                              /home/dashygo/Elec/makeself_dir_Nwh1xn/CubeIDE/plugins/com.st.stm32cube.ide.mcu.externaltools.gnu-tools-for-stm32.12.3.rel1.linux64_1.0.100.202403111256/tools/bin/../lib/gcc/arm-none-eabi/12.3.1/../../../../arm-none-eabi/lib/thumb/v7e-m+dp/hard/libc.a(libc_a-sprintf.o) (_impure_ptr)
[...]
Memory Configuration

Name             Origin             Length             Attributes
FLASH            0x08000000         0x00200000         xr
DTCMRAM          0x20000000         0x00020000         xrw
RAM_D1           0x24000000         0x00080000         xrw
RAM_D2           0x30000000         0x00048000         xrw
RAM_D3           0x38000000         0x00010000         xrw
ITCMRAM          0x00000000         0x00010000         xrw
*default*        0x00000000         0xffffffff

Linker script and memory map

LOAD /home/dashygo/Elec/makeself_dir_Nwh1xn/CubeIDE/plugins/com.st.stm32cube.ide.mcu.externaltools.gnu-tools-for-stm32.12.3.rel1.linux64_1.0.100.202403111256/tools/bin/../lib/gcc/arm-none-eabi/12.3.1/thumb/v7e-m+dp/hard/crti.o
LOAD /home/dashygo/Elec/makeself_dir_Nwh1xn/CubeIDE/plugins/com.st.stm32cube.ide.mcu.externaltools.gnu-tools-for-stm32.12.3.rel1.linux64_1.0.100.202403111256/tools/bin/../lib/gcc/arm-none-eabi/12.3.1/thumb/v7e-m+dp/hard/crtbegin.o
LOAD /home/dashygo/Elec/makeself_dir_Nwh1xn/CubeIDE/plugins/com.st.stm32cube.ide.mcu.externaltools.gnu-tools-for-stm32.12.3.rel1.linux64_1.0.100.202403111256/tools/bin/../lib/gcc/arm-none-eabi/12.3.1/../../../../arm-none-eabi/lib/thumb/v7e-m+dp/hard/crt0.o
LOAD ./Core/Src/FO.o
LOAD ./Core/Src/ad9833.o
LOAD ./Core/Src/adc.o
LOAD ./Core/Src/cart.o
LOAD ./Core/Src/dac.o
LOAD ./Core/Src/dma.o
LOAD ./Core/Src/font.o
LOAD ./Core/Src/gpio.o
LOAD ./Core/Src/i2c.o
LOAD ./Core/Src/main.o
LOAD ./Core/Src/oled.o
LOAD ./Core/Src/signal.o
LOAD ./Core/Src/stm32h7xx_hal_msp.o
LOAD ./Core/Src/stm32h7xx_it.o
LOAD ./Core/Src/syscalls.o
LOAD ./Core/Src/sysmem.o
LOAD ./Core/Src/system_stm32h7xx.o
LOAD ./Core/Src/tim.o
LOAD ./Core/Src/usart.o
LOAD ./Core/Startup/startup_stm32h743vitx.o
LOAD ./Drivers/STM32H7xx_HAL_Driver/Src/stm32h7xx_hal.o
LOAD ./Drivers/STM32H7xx_HAL_Driver/Src/stm32h7xx_hal_adc.o
LOAD ./Drivers/STM32H7xx_HAL_Driver/Src/stm32h7xx_hal_adc_ex.o
LOAD ./Drivers/STM32H7xx_HAL_Driver/Src/stm32h7xx_hal_cortex.o
LOAD ./Drivers/STM32H7xx_HAL_Driver/Src/stm32h7xx_hal_dac.o
LOAD ./Drivers/STM32H7xx_HAL_Driver/Src/stm32h7xx_hal_dac_ex.o
LOAD ./Drivers/STM32H7xx_HAL_Driver/Src/stm32h7xx_hal_dma.o
LOAD ./Drivers/STM32H7xx_HAL_Driver/Src/stm32h7xx_hal_dma_ex.o
LOAD ./Drivers/STM32H7xx_HAL_Driver/Src/stm32h7xx_hal_exti.o
LOAD ./Drivers/STM32H7xx_HAL_Driver/Src/stm32h7xx_hal_flash.o
LOAD ./Drivers/STM32H7xx_HAL_Driver/Src/stm32h7xx_hal_flash_ex.o
LOAD ./Drivers/STM32H7xx_HAL_Driver/Src/stm32h7xx_hal_gpio.o
LOAD ./Drivers/STM32H7xx_HAL_Driver/Src/stm32h7xx_hal_hsem.o
LOAD ./Drivers/STM32H7xx_HAL_Driver/Src/stm32h7xx_hal_i2c.o
LOAD ./Drivers/STM32H7xx_HAL_Driver/Src/stm32h7xx_hal_i2c_ex.o
LOAD ./Drivers/STM32H7xx_HAL_Driver/Src/stm32h7xx_hal_mdma.o
LOAD ./Drivers/STM32H7xx_HAL_Driver/Src/stm32h7xx_hal_pwr.o
LOAD ./Drivers/STM32H7xx_HAL_Driver/Src/stm32h7xx_hal_pwr_ex.o
LOAD ./Drivers/STM32H7xx_HAL_Driver/Src/stm32h7xx_hal_rcc.o
LOAD ./Drivers/STM32H7xx_HAL_Driver/Src/stm32h7xx_hal_rcc_ex.o
LOAD ./Drivers/STM32H7xx_HAL_Driver/Src/stm32h7xx_hal_tim.o
LOAD ./Drivers/STM32H7xx_HAL_Driver/Src/stm32h7xx_hal_tim_ex.o
LOAD ./Drivers/STM32H7xx_HAL_Driver/Src/stm32h7xx_hal_uart.o
LOAD ./Drivers/STM32H7xx_HAL_Driver/Src/stm32h7xx_hal_uart_ex.o
START GROUP
LOAD /home/dashygo/Elec/makeself_dir_Nwh1xn/CubeIDE/plugins/com.st.stm32cube.ide.mcu.externaltools.gnu-tools-for-stm32.12.3.rel1.linux64_1.0.100.202403111256/tools/bin/../lib/gcc/arm-none-eabi/12.3.1/../../../../arm-none-eabi/lib/thumb/v7e-m+dp/hard/libc.a
LOAD /home/dashygo/Elec/makeself_dir_Nwh1xn/CubeIDE/plugins/com.st.stm32cube.ide.mcu.externaltools.gnu-tools-for-stm32.12.3.rel1.linux64_1.0.100.202403111256/tools/bin/../lib/gcc/arm-none-eabi/12.3.1/../../../../arm-none-eabi/lib/thumb/v7e-m+dp/hard/libm.a
END GROUP
START GROUP
LOAD /home/dashygo/Elec/makeself_dir_Nwh1xn/CubeIDE/plugins/com.st.stm32cube.ide.mcu.externaltools.gnu-tools-for-stm32.12.3.rel1.linux64_1.0.100.202403111256/tools/bin/../lib/gcc/arm-none-eabi/12.3.1/thumb/v7e-m+dp/hard/libgcc.a
LOAD /home/dashygo/Elec/makeself_dir_Nwh1xn/CubeIDE/plugins/com.st.stm32cube.ide.mcu.externaltools.gnu-tools-for-stm32.12.3.rel1.linux64_1.0.100.202403111256/tools/bin/../lib/gcc/arm-none-eabi/12.3.1/../../../../arm-none-eabi/lib/thumb/v7e-m+dp/hard/libc.a
END GROUP
START GROUP
LOAD /home/dashygo/Elec/makeself_dir_Nwh1xn/CubeIDE/plugins/com.st.stm32cube.ide.mcu.externaltools.gnu-tools-for-stm32.12.3.rel1.linux64_1.0.100.202403111256/tools/bin/../lib/gcc/arm-none-eabi/12.3.1/thumb/v7e-m+dp/hard/libgcc.a
LOAD /home/dashygo/Elec/makeself_dir_Nwh1xn/CubeIDE/plugins/com.st.stm32cube.ide.mcu.externaltools.gnu-tools-for-stm32.12.3.rel1.linux64_1.0.100.202403111256/tools/bin/../lib/gcc/arm-none-eabi/12.3.1/../../../../arm-none-eabi/lib/thumb/v7e-m+dp/hard/libc.a
LOAD /home/dashygo/Elec/makeself_dir_Nwh1xn/CubeIDE/plugins/com.st.stm32cube.ide.mcu.externaltools.gnu-tools-for-stm32.12.3.rel1.linux64_1.0.100.202403111256/tools/bin/../lib/gcc/arm-none-eabi/12.3.1/../../../../arm-none-eabi/lib/thumb/v7e-m+dp/hard/libnosys.a
END GROUP
LOAD /home/dashygo/Elec/makeself_dir_Nwh1xn/CubeIDE/plugins/com.st.stm32cube.ide.mcu.externaltools.gnu-tools-for-stm32.12.3.rel1.linux64_1.0.100.202403111256/tools/bin/../lib/gcc/arm-none-eabi/12.3.1/thumb/v7e-m+dp/hard/crtend.o
LOAD /home/dashygo/Elec/makeself_dir_Nwh1xn/CubeIDE/plugins/com.st.stm32cube.ide.mcu.externaltools.gnu-tools-for-stm32.12.3.rel1.linux64_1.0.100.202403111256/tools/bin/../lib/gcc/arm-none-eabi/12.3.1/thumb/v7e-m+dp/hard/crtn.o
                0x24080000                        _estack = (ORIGIN (RAM_D1) + LENGTH (RAM_D1))
                0x00003000                        _Min_Heap_Size = 0x3000
                0x00001000                        _Min_Stack_Size = 0x1000

.isr_vector     0x08000000      0x298
                0x08000000                        . = ALIGN (0x4)
 *(.isr_vector)
 .isr_vector    0x08000000      0x298 ./Core/Startup/startup_stm32h743vitx.o
                0x08000000                g_pfnVectors
                0x08000298                        . = ALIGN (0x4)

.text           0x080002a0    0x12cc4
                0x080002a0                        . = ALIGN (0x4)
 *(.text)
 .text          0x080002a0       0x40 /home/dashygo/Elec/makeself_dir_Nwh1xn/CubeIDE/plugins/com.st.stm32cube.ide.mcu.externaltools.gnu-tools-for-stm32.12.3.rel1.linux64_1.0.100.202403111256/tools/bin/../lib/gcc/arm-none-eabi/12.3.1/thumb/v7e-m+dp/hard/crtbegin.o
 .text          0x080002e0       0xa0 /home/dashygo/Elec/makeself_dir_Nwh1xn/CubeIDE/plugins/com.st.stm32cube.ide.mcu.externaltools.gnu-tools-for-stm32.12.3.rel1.linux64_1.0.100.202403111256/tools/bin/../lib/gcc/arm-none-eabi/12.3.1/../../../../arm-none-eabi/lib/thumb/v7e-m+dp/hard/libc.a(libc_a-memchr.o)
                0x080002e0                memchr
 .text          0x08000380       0x10 /home/dashygo/Elec/makeself_dir_Nwh1xn/CubeIDE/plugins/com.st.stm32cube.ide.mcu.externaltools.gnu-tools-for-stm32.12.3.rel1.linux64_1.0.100.202403111256/tools/bin/../lib/gcc/arm-none-eabi/12.3.1/../../../../arm-none-eabi/lib/thumb/v7e-m+dp/hard/libc.a(libc_a-strlen.o)
                0x08000380                strlen
 .text          0x08000390       0x30 /home/dashygo/Elec/makeself_dir_Nwh1xn/CubeIDE/plugins/com.st.stm32cube.ide.mcu.externaltools.gnu-tools-for-stm32.12.3.rel1.linux64_1.0.100.202403111256/tools/bin/../lib/gcc/arm-none-eabi/12.3.1/thumb/v7e-m+dp/hard/libgcc.a(_aeabi_uldivmod.o)
                0x08000390                __aeabi_uldivmod
 .text          0x080003c0      0x2b8 /home/dashygo/Elec/makeself_dir_Nwh1xn/CubeIDE/plugins/com.st.stm32cube.ide.mcu.externaltools.gnu-tools-for-stm32.12.3.rel1.linux64_1.0.100.202403111256/tools/bin/../lib/gcc/arm-none-eabi/12.3.1/thumb/v7e-m+dp/hard/libgcc.a(_muldc3.o)
                0x080003c0                __muldc3
 .text          0x08000678      0x2bc /home/dashygo/Elec/makeself_dir_Nwh1xn/CubeIDE/plugins/com.st.stm32cube.ide.mcu.externaltools.gnu-tools-for-stm32.12.3.rel1.linux64_1.0.100.202403111256/tools/bin/../lib/gcc/arm-none-eabi/12.3.1/thumb/v7e-m+dp/hard/libgcc.a(_udivmoddi4.o)
                0x08000678                __udivmoddi4
 .text          0x08000934        0x4 /home/dashygo/Elec/makeself_dir_Nwh1xn/CubeIDE/plugins/com.st.stm32cube.ide.mcu.externaltools.gnu-tools-for-stm32.12.3.rel1.linux64_1.0.100.202403111256/tools/bin/../lib/gcc/arm-none-eabi/12.3.1/thumb/v7e-m+dp/hard/libgcc.a(_dvmd_tls.o)
                0x08000934                __aeabi_ldiv0
                0x08000934                __aeabi_idiv0
 *(.text*)
 .text.rev      0x08000938       0xe8 ./Core/Src/FO.o
                0x08000938                rev
 .text.FFT      0x08000a20      0x400 ./Core/Src/FO.o
                0x08000a20                FFT
 .text.FFT_Mag  0x08000e20       0xfc ./Core/Src/FO.o
                0x08000e20                FFT_Mag
 *fill*         0x08000f1c        0x4 
 .text.Blackman
                0x08000f20      0x190 ./Core/Src/FO.o
                0x08000f20                Blackman
 .text.AD9833_Delay
                0x080010b0       0x26 ./Core/Src/ad9833.o
                0x080010b0                AD9833_Delay
 *fill*         0x080010d6        0x2 
 .text.AD9833_Write
                0x080010d8       0xb0 ./Core/Src/ad9833.o
                0x080010d8                AD9833_Write
 .text.AD9833_WaveSetting
                0x08001188      0x168 ./Core/Src/ad9833.o
                0x08001188                AD9833_WaveSetting
 .text.MX_ADC1_Init
                0x080012f0       0xf4 ./Core/Src/adc.o
                0x080012f0                MX_ADC1_Init
 .text.HAL_ADC_MspInit
                0x080013e4      0x14c ./Core/Src/adc.o
                0x080013e4                HAL_ADC_MspInit
 .text.HAL_ADC_MspDeInit
                0x08001530       0x48 ./Core/Src/adc.o
                0x08001530                HAL_ADC_MspDeInit
 .text.MX_DAC1_Init
                0x08001578       0x64 ./Core/Src/dac.o
                0x08001578                MX_DAC1_Init
 .text.HAL_DAC_MspInit
                0x080015dc       0xf4 ./Core/Src/dac.o
                0x080015dc                HAL_DAC_MspInit
 .text.MX_DMA_Init
                0x080016d0       0x50 ./Core/Src/dma.o
                0x080016d0                MX_DMA_Init
 .text.MX_GPIO_Init
                0x08001720       0xc4 ./Core/Src/gpio.o
                0x08001720                MX_GPIO_Init
 .text.MX_I2C1_Init
                0x080017e4       0x80 ./Core/Src/i2c.o
                0x080017e4                MX_I2C1_Init
 .text.HAL_I2C_MspInit
                0x08001864       0xd0 ./Core/Src/i2c.o
                0x08001864                HAL_I2C_MspInit
 .text.adc_init
                0x08001934       0xac ./Core/Src/main.o
                0x08001934                adc_init
 .text.Para_init
                0x080019e0       0x78 ./Core/Src/main.o
                0x080019e0                Para_init
 .text.ADC1_Get
                0x08001a58      0x118 ./Core/Src/main.o
                0x08001a58                ADC1_Get
 .text.HandleFFT
                0x08001b70       0xd4 ./Core/Src/main.o
                0x08001b70                HandleFFT
 *fill*         0x08001c44        0x4 
 .text.PrintMag
                0x08001c48      0x214 ./Core/Src/main.o
                0x08001c48                PrintMag
 .text.ADC_FFT  0x08001e5c       0x24 ./Core/Src/main.o
                0x08001e5c                ADC_FFT
 .text.main     0x08001e80      0x11c ./Core/Src/main.o
                0x08001e80                main
 .text.SystemClock_Config
                0x08001f9c      0x16c ./Core/Src/main.o
                0x08001f9c                SystemClock_Config
 .text.HAL_ADC_ConvCpltCallback
                0x08002108       0x20 ./Core/Src/main.o
                0x08002108                HAL_ADC_ConvCpltCallback
 .text.MPU_Config
                0x08002128       0xbc ./Core/Src/main.o
 .text.Error_Handler
                0x080021e4        0xc ./Core/Src/main.o
                0x080021e4                Error_Handler
 .text.FFT_ADC1
                0x080021f0      0x200 ./Core/Src/signal.o
                0x080021f0                FFT_ADC1
 .text.HAL_MspInit
                0x080023f0       0x34 ./Core/Src/stm32h7xx_hal_msp.o
                0x080023f0                HAL_MspInit
 .text.NMI_Handler
                0x08002424        0x8 ./Core/Src/stm32h7xx_it.o
                0x08002424                NMI_Handler
 .text.HardFault_Handler
                0x0800242c        0x8 ./Core/Src/stm32h7xx_it.o
                0x0800242c                HardFault_Handler
 .text.MemManage_Handler
                0x08002434        0x8 ./Core/Src/stm32h7xx_it.o
                0x08002434                MemManage_Handler
 .text.BusFault_Handler
                0x0800243c        0x8 ./Core/Src/stm32h7xx_it.o
                0x0800243c                BusFault_Handler
 .text.UsageFault_Handler
                0x08002444        0x8 ./Core/Src/stm32h7xx_it.o
                0x08002444                UsageFault_Handler
 .text.SVC_Handler
                0x0800244c        0xe ./Core/Src/stm32h7xx_it.o
                0x0800244c                SVC_Handler
 .text.DebugMon_Handler
                0x0800245a        0xe ./Core/Src/stm32h7xx_it.o
                0x0800245a                DebugMon_Handler
 .text.PendSV_Handler
                0x08002468        0xe ./Core/Src/stm32h7xx_it.o
                0x08002468                PendSV_Handler
 .text.SysTick_Handler
                0x08002476        0xc ./Core/Src/stm32h7xx_it.o
                0x08002476                SysTick_Handler
 *fill*         0x08002482        0x2 
 .text.DMA1_Stream0_IRQHandler
                0x08002484       0x14 ./Core/Src/stm32h7xx_it.o
                0x08002484                DMA1_Stream0_IRQHandler
 .text.DMA1_Stream1_IRQHandler
                0x08002498       0x14 ./Core/Src/stm32h7xx_it.o
                0x08002498                DMA1_Stream1_IRQHandler
 .text._getpid  0x080024ac       0x10 ./Core/Src/syscalls.o
                0x080024ac                _getpid
 .text._kill    0x080024bc       0x20 ./Core/Src/syscalls.o
                0x080024bc                _kill
 .text._exit    0x080024dc       0x16 ./Core/Src/syscalls.o
                0x080024dc                _exit
 .text._read    0x080024f2       0x3a ./Core/Src/syscalls.o
                0x080024f2                _read
 .text._write   0x0800252c       0x38 ./Core/Src/syscalls.o
                0x0800252c                _write
 .text._close   0x08002564       0x18 ./Core/Src/syscalls.o
                0x08002564                _close
 .text._fstat   0x0800257c       0x20 ./Core/Src/syscalls.o
                0x0800257c                _fstat
 .text._isatty  0x0800259c       0x16 ./Core/Src/syscalls.o
                0x0800259c                _isatty
 .text._lseek   0x080025b2       0x1a ./Core/Src/syscalls.o
                0x080025b2                _lseek
 .text._sbrk    0x080025cc       0x6c ./Core/Src/sysmem.o
                0x080025cc                _sbrk
 .text.SystemInit
                0x08002638      0x110 ./Core/Src/system_stm32h7xx.o
                0x08002638                SystemInit
 .text.MX_TIM7_Init
                0x08002748       0x6c ./Core/Src/tim.o
                0x08002748                MX_TIM7_Init
 .text.MX_TIM15_Init
                0x080027b4       0xa4 ./Core/Src/tim.o
                0x080027b4                MX_TIM15_Init
 .text.HAL_TIM_Base_MspInit
                0x08002858       0x74 ./Core/Src/tim.o
                0x08002858                HAL_TIM_Base_MspInit
 .text.MX_USART1_UART_Init
                0x080028cc       0x98 ./Core/Src/usart.o
                0x080028cc                MX_USART1_UART_Init
 .text.HAL_UART_MspInit
                0x08002964       0xd4 ./Core/Src/usart.o
                0x08002964                HAL_UART_MspInit
 .text.Reset_Handler
                0x08002a38       0x50 ./Core/Startup/startup_stm32h743vitx.o
                0x08002a38                Reset_Handler
 .text.Default_Handler
                0x08002a88        0x2 ./Core/Startup/startup_stm32h743vitx.o
                0x08002a88                RTC_Alarm_IRQHandler
                0x08002a88                EXTI2_IRQHandler
                0x08002a88                TIM8_CC_IRQHandler
                0x08002a88                HRTIM1_Master_IRQHandler
                0x08002a88                UART8_IRQHandler
                0x08002a88                SPI4_IRQHandler
                0x08002a88                TIM1_CC_IRQHandler
                0x08002a88                BDMA_Channel6_IRQHandler
                0x08002a88                DMA2_Stream5_IRQHandler
                0x08002a88                HRTIM1_FLT_IRQHandler
                0x08002a88                JPEG_IRQHandler
                0x08002a88                DMA1_Stream5_IRQHandler
                0x08002a88                BDMA_Channel1_IRQHandler
                0x08002a88                HRTIM1_TIMD_IRQHandler
                0x08002a88                TAMP_STAMP_IRQHandler
                0x08002a88                EXTI3_IRQHandler
                0x08002a88                LPTIM4_IRQHandler
                0x08002a88                TIM8_TRG_COM_TIM14_IRQHandler
                0x08002a88                LPTIM2_IRQHandler
                0x08002a88                DFSDM1_FLT1_IRQHandler
                0x08002a88                DMAMUX2_OVR_IRQHandler
                0x08002a88                TIM8_UP_TIM13_IRQHandler
                0x08002a88                I2C3_ER_IRQHandler
                0x08002a88                DFSDM1_FLT2_IRQHandler
                0x08002a88                MDMA_IRQHandler
                0x08002a88                LPTIM3_IRQHandler
                0x08002a88                HSEM1_IRQHandler
                0x08002a88                EXTI0_IRQHandler
                0x08002a88                I2C2_EV_IRQHandler
                0x08002a88                DMA1_Stream2_IRQHandler
                0x08002a88                FPU_IRQHandler
                0x08002a88                OTG_HS_WKUP_IRQHandler
                0x08002a88                FDCAN1_IT1_IRQHandler
                0x08002a88                LTDC_ER_IRQHandler
                0x08002a88                DMA2_Stream2_IRQHandler
                0x08002a88                HRTIM1_TIME_IRQHandler
                0x08002a88                SPI1_IRQHandler
                0x08002a88                TIM6_DAC_IRQHandler
                0x08002a88                DCMI_IRQHandler
                0x08002a88                HRTIM1_TIMC_IRQHandler
                0x08002a88                DMA2_Stream3_IRQHandler
                0x08002a88                SAI2_IRQHandler
                0x08002a88                DFSDM1_FLT3_IRQHandler
                0x08002a88                USART6_IRQHandler
                0x08002a88                TIM17_IRQHandler
                0x08002a88                USART3_IRQHandler
                0x08002a88                BDMA_Channel7_IRQHandler
                0x08002a88                LPTIM5_IRQHandler
                0x08002a88                UART5_IRQHandler
                0x08002a88                ADC3_IRQHandler
                0x08002a88                DMA2_Stream0_IRQHandler
                0x08002a88                TIM4_IRQHandler
                0x08002a88                BDMA_Channel2_IRQHandler
                0x08002a88                QUADSPI_IRQHandler
                0x08002a88                I2C1_EV_IRQHandler
                0x08002a88                DMA1_Stream6_IRQHandler
                0x08002a88                DMAMUX1_OVR_IRQHandler
                0x08002a88                TIM16_IRQHandler
                0x08002a88                UART4_IRQHandler
                0x08002a88                BDMA_Channel5_IRQHandler
                0x08002a88                TIM3_IRQHandler
                0x08002a88                RCC_IRQHandler
                0x08002a88                TIM8_BRK_TIM12_IRQHandler
                0x08002a88                TIM1_TRG_COM_IRQHandler
                0x08002a88                Default_Handler
                0x08002a88                ECC_IRQHandler
                0x08002a88                CEC_IRQHandler
                0x08002a88                EXTI15_10_IRQHandler
                0x08002a88                BDMA_Channel0_IRQHandler
                0x08002a88                ADC_IRQHandler
                0x08002a88                DMA1_Stream7_IRQHandler
                0x08002a88                HRTIM1_TIMA_IRQHandler
                0x08002a88                SPI5_IRQHandler
                0x08002a88                TIM7_IRQHandler
                0x08002a88                SDMMC1_IRQHandler
                0x08002a88                TIM5_IRQHandler
                0x08002a88                DMA2_Stream7_IRQHandler
                0x08002a88                TIM15_IRQHandler
                0x08002a88                PVD_AVD_IRQHandler
                0x08002a88                I2C3_EV_IRQHandler
                0x08002a88                EXTI9_5_IRQHandler
                0x08002a88                RTC_WKUP_IRQHandler
                0x08002a88                LTDC_IRQHandler
                0x08002a88                SAI3_IRQHandler
                0x08002a88                ETH_WKUP_IRQHandler
                0x08002a88                SPDIF_RX_IRQHandler
                0x08002a88                SPI2_IRQHandler
                0x08002a88                OTG_HS_EP1_IN_IRQHandler
                0x08002a88                CRS_IRQHandler
                0x08002a88                EXTI4_IRQHandler
                0x08002a88                RNG_IRQHandler
                0x08002a88                HRTIM1_TIMB_IRQHandler
                0x08002a88                FDCAN2_IT1_IRQHandler
                0x08002a88                ETH_IRQHandler
                0x08002a88                TIM1_UP_IRQHandler
                0x08002a88                BDMA_Channel4_IRQHandler
                0x08002a88                OTG_HS_EP1_OUT_IRQHandler
                0x08002a88                WWDG_IRQHandler
                0x08002a88                SPI6_IRQHandler
                0x08002a88                MDIOS_IRQHandler
                0x08002a88                I2C4_EV_IRQHandler
                0x08002a88                FDCAN2_IT0_IRQHandler
                0x08002a88                LPUART1_IRQHandler
                0x08002a88                FDCAN1_IT0_IRQHandler
                0x08002a88                TIM2_IRQHandler
                0x08002a88                OTG_FS_WKUP_IRQHandler
                0x08002a88                OTG_HS_IRQHandler
                0x08002a88                DMA2D_IRQHandler
                0x08002a88                TIM1_BRK_IRQHandler
                0x08002a88                EXTI1_IRQHandler
                0x08002a88                SDMMC2_IRQHandler
                0x08002a88                OTG_FS_EP1_OUT_IRQHandler
                0x08002a88                BDMA_Channel3_IRQHandler
                0x08002a88                UART7_IRQHandler
                0x08002a88                MDIOS_WKUP_IRQHandler
                0x08002a88                USART2_IRQHandler
                0x08002a88                DFSDM1_FLT0_IRQHandler
                0x08002a88                SAI4_IRQHandler
                0x08002a88                I2C2_ER_IRQHandler
                0x08002a88                DMA2_Stream1_IRQHandler
                0x08002a88                FLASH_IRQHandler
                0x08002a88                DMA2_Stream4_IRQHandler
                0x08002a88                USART1_IRQHandler
                0x08002a88                OTG_FS_IRQHandler
                0x08002a88                SPI3_IRQHandler
                0x08002a88                WAKEUP_PIN_IRQHandler
                0x08002a88                DMA1_Stream4_IRQHandler
                0x08002a88                OTG_FS_EP1_IN_IRQHandler
                0x08002a88                I2C1_ER_IRQHandler
                0x08002a88                FMC_IRQHandler
                0x08002a88                FDCAN_CAL_IRQHandler
                0x08002a88                SWPMI1_IRQHandler
                0x08002a88                COMP1_IRQHandler
                0x08002a88                LPTIM1_IRQHandler
                0x08002a88                I2C4_ER_IRQHandler
                0x08002a88                DMA2_Stream6_IRQHandler
                0x08002a88                SAI1_IRQHandler
                0x08002a88                DMA1_Stream3_IRQHandler
 *fill*         0x08002a8a        0x2 
 .text.HAL_Init
                0x08002a8c       0x78 ./Drivers/STM32H7xx_HAL_Driver/Src/stm32h7xx_hal.o
                0x08002a8c                HAL_Init
 .text.HAL_InitTick
                0x08002b04       0x6c ./Drivers/STM32H7xx_HAL_Driver/Src/stm32h7xx_hal.o
                0x08002b04                HAL_InitTick
 .text.HAL_IncTick
                0x08002b70       0x28 ./Drivers/STM32H7xx_HAL_Driver/Src/stm32h7xx_hal.o
                0x08002b70                HAL_IncTick
 .text.HAL_GetTick
                0x08002b98       0x18 ./Drivers/STM32H7xx_HAL_Driver/Src/stm32h7xx_hal.o
                0x08002b98                HAL_GetTick
 .text.HAL_Delay
                0x08002bb0       0x48 ./Drivers/STM32H7xx_HAL_Driver/Src/stm32h7xx_hal.o
                0x08002bb0                HAL_Delay
 .text.HAL_GetREVID
                0x08002bf8       0x18 ./Drivers/STM32H7xx_HAL_Driver/Src/stm32h7xx_hal.o
                0x08002bf8                HAL_GetREVID
 .text.LL_ADC_SetCommonClock
                0x08002c10       0x26 ./Drivers/STM32H7xx_HAL_Driver/Src/stm32h7xx_hal_adc.o
 .text.LL_ADC_SetCommonPathInternalCh
                0x08002c36       0x26 ./Drivers/STM32H7xx_HAL_Driver/Src/stm32h7xx_hal_adc.o
 .text.LL_ADC_GetCommonPathInternalCh
                0x08002c5c       0x1c ./Drivers/STM32H7xx_HAL_Driver/Src/stm32h7xx_hal_adc.o
 .text.LL_ADC_SetOffset
                0x08002c78       0x40 ./Drivers/STM32H7xx_HAL_Driver/Src/stm32h7xx_hal_adc.o
 .text.LL_ADC_SetDataRightShift
                0x08002cb8       0x32 ./Drivers/STM32H7xx_HAL_Driver/Src/stm32h7xx_hal_adc.o
 .text.LL_ADC_SetOffsetSignedSaturation
                0x08002cea       0x36 ./Drivers/STM32H7xx_HAL_Driver/Src/stm32h7xx_hal_adc.o
 .text.LL_ADC_REG_IsTriggerSourceSWStart
                0x08002d20       0x26 ./Drivers/STM32H7xx_HAL_Driver/Src/stm32h7xx_hal_adc.o
 .text.LL_ADC_REG_SetSequencerRanks
                0x08002d46       0x58 ./Drivers/STM32H7xx_HAL_Driver/Src/stm32h7xx_hal_adc.o
 .text.LL_ADC_REG_SetDataTransferMode
                0x08002d9e       0x26 ./Drivers/STM32H7xx_HAL_Driver/Src/stm32h7xx_hal_adc.o
 .text.LL_ADC_SetChannelSamplingTime
                0x08002dc4       0x56 ./Drivers/STM32H7xx_HAL_Driver/Src/stm32h7xx_hal_adc.o
 *fill*         0x08002e1a        0x2 
 .text.LL_ADC_SetChannelSingleDiff
                0x08002e1c       0x48 ./Drivers/STM32H7xx_HAL_Driver/Src/stm32h7xx_hal_adc.o
 .text.LL_ADC_GetMultimode
                0x08002e64       0x1c ./Drivers/STM32H7xx_HAL_Driver/Src/stm32h7xx_hal_adc.o
 .text.LL_ADC_DisableDeepPowerDown
                0x08002e80       0x24 ./Drivers/STM32H7xx_HAL_Driver/Src/stm32h7xx_hal_adc.o
 .text.LL_ADC_IsDeepPowerDownEnabled
                0x08002ea4       0x28 ./Drivers/STM32H7xx_HAL_Driver/Src/stm32h7xx_hal_adc.o
 .text.LL_ADC_EnableInternalRegulator
                0x08002ecc       0x28 ./Drivers/STM32H7xx_HAL_Driver/Src/stm32h7xx_hal_adc.o
 .text.LL_ADC_IsInternalRegulatorEnabled
                0x08002ef4       0x28 ./Drivers/STM32H7xx_HAL_Driver/Src/stm32h7xx_hal_adc.o
 .text.LL_ADC_Enable
                0x08002f1c       0x28 ./Drivers/STM32H7xx_HAL_Driver/Src/stm32h7xx_hal_adc.o
 .text.LL_ADC_Disable
                0x08002f44       0x28 ./Drivers/STM32H7xx_HAL_Driver/Src/stm32h7xx_hal_adc.o
 .text.LL_ADC_IsEnabled
                0x08002f6c       0x26 ./Drivers/STM32H7xx_HAL_Driver/Src/stm32h7xx_hal_adc.o
 .text.LL_ADC_IsDisableOngoing
                0x08002f92       0x26 ./Drivers/STM32H7xx_HAL_Driver/Src/stm32h7xx_hal_adc.o
 .text.LL_ADC_REG_StartConversion
                0x08002fb8       0x28 ./Drivers/STM32H7xx_HAL_Driver/Src/stm32h7xx_hal_adc.o
 .text.LL_ADC_REG_StopConversion
                0x08002fe0       0x28 ./Drivers/STM32H7xx_HAL_Driver/Src/stm32h7xx_hal_adc.o
 .text.LL_ADC_REG_IsConversionOngoing
                0x08003008       0x26 ./Drivers/STM32H7xx_HAL_Driver/Src/stm32h7xx_hal_adc.o
 *fill*         0x0800302e        0x2 
 .text.LL_ADC_INJ_StopConversion
                0x08003030       0x28 ./Drivers/STM32H7xx_HAL_Driver/Src/stm32h7xx_hal_adc.o
 .text.LL_ADC_INJ_IsConversionOngoing
                0x08003058       0x26 ./Drivers/STM32H7xx_HAL_Driver/Src/stm32h7xx_hal_adc.o
 *fill*         0x0800307e        0x2 
 .text.HAL_ADC_Init
                0x08003080      0x344 ./Drivers/STM32H7xx_HAL_Driver/Src/stm32h7xx_hal_adc.o
                0x08003080                HAL_ADC_Init
 .text.HAL_ADC_DeInit
                0x080033c4      0x300 ./Drivers/STM32H7xx_HAL_Driver/Src/stm32h7xx_hal_adc.o
                0x080033c4                HAL_ADC_DeInit
 .text.HAL_ADC_Start_DMA
                0x080036c4      0x188 ./Drivers/STM32H7xx_HAL_Driver/Src/stm32h7xx_hal_adc.o
                0x080036c4                HAL_ADC_Start_DMA
 .text.HAL_ADC_ConvHalfCpltCallback
                0x0800384c       0x14 ./Drivers/STM32H7xx_HAL_Driver/Src/stm32h7xx_hal_adc.o
                0x0800384c                HAL_ADC_ConvHalfCpltCallback
 .text.HAL_ADC_ErrorCallback
                0x08003860       0x14 ./Drivers/STM32H7xx_HAL_Driver/Src/stm32h7xx_hal_adc.o
                0x08003860                HAL_ADC_ErrorCallback
 .text.HAL_ADC_ConfigChannel
                0x08003874      0x6a0 ./Drivers/STM32H7xx_HAL_Driver/Src/stm32h7xx_hal_adc.o
                0x08003874                HAL_ADC_ConfigChannel
 .text.ADC_ConversionStop
                0x08003f14      0x178 ./Drivers/STM32H7xx_HAL_Driver/Src/stm32h7xx_hal_adc.o
                0x08003f14                ADC_ConversionStop
 .text.ADC_Enable
                0x0800408c      0x114 ./Drivers/STM32H7xx_HAL_Driver/Src/stm32h7xx_hal_adc.o
                0x0800408c                ADC_Enable
 .text.ADC_Disable
                0x080041a0       0xbe ./Drivers/STM32H7xx_HAL_Driver/Src/stm32h7xx_hal_adc.o
                0x080041a0                ADC_Disable
 .text.ADC_DMAConvCplt
                0x0800425e       0xd8 ./Drivers/STM32H7xx_HAL_Driver/Src/stm32h7xx_hal_adc.o
                0x0800425e                ADC_DMAConvCplt
 .text.ADC_DMAHalfConvCplt
                0x08004336       0x1c ./Drivers/STM32H7xx_HAL_Driver/Src/stm32h7xx_hal_adc.o
                0x08004336                ADC_DMAHalfConvCplt
 .text.ADC_DMAError
                0x08004352       0x34 ./Drivers/STM32H7xx_HAL_Driver/Src/stm32h7xx_hal_adc.o
                0x08004352                ADC_DMAError
 *fill*         0x08004386        0x2 
 .text.ADC_ConfigureBoostMode
                0x08004388      0x218 ./Drivers/STM32H7xx_HAL_Driver/Src/stm32h7xx_hal_adc.o
                0x08004388                ADC_ConfigureBoostMode
 .text.LL_ADC_IsEnabled
                0x080045a0       0x26 ./Drivers/STM32H7xx_HAL_Driver/Src/stm32h7xx_hal_adc_ex.o
 *fill*         0x080045c6        0x2 
 .text.LL_ADC_StartCalibration
                0x080045c8       0x3c ./Drivers/STM32H7xx_HAL_Driver/Src/stm32h7xx_hal_adc_ex.o
 .text.LL_ADC_IsCalibrationOnGoing
                0x08004604       0x28 ./Drivers/STM32H7xx_HAL_Driver/Src/stm32h7xx_hal_adc_ex.o
 .text.LL_ADC_REG_IsConversionOngoing
                0x0800462c       0x26 ./Drivers/STM32H7xx_HAL_Driver/Src/stm32h7xx_hal_adc_ex.o
 *fill*         0x08004652        0x2 
 .text.HAL_ADCEx_Calibration_Start
                0x08004654       0xc8 ./Drivers/STM32H7xx_HAL_Driver/Src/stm32h7xx_hal_adc_ex.o
                0x08004654                HAL_ADCEx_Calibration_Start
 .text.HAL_ADCEx_MultiModeConfigChannel
                0x0800471c      0x1bc ./Drivers/STM32H7xx_HAL_Driver/Src/stm32h7xx_hal_adc_ex.o
                0x0800471c                HAL_ADCEx_MultiModeConfigChannel
 .text.__NVIC_SetPriorityGrouping
                0x080048d8       0x48 ./Drivers/STM32H7xx_HAL_Driver/Src/stm32h7xx_hal_cortex.o
 .text.__NVIC_GetPriorityGrouping
                0x08004920       0x1c ./Drivers/STM32H7xx_HAL_Driver/Src/stm32h7xx_hal_cortex.o
 .text.__NVIC_EnableIRQ
                0x0800493c       0x3c ./Drivers/STM32H7xx_HAL_Driver/Src/stm32h7xx_hal_cortex.o
 .text.__NVIC_SetPriority
                0x08004978       0x54 ./Drivers/STM32H7xx_HAL_Driver/Src/stm32h7xx_hal_cortex.o
 .text.NVIC_EncodePriority
                0x080049cc       0x66 ./Drivers/STM32H7xx_HAL_Driver/Src/stm32h7xx_hal_cortex.o
 *fill*         0x08004a32        0x2 
 .text.SysTick_Config
                0x08004a34       0x44 ./Drivers/STM32H7xx_HAL_Driver/Src/stm32h7xx_hal_cortex.o
 .text.HAL_NVIC_SetPriorityGrouping
                0x08004a78       0x16 ./Drivers/STM32H7xx_HAL_Driver/Src/stm32h7xx_hal_cortex.o
                0x08004a78                HAL_NVIC_SetPriorityGrouping
 .text.HAL_NVIC_SetPriority
                0x08004a8e       0x34 ./Drivers/STM32H7xx_HAL_Driver/Src/stm32h7xx_hal_cortex.o
                0x08004a8e                HAL_NVIC_SetPriority
 .text.HAL_NVIC_EnableIRQ
                0x08004ac2       0x1c ./Drivers/STM32H7xx_HAL_Driver/Src/stm32h7xx_hal_cortex.o
                0x08004ac2                HAL_NVIC_EnableIRQ
 .text.HAL_SYSTICK_Config
                0x08004ade       0x18 ./Drivers/STM32H7xx_HAL_Driver/Src/stm32h7xx_hal_cortex.o
                0x08004ade                HAL_SYSTICK_Config
 *fill*         0x08004af6        0x2 
 .text.HAL_MPU_Disable
                0x08004af8       0x30 ./Drivers/STM32H7xx_HAL_Driver/Src/stm32h7xx_hal_cortex.o
                0x08004af8                HAL_MPU_Disable
 .text.HAL_MPU_Enable
                0x08004b28       0x40 ./Drivers/STM32H7xx_HAL_Driver/Src/stm32h7xx_hal_cortex.o
                0x08004b28                HAL_MPU_Enable
 .text.HAL_MPU_ConfigRegion
                0x08004b68       0x88 ./Drivers/STM32H7xx_HAL_Driver/Src/stm32h7xx_hal_cortex.o
                0x08004b68                HAL_MPU_ConfigRegion
 .text.HAL_DAC_Init
                0x08004bf0       0x44 ./Drivers/STM32H7xx_HAL_Driver/Src/stm32h7xx_hal_dac.o
                0x08004bf0                HAL_DAC_Init
 .text.HAL_DAC_ConfigChannel
                0x08004c34      0x27c ./Drivers/STM32H7xx_HAL_Driver/Src/stm32h7xx_hal_dac.o
                0x08004c34                HAL_DAC_ConfigChannel
 .text.HAL_DMA_Init
                0x08004eb0      0x6b8 ./Drivers/STM32H7xx_HAL_Driver/Src/stm32h7xx_hal_dma.o
                0x08004eb0                HAL_DMA_Init
 .text.HAL_DMA_DeInit
                0x08005568      0x36c ./Drivers/STM32H7xx_HAL_Driver/Src/stm32h7xx_hal_dma.o
                0x08005568                HAL_DMA_DeInit
 .text.HAL_DMA_Start_IT
                0x080058d4      0x4d4 ./Drivers/STM32H7xx_HAL_Driver/Src/stm32h7xx_hal_dma.o
                0x080058d4                HAL_DMA_Start_IT
 .text.HAL_DMA_IRQHandler
                0x08005da8      0xe54 ./Drivers/STM32H7xx_HAL_Driver/Src/stm32h7xx_hal_dma.o
                0x08005da8                HAL_DMA_IRQHandler
 .text.DMA_SetConfig
                0x08006bfc      0x358 ./Drivers/STM32H7xx_HAL_Driver/Src/stm32h7xx_hal_dma.o
 .text.DMA_CalcBaseAndBitshift
                0x08006f54      0x164 ./Drivers/STM32H7xx_HAL_Driver/Src/stm32h7xx_hal_dma.o
 .text.DMA_CheckFifoParam
                0x080070b8       0xf8 ./Drivers/STM32H7xx_HAL_Driver/Src/stm32h7xx_hal_dma.o
 .text.DMA_CalcDMAMUXChannelBaseAndMask
                0x080071b0      0x134 ./Drivers/STM32H7xx_HAL_Driver/Src/stm32h7xx_hal_dma.o
 .text.DMA_CalcDMAMUXRequestGenBaseAndMask
                0x080072e4       0xe8 ./Drivers/STM32H7xx_HAL_Driver/Src/stm32h7xx_hal_dma.o
 .text.HAL_GPIO_Init
                0x080073cc      0x360 ./Drivers/STM32H7xx_HAL_Driver/Src/stm32h7xx_hal_gpio.o
                0x080073cc                HAL_GPIO_Init
 .text.HAL_GPIO_DeInit
                0x0800772c      0x214 ./Drivers/STM32H7xx_HAL_Driver/Src/stm32h7xx_hal_gpio.o
                0x0800772c                HAL_GPIO_DeInit
 .text.HAL_GPIO_WritePin
                0x08007940       0x32 ./Drivers/STM32H7xx_HAL_Driver/Src/stm32h7xx_hal_gpio.o
                0x08007940                HAL_GPIO_WritePin
 *fill*         0x08007972        0x2 
 .text.HAL_I2C_Init
                0x08007974      0x120 ./Drivers/STM32H7xx_HAL_Driver/Src/stm32h7xx_hal_i2c.o
                0x08007974                HAL_I2C_Init
 .text.HAL_I2CEx_ConfigAnalogFilter
                0x08007a94       0x96 ./Drivers/STM32H7xx_HAL_Driver/Src/stm32h7xx_hal_i2c_ex.o
                0x08007a94                HAL_I2CEx_ConfigAnalogFilter
 .text.HAL_I2CEx_ConfigDigitalFilter
                0x08007b2a       0x98 ./Drivers/STM32H7xx_HAL_Driver/Src/stm32h7xx_hal_i2c_ex.o
                0x08007b2a                HAL_I2CEx_ConfigDigitalFilter
 *fill*         0x08007bc2        0x2 
 .text.HAL_PWREx_ConfigSupply
                0x08007bc4       0x74 ./Drivers/STM32H7xx_HAL_Driver/Src/stm32h7xx_hal_pwr_ex.o
                0x08007bc4                HAL_PWREx_ConfigSupply
 .text.HAL_RCC_OscConfig
                0x08007c38      0x8b8 ./Drivers/STM32H7xx_HAL_Driver/Src/stm32h7xx_hal_rcc.o
                0x08007c38                HAL_RCC_OscConfig
 .text.HAL_RCC_ClockConfig
                0x080084f0      0x36c ./Drivers/STM32H7xx_HAL_Driver/Src/stm32h7xx_hal_rcc.o
                0x080084f0                HAL_RCC_ClockConfig
 .text.HAL_RCC_GetSysClockFreq
                0x0800885c      0x2f4 ./Drivers/STM32H7xx_HAL_Driver/Src/stm32h7xx_hal_rcc.o
                0x0800885c                HAL_RCC_GetSysClockFreq
 .text.HAL_RCC_GetHCLKFreq
                0x08008b50       0x60 ./Drivers/STM32H7xx_HAL_Driver/Src/stm32h7xx_hal_rcc.o
                0x08008b50                HAL_RCC_GetHCLKFreq
 .text.HAL_RCC_GetPCLK1Freq
                0x08008bb0       0x2c ./Drivers/STM32H7xx_HAL_Driver/Src/stm32h7xx_hal_rcc.o
                0x08008bb0                HAL_RCC_GetPCLK1Freq
 .text.HAL_RCC_GetPCLK2Freq
                0x08008bdc       0x2c ./Drivers/STM32H7xx_HAL_Driver/Src/stm32h7xx_hal_rcc.o
                0x08008bdc                HAL_RCC_GetPCLK2Freq
 .text.HAL_RCCEx_PeriphCLKConfig
                0x08008c08     0x1414 ./Drivers/STM32H7xx_HAL_Driver/Src/stm32h7xx_hal_rcc_ex.o
                0x08008c08                HAL_RCCEx_PeriphCLKConfig
 .text.HAL_RCCEx_GetPeriphCLKFreq
                0x0800a01c      0xb00 ./Drivers/STM32H7xx_HAL_Driver/Src/stm32h7xx_hal_rcc_ex.o
                0x0800a01c                HAL_RCCEx_GetPeriphCLKFreq
 .text.HAL_RCCEx_GetD3PCLK1Freq
                0x0800ab1c       0x2c ./Drivers/STM32H7xx_HAL_Driver/Src/stm32h7xx_hal_rcc_ex.o
                0x0800ab1c                HAL_RCCEx_GetD3PCLK1Freq
 .text.HAL_RCCEx_GetPLL2ClockFreq
                0x0800ab48      0x2a8 ./Drivers/STM32H7xx_HAL_Driver/Src/stm32h7xx_hal_rcc_ex.o
                0x0800ab48                HAL_RCCEx_GetPLL2ClockFreq
 .text.HAL_RCCEx_GetPLL3ClockFreq
                0x0800adf0      0x2a8 ./Drivers/STM32H7xx_HAL_Driver/Src/stm32h7xx_hal_rcc_ex.o
                0x0800adf0                HAL_RCCEx_GetPLL3ClockFreq
 .text.HAL_RCCEx_GetPLL1ClockFreq
                0x0800b098      0x2a4 ./Drivers/STM32H7xx_HAL_Driver/Src/stm32h7xx_hal_rcc_ex.o
                0x0800b098                HAL_RCCEx_GetPLL1ClockFreq
 .text.RCCEx_PLL2_Config
                0x0800b33c      0x164 ./Drivers/STM32H7xx_HAL_Driver/Src/stm32h7xx_hal_rcc_ex.o
 .text.RCCEx_PLL3_Config
                0x0800b4a0      0x164 ./Drivers/STM32H7xx_HAL_Driver/Src/stm32h7xx_hal_rcc_ex.o
 .text.HAL_TIM_Base_Init
                0x0800b604       0xae ./Drivers/STM32H7xx_HAL_Driver/Src/stm32h7xx_hal_tim.o
                0x0800b604                HAL_TIM_Base_Init
 *fill*         0x0800b6b2        0x2 
 .text.HAL_TIM_Base_Start
                0x0800b6b4       0xe0 ./Drivers/STM32H7xx_HAL_Driver/Src/stm32h7xx_hal_tim.o
                0x0800b6b4                HAL_TIM_Base_Start
 .text.HAL_TIM_Base_Stop
                0x0800b794       0x4e ./Drivers/STM32H7xx_HAL_Driver/Src/stm32h7xx_hal_tim.o
                0x0800b794                HAL_TIM_Base_Stop
 *fill*         0x0800b7e2        0x2 
 .text.HAL_TIM_ConfigClockSource
                0x0800b7e4      0x1f0 ./Drivers/STM32H7xx_HAL_Driver/Src/stm32h7xx_hal_tim.o
                0x0800b7e4                HAL_TIM_ConfigClockSource
 .text.TIM_Base_SetConfig
                0x0800b9d4      0x134 ./Drivers/STM32H7xx_HAL_Driver/Src/stm32h7xx_hal_tim.o
                0x0800b9d4                TIM_Base_SetConfig
 .text.TIM_TI1_ConfigInputStage
                0x0800bb08       0x5e ./Drivers/STM32H7xx_HAL_Driver/Src/stm32h7xx_hal_tim.o
 .text.TIM_TI2_ConfigInputStage
                0x0800bb66       0x60 ./Drivers/STM32H7xx_HAL_Driver/Src/stm32h7xx_hal_tim.o
 *fill*         0x0800bbc6        0x2 
 .text.TIM_ITRx_SetConfig
                0x0800bbc8       0x3c ./Drivers/STM32H7xx_HAL_Driver/Src/stm32h7xx_hal_tim.o
 .text.TIM_ETR_SetConfig
                0x0800bc04       0x40 ./Drivers/STM32H7xx_HAL_Driver/Src/stm32h7xx_hal_tim.o
                0x0800bc04                TIM_ETR_SetConfig
 .text.HAL_TIMEx_MasterConfigSynchronization
                0x0800bc44      0x11c ./Drivers/STM32H7xx_HAL_Driver/Src/stm32h7xx_hal_tim_ex.o
                0x0800bc44                HAL_TIMEx_MasterConfigSynchronization
 .text.HAL_UART_Init
                0x0800bd60       0xa0 ./Drivers/STM32H7xx_HAL_Driver/Src/stm32h7xx_hal_uart.o
                0x0800bd60                HAL_UART_Init
 .text.HAL_UART_Transmit
                0x0800be00      0x11c ./Drivers/STM32H7xx_HAL_Driver/Src/stm32h7xx_hal_uart.o
                0x0800be00                HAL_UART_Transmit
 .text.UART_SetConfig
                0x0800bf1c      0xad0 ./Drivers/STM32H7xx_HAL_Driver/Src/stm32h7xx_hal_uart.o
                0x0800bf1c                UART_SetConfig
 .text.UART_AdvFeatureConfig
                0x0800c9ec      0x144 ./Drivers/STM32H7xx_HAL_Driver/Src/stm32h7xx_hal_uart.o
                0x0800c9ec                UART_AdvFeatureConfig
 .text.UART_CheckIdleState
                0x0800cb30      0x154 ./Drivers/STM32H7xx_HAL_Driver/Src/stm32h7xx_hal_uart.o
                0x0800cb30                UART_CheckIdleState
 .text.UART_WaitOnFlagUntilTimeout
                0x0800cc84       0xce ./Drivers/STM32H7xx_HAL_Driver/Src/stm32h7xx_hal_uart.o
                0x0800cc84                UART_WaitOnFlagUntilTimeout
 *fill*         0x0800cd52        0x2 
 .text.UART_EndRxTransfer
                0x0800cd54       0xcc ./Drivers/STM32H7xx_HAL_Driver/Src/stm32h7xx_hal_uart.o
 .text.HAL_UARTEx_DisableFifoMode
                0x0800ce20       0x72 ./Drivers/STM32H7xx_HAL_Driver/Src/stm32h7xx_hal_uart_ex.o
                0x0800ce20                HAL_UARTEx_DisableFifoMode
 .text.HAL_UARTEx_SetTxFifoThreshold
                0x0800ce92       0x7c ./Drivers/STM32H7xx_HAL_Driver/Src/stm32h7xx_hal_uart_ex.o
                0x0800ce92                HAL_UARTEx_SetTxFifoThreshold
 .text.HAL_UARTEx_SetRxFifoThreshold
                0x0800cf0e       0x7c ./Drivers/STM32H7xx_HAL_Driver/Src/stm32h7xx_hal_uart_ex.o
                0x0800cf0e                HAL_UARTEx_SetRxFifoThreshold
 *fill*         0x0800cf8a        0x2 
 .text.UARTEx_SetNbDataToProcess
                0x0800cf8c       0x9c ./Drivers/STM32H7xx_HAL_Driver/Src/stm32h7xx_hal_uart_ex.o
 .text.std      0x0800d028       0x6c /home/dashygo/Elec/makeself_dir_Nwh1xn/CubeIDE/plugins/com.st.stm32cube.ide.mcu.externaltools.gnu-tools-for-stm32.12.3.rel1.linux64_1.0.100.202403111256/tools/bin/../lib/gcc/arm-none-eabi/12.3.1/../../../../arm-none-eabi/lib/thumb/v7e-m+dp/hard/libc.a(libc_a-findfp.o)
 .text.stdio_exit_handler
                0x0800d094       0x18 /home/dashygo/Elec/makeself_dir_Nwh1xn/CubeIDE/plugins/com.st.stm32cube.ide.mcu.externaltools.gnu-tools-for-stm32.12.3.rel1.linux64_1.0.100.202403111256/tools/bin/../lib/gcc/arm-none-eabi/12.3.1/../../../../arm-none-eabi/lib/thumb/v7e-m+dp/hard/libc.a(libc_a-findfp.o)
 .text.cleanup_stdio
                0x0800d0ac       0x40 /home/dashygo/Elec/makeself_dir_Nwh1xn/CubeIDE/plugins/com.st.stm32cube.ide.mcu.externaltools.gnu-tools-for-stm32.12.3.rel1.linux64_1.0.100.202403111256/tools/bin/../lib/gcc/arm-none-eabi/12.3.1/../../../../arm-none-eabi/lib/thumb/v7e-m+dp/hard/libc.a(libc_a-findfp.o)
 .text.global_stdio_init.part.0
                0x0800d0ec       0x3c /home/dashygo/Elec/makeself_dir_Nwh1xn/CubeIDE/plugins/com.st.stm32cube.ide.mcu.externaltools.gnu-tools-for-stm32.12.3.rel1.linux64_1.0.100.202403111256/tools/bin/../lib/gcc/arm-none-eabi/12.3.1/../../../../arm-none-eabi/lib/thumb/v7e-m+dp/hard/libc.a(libc_a-findfp.o)
 .text.__sfp_lock_acquire
                0x0800d128        0xc /home/dashygo/Elec/makeself_dir_Nwh1xn/CubeIDE/plugins/com.st.stm32cube.ide.mcu.externaltools.gnu-tools-for-stm32.12.3.rel1.linux64_1.0.100.202403111256/tools/bin/../lib/gcc/arm-none-eabi/12.3.1/../../../../arm-none-eabi/lib/thumb/v7e-m+dp/hard/libc.a(libc_a-findfp.o)
                0x0800d128                __sfp_lock_acquire
 .text.__sfp_lock_release
                0x0800d134        0xc /home/dashygo/Elec/makeself_dir_Nwh1xn/CubeIDE/plugins/com.st.stm32cube.ide.mcu.externaltools.gnu-tools-for-stm32.12.3.rel1.linux64_1.0.100.202403111256/tools/bin/../lib/gcc/arm-none-eabi/12.3.1/../../../../arm-none-eabi/lib/thumb/v7e-m+dp/hard/libc.a(libc_a-findfp.o)
                0x0800d134                __sfp_lock_release
 .text.__sinit  0x0800d140       0x30 /home/dashygo/Elec/makeself_dir_Nwh1xn/CubeIDE/plugins/com.st.stm32cube.ide.mcu.externaltools.gnu-tools-for-stm32.12.3.rel1.linux64_1.0.100.202403111256/tools/bin/../lib/gcc/arm-none-eabi/12.3.1/../../../../arm-none-eabi/lib/thumb/v7e-m+dp/hard/libc.a(libc_a-findfp.o)
                0x0800d140                __sinit
 .text._fwalk_sglue
                0x0800d170       0x3c /home/dashygo/Elec/makeself_dir_Nwh1xn/CubeIDE/plugins/com.st.stm32cube.ide.mcu.externaltools.gnu-tools-for-stm32.12.3.rel1.linux64_1.0.100.202403111256/tools/bin/../lib/gcc/arm-none-eabi/12.3.1/../../../../arm-none-eabi/lib/thumb/v7e-m+dp/hard/libc.a(libc_a-fwalk.o)
                0x0800d170                _fwalk_sglue
 .text.sprintf  0x0800d1ac       0x40 /home/dashygo/Elec/makeself_dir_Nwh1xn/CubeIDE/plugins/com.st.stm32cube.ide.mcu.externaltools.gnu-tools-for-stm32.12.3.rel1.linux64_1.0.100.202403111256/tools/bin/../lib/gcc/arm-none-eabi/12.3.1/../../../../arm-none-eabi/lib/thumb/v7e-m+dp/hard/libc.a(libc_a-sprintf.o)
                0x0800d1ac                sprintf
 .text.__sread  0x0800d1ec       0x22 /home/dashygo/Elec/makeself_dir_Nwh1xn/CubeIDE/plugins/com.st.stm32cube.ide.mcu.externaltools.gnu-tools-for-stm32.12.3.rel1.linux64_1.0.100.202403111256/tools/bin/../lib/gcc/arm-none-eabi/12.3.1/../../../../arm-none-eabi/lib/thumb/v7e-m+dp/hard/libc.a(libc_a-stdio.o)
                0x0800d1ec                __sread
 .text.__swrite
                0x0800d20e       0x38 /home/dashygo/Elec/makeself_dir_Nwh1xn/CubeIDE/plugins/com.st.stm32cube.ide.mcu.externaltools.gnu-tools-for-stm32.12.3.rel1.linux64_1.0.100.202403111256/tools/bin/../lib/gcc/arm-none-eabi/12.3.1/../../../../arm-none-eabi/lib/thumb/v7e-m+dp/hard/libc.a(libc_a-stdio.o)
                0x0800d20e                __swrite
 .text.__sseek  0x0800d246       0x24 /home/dashygo/Elec/makeself_dir_Nwh1xn/CubeIDE/plugins/com.st.stm32cube.ide.mcu.externaltools.gnu-tools-for-stm32.12.3.rel1.linux64_1.0.100.202403111256/tools/bin/../lib/gcc/arm-none-eabi/12.3.1/../../../../arm-none-eabi/lib/thumb/v7e-m+dp/hard/libc.a(libc_a-stdio.o)
                0x0800d246                __sseek
 .text.__sclose
                0x0800d26a        0x8 /home/dashygo/Elec/makeself_dir_Nwh1xn/CubeIDE/plugins/com.st.stm32cube.ide.mcu.externaltools.gnu-tools-for-stm32.12.3.rel1.linux64_1.0.100.202403111256/tools/bin/../lib/gcc/arm-none-eabi/12.3.1/../../../../arm-none-eabi/lib/thumb/v7e-m+dp/hard/libc.a(libc_a-stdio.o)
                0x0800d26a                __sclose
 .text.memset   0x0800d272       0x10 /home/dashygo/Elec/makeself_dir_Nwh1xn/CubeIDE/plugins/com.st.stm32cube.ide.mcu.externaltools.gnu-tools-for-stm32.12.3.rel1.linux64_1.0.100.202403111256/tools/bin/../lib/gcc/arm-none-eabi/12.3.1/../../../../arm-none-eabi/lib/thumb/v7e-m+dp/hard/libc.a(libc_a-memset.o)
                0x0800d272                memset
 *fill*         0x0800d282        0x2 
 .text._close_r
                0x0800d284       0x20 /home/dashygo/Elec/makeself_dir_Nwh1xn/CubeIDE/plugins/com.st.stm32cube.ide.mcu.externaltools.gnu-tools-for-stm32.12.3.rel1.linux64_1.0.100.202403111256/tools/bin/../lib/gcc/arm-none-eabi/12.3.1/../../../../arm-none-eabi/lib/thumb/v7e-m+dp/hard/libc.a(libc_a-closer.o)
                0x0800d284                _close_r
 .text._lseek_r
                0x0800d2a4       0x24 /home/dashygo/Elec/makeself_dir_Nwh1xn/CubeIDE/plugins/com.st.stm32cube.ide.mcu.externaltools.gnu-tools-for-stm32.12.3.rel1.linux64_1.0.100.202403111256/tools/bin/../lib/gcc/arm-none-eabi/12.3.1/../../../../arm-none-eabi/lib/thumb/v7e-m+dp/hard/libc.a(libc_a-lseekr.o)
                0x0800d2a4                _lseek_r
 .text._read_r  0x0800d2c8       0x24 /home/dashygo/Elec/makeself_dir_Nwh1xn/CubeIDE/plugins/com.st.stm32cube.ide.mcu.externaltools.gnu-tools-for-stm32.12.3.rel1.linux64_1.0.100.202403111256/tools/bin/../lib/gcc/arm-none-eabi/12.3.1/../../../../arm-none-eabi/lib/thumb/v7e-m+dp/hard/libc.a(libc_a-readr.o)
                0x0800d2c8                _read_r
 .text._write_r
                0x0800d2ec       0x24 /home/dashygo/Elec/makeself_dir_Nwh1xn/CubeIDE/plugins/com.st.stm32cube.ide.mcu.externaltools.gnu-tools-for-stm32.12.3.rel1.linux64_1.0.100.202403111256/tools/bin/../lib/gcc/arm-none-eabi/12.3.1/../../../../arm-none-eabi/lib/thumb/v7e-m+dp/hard/libc.a(libc_a-writer.o)
                0x0800d2ec                _write_r
 .text.__errno  0x0800d310        0xc /home/dashygo/Elec/makeself_dir_Nwh1xn/CubeIDE/plugins/com.st.stm32cube.ide.mcu.externaltools.gnu-tools-for-stm32.12.3.rel1.linux64_1.0.100.202403111256/tools/bin/../lib/gcc/arm-none-eabi/12.3.1/../../../../arm-none-eabi/lib/thumb/v7e-m+dp/hard/libc.a(libc_a-errno.o)
                0x0800d310                __errno
 .text.__libc_init_array
                0x0800d31c       0x48 /home/dashygo/Elec/makeself_dir_Nwh1xn/CubeIDE/plugins/com.st.stm32cube.ide.mcu.externaltools.gnu-tools-for-stm32.12.3.rel1.linux64_1.0.100.202403111256/tools/bin/../lib/gcc/arm-none-eabi/12.3.1/../../../../arm-none-eabi/lib/thumb/v7e-m+dp/hard/libc.a(libc_a-init.o)
                0x0800d31c                __libc_init_array
 .text.__retarget_lock_init_recursive
                0x0800d364        0x2 /home/dashygo/Elec/makeself_dir_Nwh1xn/CubeIDE/plugins/com.st.stm32cube.ide.mcu.externaltools.gnu-tools-for-stm32.12.3.rel1.linux64_1.0.100.202403111256/tools/bin/../lib/gcc/arm-none-eabi/12.3.1/../../../../arm-none-eabi/lib/thumb/v7e-m+dp/hard/libc.a(libc_a-lock.o)
                0x0800d364                __retarget_lock_init_recursive
 .text.__retarget_lock_close_recursive
                0x0800d366        0x2 /home/dashygo/Elec/makeself_dir_Nwh1xn/CubeIDE/plugins/com.st.stm32cube.ide.mcu.externaltools.gnu-tools-for-stm32.12.3.rel1.linux64_1.0.100.202403111256/tools/bin/../lib/gcc/arm-none-eabi/12.3.1/../../../../arm-none-eabi/lib/thumb/v7e-m+dp/hard/libc.a(libc_a-lock.o)
                0x0800d366                __retarget_lock_close_recursive
 .text.__retarget_lock_acquire_recursive
                0x0800d368        0x2 /home/dashygo/Elec/makeself_dir_Nwh1xn/CubeIDE/plugins/com.st.stm32cube.ide.mcu.externaltools.gnu-tools-for-stm32.12.3.rel1.linux64_1.0.100.202403111256/tools/bin/../lib/gcc/arm-none-eabi/12.3.1/../../../../arm-none-eabi/lib/thumb/v7e-m+dp/hard/libc.a(libc_a-lock.o)
                0x0800d368                __retarget_lock_acquire_recursive
 .text.__retarget_lock_release_recursive
                0x0800d36a        0x2 /home/dashygo/Elec/makeself_dir_Nwh1xn/CubeIDE/plugins/com.st.stm32cube.ide.mcu.externaltools.gnu-tools-for-stm32.12.3.rel1.linux64_1.0.100.202403111256/tools/bin/../lib/gcc/arm-none-eabi/12.3.1/../../../../arm-none-eabi/lib/thumb/v7e-m+dp/hard/libc.a(libc_a-lock.o)
                0x0800d36a                __retarget_lock_release_recursive
 .text.memcpy   0x0800d36c       0x1c /home/dashygo/Elec/makeself_dir_Nwh1xn/CubeIDE/plugins/com.st.stm32cube.ide.mcu.externaltools.gnu-tools-for-stm32.12.3.rel1.linux64_1.0.100.202403111256/tools/bin/../lib/gcc/arm-none-eabi/12.3.1/../../../../arm-none-eabi/lib/thumb/v7e-m+dp/hard/libc.a(libc_a-memcpy-stub.o)
                0x0800d36c                memcpy
 .text.startup.register_fini
                0x0800d388       0x14 /home/dashygo/Elec/makeself_dir_Nwh1xn/CubeIDE/plugins/com.st.stm32cube.ide.mcu.externaltools.gnu-tools-for-stm32.12.3.rel1.linux64_1.0.100.202403111256/tools/bin/../lib/gcc/arm-none-eabi/12.3.1/../../../../arm-none-eabi/lib/thumb/v7e-m+dp/hard/libc.a(libc_a-__call_atexit.o)
 .text.atexit   0x0800d39c        0xc /home/dashygo/Elec/makeself_dir_Nwh1xn/CubeIDE/plugins/com.st.stm32cube.ide.mcu.externaltools.gnu-tools-for-stm32.12.3.rel1.linux64_1.0.100.202403111256/tools/bin/../lib/gcc/arm-none-eabi/12.3.1/../../../../arm-none-eabi/lib/thumb/v7e-m+dp/hard/libc.a(libc_a-atexit.o)
                0x0800d39c                atexit
 .text._malloc_trim_r
                0x0800d3a8       0xac /home/dashygo/Elec/makeself_dir_Nwh1xn/CubeIDE/plugins/com.st.stm32cube.ide.mcu.externaltools.gnu-tools-for-stm32.12.3.rel1.linux64_1.0.100.202403111256/tools/bin/../lib/gcc/arm-none-eabi/12.3.1/../../../../arm-none-eabi/lib/thumb/v7e-m+dp/hard/libc.a(libc_a-freer.o)
                0x0800d3a8                _malloc_trim_r
 .text._free_r  0x0800d454      0x180 /home/dashygo/Elec/makeself_dir_Nwh1xn/CubeIDE/plugins/com.st.stm32cube.ide.mcu.externaltools.gnu-tools-for-stm32.12.3.rel1.linux64_1.0.100.202403111256/tools/bin/../lib/gcc/arm-none-eabi/12.3.1/../../../../arm-none-eabi/lib/thumb/v7e-m+dp/hard/libc.a(libc_a-freer.o)
                0x0800d454                _free_r
 .text._malloc_r
                0x0800d5d4      0x474 /home/dashygo/Elec/makeself_dir_Nwh1xn/CubeIDE/plugins/com.st.stm32cube.ide.mcu.externaltools.gnu-tools-for-stm32.12.3.rel1.linux64_1.0.100.202403111256/tools/bin/../lib/gcc/arm-none-eabi/12.3.1/../../../../arm-none-eabi/lib/thumb/v7e-m+dp/hard/libc.a(libc_a-mallocr.o)
                0x0800d5d4                _malloc_r
 .text.__malloc_lock
                0x0800da48        0xc /home/dashygo/Elec/makeself_dir_Nwh1xn/CubeIDE/plugins/com.st.stm32cube.ide.mcu.externaltools.gnu-tools-for-stm32.12.3.rel1.linux64_1.0.100.202403111256/tools/bin/../lib/gcc/arm-none-eabi/12.3.1/../../../../arm-none-eabi/lib/thumb/v7e-m+dp/hard/libc.a(libc_a-mlock.o)
                0x0800da48                __malloc_lock
 .text.__malloc_unlock
                0x0800da54        0xc /home/dashygo/Elec/makeself_dir_Nwh1xn/CubeIDE/plugins/com.st.stm32cube.ide.mcu.externaltools.gnu-tools-for-stm32.12.3.rel1.linux64_1.0.100.202403111256/tools/bin/../lib/gcc/arm-none-eabi/12.3.1/../../../../arm-none-eabi/lib/thumb/v7e-m+dp/hard/libc.a(libc_a-mlock.o)
                0x0800da54                __malloc_unlock
 .text._svfprintf_r
                0x0800da60     0x1308 /home/dashygo/Elec/makeself_dir_Nwh1xn/CubeIDE/plugins/com.st.stm32cube.ide.mcu.externaltools.gnu-tools-for-stm32.12.3.rel1.linux64_1.0.100.202403111256/tools/bin/../lib/gcc/arm-none-eabi/12.3.1/../../../../arm-none-eabi/lib/thumb/v7e-m+dp/hard/libc.a(libc_a-svfprintf.o)
                0x0800da60                _svfprintf_r
 .text._fclose_r
                0x0800ed68       0xaa /home/dashygo/Elec/makeself_dir_Nwh1xn/CubeIDE/plugins/com.st.stm32cube.ide.mcu.externaltools.gnu-tools-for-stm32.12.3.rel1.linux64_1.0.100.202403111256/tools/bin/../lib/gcc/arm-none-eabi/12.3.1/../../../../arm-none-eabi/lib/thumb/v7e-m+dp/hard/libc.a(libc_a-fclose.o)
                0x0800ed68                _fclose_r
 *fill*         0x0800ee12        0x2 
 .text.__sflush_r
                0x0800ee14      0x110 /home/dashygo/Elec/makeself_dir_Nwh1xn/CubeIDE/plugins/com.st.stm32cube.ide.mcu.externaltools.gnu-tools-for-stm32.12.3.rel1.linux64_1.0.100.202403111256/tools/bin/../lib/gcc/arm-none-eabi/12.3.1/../../../../arm-none-eabi/lib/thumb/v7e-m+dp/hard/libc.a(libc_a-fflush.o)
                0x0800ee14                __sflush_r
 .text._fflush_r
                0x0800ef24       0x4a /home/dashygo/Elec/makeself_dir_Nwh1xn/CubeIDE/plugins/com.st.stm32cube.ide.mcu.externaltools.gnu-tools-for-stm32.12.3.rel1.linux64_1.0.100.202403111256/tools/bin/../lib/gcc/arm-none-eabi/12.3.1/../../../../arm-none-eabi/lib/thumb/v7e-m+dp/hard/libc.a(libc_a-fflush.o)
                0x0800ef24                _fflush_r
 .text.strncpy  0x0800ef6e       0x26 /home/dashygo/Elec/makeself_dir_Nwh1xn/CubeIDE/plugins/com.st.stm32cube.ide.mcu.externaltools.gnu-tools-for-stm32.12.3.rel1.linux64_1.0.100.202403111256/tools/bin/../lib/gcc/arm-none-eabi/12.3.1/../../../../arm-none-eabi/lib/thumb/v7e-m+dp/hard/libc.a(libc_a-strncpy.o)
                0x0800ef6e                strncpy
 .text._localeconv_r
                0x0800ef94        0x8 /home/dashygo/Elec/makeself_dir_Nwh1xn/CubeIDE/plugins/com.st.stm32cube.ide.mcu.externaltools.gnu-tools-for-stm32.12.3.rel1.linux64_1.0.100.202403111256/tools/bin/../lib/gcc/arm-none-eabi/12.3.1/../../../../arm-none-eabi/lib/thumb/v7e-m+dp/hard/libc.a(libc_a-localeconv.o)
                0x0800ef94                _localeconv_r
 .text._sbrk_r  0x0800ef9c       0x20 /home/dashygo/Elec/makeself_dir_Nwh1xn/CubeIDE/plugins/com.st.stm32cube.ide.mcu.externaltools.gnu-tools-for-stm32.12.3.rel1.linux64_1.0.100.202403111256/tools/bin/../lib/gcc/arm-none-eabi/12.3.1/../../../../arm-none-eabi/lib/thumb/v7e-m+dp/hard/libc.a(libc_a-sbrkr.o)
                0x0800ef9c                _sbrk_r
 .text.__libc_fini_array
                0x0800efbc       0x28 /home/dashygo/Elec/makeself_dir_Nwh1xn/CubeIDE/plugins/com.st.stm32cube.ide.mcu.externaltools.gnu-tools-for-stm32.12.3.rel1.linux64_1.0.100.202403111256/tools/bin/../lib/gcc/arm-none-eabi/12.3.1/../../../../arm-none-eabi/lib/thumb/v7e-m+dp/hard/libc.a(libc_a-fini.o)
                0x0800efbc                __libc_fini_array
 .text.sysconf  0x0800efe4       0x18 /home/dashygo/Elec/makeself_dir_Nwh1xn/CubeIDE/plugins/com.st.stm32cube.ide.mcu.externaltools.gnu-tools-for-stm32.12.3.rel1.linux64_1.0.100.202403111256/tools/bin/../lib/gcc/arm-none-eabi/12.3.1/../../../../arm-none-eabi/lib/thumb/v7e-m+dp/hard/libc.a(libc_a-sysconf.o)
                0x0800efe4                sysconf
 *fill*         0x0800effc        0x4 
 .text.frexp    0x0800f000       0x70 /home/dashygo/Elec/makeself_dir_Nwh1xn/CubeIDE/plugins/com.st.stm32cube.ide.mcu.externaltools.gnu-tools-for-stm32.12.3.rel1.linux64_1.0.100.202403111256/tools/bin/../lib/gcc/arm-none-eabi/12.3.1/../../../../arm-none-eabi/lib/thumb/v7e-m+dp/hard/libc.a(libm_a-s_frexp.o)
                0x0800f000                frexp
 .text.__register_exitproc
                0x0800f070       0x80 /home/dashygo/Elec/makeself_dir_Nwh1xn/CubeIDE/plugins/com.st.stm32cube.ide.mcu.externaltools.gnu-tools-for-stm32.12.3.rel1.linux64_1.0.100.202403111256/tools/bin/../lib/gcc/arm-none-eabi/12.3.1/../../../../arm-none-eabi/lib/thumb/v7e-m+dp/hard/libc.a(libc_a-__atexit.o)
                0x0800f070                __register_exitproc
 .text.quorem   0x0800f0f0      0x110 /home/dashygo/Elec/makeself_dir_Nwh1xn/CubeIDE/plugins/com.st.stm32cube.ide.mcu.externaltools.gnu-tools-for-stm32.12.3.rel1.linux64_1.0.100.202403111256/tools/bin/../lib/gcc/arm-none-eabi/12.3.1/../../../../arm-none-eabi/lib/thumb/v7e-m+dp/hard/libc.a(libc_a-dtoa.o)
 .text._dtoa_r  0x0800f200      0xa7c /home/dashygo/Elec/makeself_dir_Nwh1xn/CubeIDE/plugins/com.st.stm32cube.ide.mcu.externaltools.gnu-tools-for-stm32.12.3.rel1.linux64_1.0.100.202403111256/tools/bin/../lib/gcc/arm-none-eabi/12.3.1/../../../../arm-none-eabi/lib/thumb/v7e-m+dp/hard/libc.a(libc_a-dtoa.o)
                0x0800f200                _dtoa_r
 .text._Balloc  0x0800fc7c       0x4a /home/dashygo/Elec/makeself_dir_Nwh1xn/CubeIDE/plugins/com.st.stm32cube.ide.mcu.externaltools.gnu-tools-for-stm32.12.3.rel1.linux64_1.0.100.202403111256/tools/bin/../lib/gcc/arm-none-eabi/12.3.1/../../../../arm-none-eabi/lib/thumb/v7e-m+dp/hard/libc.a(libc_a-mprec.o)
                0x0800fc7c                _Balloc
 .text._Bfree   0x0800fcc6       0x12 /home/dashygo/Elec/makeself_dir_Nwh1xn/CubeIDE/plugins/com.st.stm32cube.ide.mcu.externaltools.gnu-tools-for-stm32.12.3.rel1.linux64_1.0.100.202403111256/tools/bin/../lib/gcc/arm-none-eabi/12.3.1/../../../../arm-none-eabi/lib/thumb/v7e-m+dp/hard/libc.a(libc_a-mprec.o)
                0x0800fcc6                _Bfree
 .text.__multadd
                0x0800fcd8       0x8c /home/dashygo/Elec/makeself_dir_Nwh1xn/CubeIDE/plugins/com.st.stm32cube.ide.mcu.externaltools.gnu-tools-for-stm32.12.3.rel1.linux64_1.0.100.202403111256/tools/bin/../lib/gcc/arm-none-eabi/12.3.1/../../../../arm-none-eabi/lib/thumb/v7e-m+dp/hard/libc.a(libc_a-mprec.o)
                0x0800fcd8                __multadd
 .text.__hi0bits
                0x0800fd64       0x3e /home/dashygo/Elec/makeself_dir_Nwh1xn/CubeIDE/plugins/com.st.stm32cube.ide.mcu.externaltools.gnu-tools-for-stm32.12.3.rel1.linux64_1.0.100.202403111256/tools/bin/../lib/gcc/arm-none-eabi/12.3.1/../../../../arm-none-eabi/lib/thumb/v7e-m+dp/hard/libc.a(libc_a-mprec.o)
                0x0800fd64                __hi0bits
 .text.__lo0bits
                0x0800fda2       0x5a /home/dashygo/Elec/makeself_dir_Nwh1xn/CubeIDE/plugins/com.st.stm32cube.ide.mcu.externaltools.gnu-tools-for-stm32.12.3.rel1.linux64_1.0.100.202403111256/tools/bin/../lib/gcc/arm-none-eabi/12.3.1/../../../../arm-none-eabi/lib/thumb/v7e-m+dp/hard/libc.a(libc_a-mprec.o)
                0x0800fda2                __lo0bits
 .text.__i2b    0x0800fdfc       0x2c /home/dashygo/Elec/makeself_dir_Nwh1xn/CubeIDE/plugins/com.st.stm32cube.ide.mcu.externaltools.gnu-tools-for-stm32.12.3.rel1.linux64_1.0.100.202403111256/tools/bin/../lib/gcc/arm-none-eabi/12.3.1/../../../../arm-none-eabi/lib/thumb/v7e-m+dp/hard/libc.a(libc_a-mprec.o)
                0x0800fdfc                __i2b
 .text.__multiply
                0x0800fe28      0x154 /home/dashygo/Elec/makeself_dir_Nwh1xn/CubeIDE/plugins/com.st.stm32cube.ide.mcu.externaltools.gnu-tools-for-stm32.12.3.rel1.linux64_1.0.100.202403111256/tools/bin/../lib/gcc/arm-none-eabi/12.3.1/../../../../arm-none-eabi/lib/thumb/v7e-m+dp/hard/libc.a(libc_a-mprec.o)
                0x0800fe28                __multiply
 .text.__pow5mult
                0x0800ff7c       0x80 /home/dashygo/Elec/makeself_dir_Nwh1xn/CubeIDE/plugins/com.st.stm32cube.ide.mcu.externaltools.gnu-tools-for-stm32.12.3.rel1.linux64_1.0.100.202403111256/tools/bin/../lib/gcc/arm-none-eabi/12.3.1/../../../../arm-none-eabi/lib/thumb/v7e-m+dp/hard/libc.a(libc_a-mprec.o)
                0x0800ff7c                __pow5mult
 .text.__lshift
                0x0800fffc       0xd8 /home/dashygo/Elec/makeself_dir_Nwh1xn/CubeIDE/plugins/com.st.stm32cube.ide.mcu.externaltools.gnu-tools-for-stm32.12.3.rel1.linux64_1.0.100.202403111256/tools/bin/../lib/gcc/arm-none-eabi/12.3.1/../../../../arm-none-eabi/lib/thumb/v7e-m+dp/hard/libc.a(libc_a-mprec.o)
                0x0800fffc                __lshift
 .text.__mcmp   0x080100d4       0x36 /home/dashygo/Elec/makeself_dir_Nwh1xn/CubeIDE/plugins/com.st.stm32cube.ide.mcu.externaltools.gnu-tools-for-stm32.12.3.rel1.linux64_1.0.100.202403111256/tools/bin/../lib/gcc/arm-none-eabi/12.3.1/../../../../arm-none-eabi/lib/thumb/v7e-m+dp/hard/libc.a(libc_a-mprec.o)
                0x080100d4                __mcmp
 *fill*         0x0801010a        0x2 
 .text.__mdiff  0x0801010c      0x128 /home/dashygo/Elec/makeself_dir_Nwh1xn/CubeIDE/plugins/com.st.stm32cube.ide.mcu.externaltools.gnu-tools-for-stm32.12.3.rel1.linux64_1.0.100.202403111256/tools/bin/../lib/gcc/arm-none-eabi/12.3.1/../../../../arm-none-eabi/lib/thumb/v7e-m+dp/hard/libc.a(libc_a-mprec.o)
                0x0801010c                __mdiff
 .text.__d2b    0x08010234       0xb0 /home/dashygo/Elec/makeself_dir_Nwh1xn/CubeIDE/plugins/com.st.stm32cube.ide.mcu.externaltools.gnu-tools-for-stm32.12.3.rel1.linux64_1.0.100.202403111256/tools/bin/../lib/gcc/arm-none-eabi/12.3.1/../../../../arm-none-eabi/lib/thumb/v7e-m+dp/hard/libc.a(libc_a-mprec.o)
                0x08010234                __d2b
 .text.__ssprint_r
                0x080102e4       0xfa /home/dashygo/Elec/makeself_dir_Nwh1xn/CubeIDE/plugins/com.st.stm32cube.ide.mcu.externaltools.gnu-tools-for-stm32.12.3.rel1.linux64_1.0.100.202403111256/tools/bin/../lib/gcc/arm-none-eabi/12.3.1/../../../../arm-none-eabi/lib/thumb/v7e-m+dp/hard/libc.a(libc_a-svfiprintf.o)
                0x080102e4                __ssprint_r
 .text.memmove  0x080103de       0x34 /home/dashygo/Elec/makeself_dir_Nwh1xn/CubeIDE/plugins/com.st.stm32cube.ide.mcu.externaltools.gnu-tools-for-stm32.12.3.rel1.linux64_1.0.100.202403111256/tools/bin/../lib/gcc/arm-none-eabi/12.3.1/../../../../arm-none-eabi/lib/thumb/v7e-m+dp/hard/libc.a(libc_a-memmove.o)
                0x080103de                memmove
 *fill*         0x08010412        0x2 
 .text.__locale_mb_cur_max
                0x08010414        0xc /home/dashygo/Elec/makeself_dir_Nwh1xn/CubeIDE/plugins/com.st.stm32cube.ide.mcu.externaltools.gnu-tools-for-stm32.12.3.rel1.linux64_1.0.100.202403111256/tools/bin/../lib/gcc/arm-none-eabi/12.3.1/../../../../arm-none-eabi/lib/thumb/v7e-m+dp/hard/libc.a(libc_a-locale.o)
                0x08010414                __locale_mb_cur_max
 .text.__assert_func
                0x08010420       0x3c /home/dashygo/Elec/makeself_dir_Nwh1xn/CubeIDE/plugins/com.st.stm32cube.ide.mcu.externaltools.gnu-tools-for-stm32.12.3.rel1.linux64_1.0.100.202403111256/tools/bin/../lib/gcc/arm-none-eabi/12.3.1/../../../../arm-none-eabi/lib/thumb/v7e-m+dp/hard/libc.a(libc_a-assert.o)
                0x08010420                __assert_func
 .text._calloc_r
                0x0801045c       0x6a /home/dashygo/Elec/makeself_dir_Nwh1xn/CubeIDE/plugins/com.st.stm32cube.ide.mcu.externaltools.gnu-tools-for-stm32.12.3.rel1.linux64_1.0.100.202403111256/tools/bin/../lib/gcc/arm-none-eabi/12.3.1/../../../../arm-none-eabi/lib/thumb/v7e-m+dp/hard/libc.a(libc_a-callocr.o)
                0x0801045c                _calloc_r
 .text.__ascii_mbtowc
                0x080104c6       0x24 /home/dashygo/Elec/makeself_dir_Nwh1xn/CubeIDE/plugins/com.st.stm32cube.ide.mcu.externaltools.gnu-tools-for-stm32.12.3.rel1.linux64_1.0.100.202403111256/tools/bin/../lib/gcc/arm-none-eabi/12.3.1/../../../../arm-none-eabi/lib/thumb/v7e-m+dp/hard/libc.a(libc_a-mbtowc_r.o)
                0x080104c6                __ascii_mbtowc
 *fill*         0x080104ea        0x2 
 .text._realloc_r
                0x080104ec      0x350 /home/dashygo/Elec/makeself_dir_Nwh1xn/CubeIDE/plugins/com.st.stm32cube.ide.mcu.externaltools.gnu-tools-for-stm32.12.3.rel1.linux64_1.0.100.202403111256/tools/bin/../lib/gcc/arm-none-eabi/12.3.1/../../../../arm-none-eabi/lib/thumb/v7e-m+dp/hard/libc.a(libc_a-reallocr.o)
                0x080104ec                _realloc_r
 .text.__ascii_wctomb
                0x0801083c       0x1a /home/dashygo/Elec/makeself_dir_Nwh1xn/CubeIDE/plugins/com.st.stm32cube.ide.mcu.externaltools.gnu-tools-for-stm32.12.3.rel1.linux64_1.0.100.202403111256/tools/bin/../lib/gcc/arm-none-eabi/12.3.1/../../../../arm-none-eabi/lib/thumb/v7e-m+dp/hard/libc.a(libc_a-wctomb_r.o)
                0x0801083c                __ascii_wctomb
 *fill*         0x08010856        0x2 
 .text.fiprintf
                0x08010858       0x24 /home/dashygo/Elec/makeself_dir_Nwh1xn/CubeIDE/plugins/com.st.stm32cube.ide.mcu.externaltools.gnu-tools-for-stm32.12.3.rel1.linux64_1.0.100.202403111256/tools/bin/../lib/gcc/arm-none-eabi/12.3.1/../../../../arm-none-eabi/lib/thumb/v7e-m+dp/hard/libc.a(libc_a-fiprintf.o)
                0x08010858                fiprintf
 .text.__sprint_r
                0x0801087c       0x64 /home/dashygo/Elec/makeself_dir_Nwh1xn/CubeIDE/plugins/com.st.stm32cube.ide.mcu.externaltools.gnu-tools-for-stm32.12.3.rel1.linux64_1.0.100.202403111256/tools/bin/../lib/gcc/arm-none-eabi/12.3.1/../../../../arm-none-eabi/lib/thumb/v7e-m+dp/hard/libc.a(libc_a-vfiprintf.o)
                0x0801087c                __sprint_r
 .text._vfiprintf_r
                0x080108e0      0x910 /home/dashygo/Elec/makeself_dir_Nwh1xn/CubeIDE/plugins/com.st.stm32cube.ide.mcu.externaltools.gnu-tools-for-stm32.12.3.rel1.linux64_1.0.100.202403111256/tools/bin/../lib/gcc/arm-none-eabi/12.3.1/../../../../arm-none-eabi/lib/thumb/v7e-m+dp/hard/libc.a(libc_a-vfiprintf.o)
                0x080108e0                _vfiprintf_r
 .text.__sbprintf
                0x080111f0       0x80 /home/dashygo/Elec/makeself_dir_Nwh1xn/CubeIDE/plugins/com.st.stm32cube.ide.mcu.externaltools.gnu-tools-for-stm32.12.3.rel1.linux64_1.0.100.202403111256/tools/bin/../lib/gcc/arm-none-eabi/12.3.1/../../../../arm-none-eabi/lib/thumb/v7e-m+dp/hard/libc.a(libc_a-vfiprintf.o)
 .text.__sfvwrite_r
                0x08011270      0x298 /home/dashygo/Elec/makeself_dir_Nwh1xn/CubeIDE/plugins/com.st.stm32cube.ide.mcu.externaltools.gnu-tools-for-stm32.12.3.rel1.linux64_1.0.100.202403111256/tools/bin/../lib/gcc/arm-none-eabi/12.3.1/../../../../arm-none-eabi/lib/thumb/v7e-m+dp/hard/libc.a(libc_a-fvwrite.o)
                0x08011270                __sfvwrite_r
 .text.__swsetup_r
                0x08011508       0xac /home/dashygo/Elec/makeself_dir_Nwh1xn/CubeIDE/plugins/com.st.stm32cube.ide.mcu.externaltools.gnu-tools-for-stm32.12.3.rel1.linux64_1.0.100.202403111256/tools/bin/../lib/gcc/arm-none-eabi/12.3.1/../../../../arm-none-eabi/lib/thumb/v7e-m+dp/hard/libc.a(libc_a-wsetup.o)
                0x08011508                __swsetup_r
 .text.__fputwc
                0x080115b4       0x82 /home/dashygo/Elec/makeself_dir_Nwh1xn/CubeIDE/plugins/com.st.stm32cube.ide.mcu.externaltools.gnu-tools-for-stm32.12.3.rel1.linux64_1.0.100.202403111256/tools/bin/../lib/gcc/arm-none-eabi/12.3.1/../../../../arm-none-eabi/lib/thumb/v7e-m+dp/hard/libc.a(libc_a-fputwc.o)
                0x080115b4                __fputwc
 .text._fputwc_r
                0x08011636       0x52 /home/dashygo/Elec/makeself_dir_Nwh1xn/CubeIDE/plugins/com.st.stm32cube.ide.mcu.externaltools.gnu-tools-for-stm32.12.3.rel1.linux64_1.0.100.202403111256/tools/bin/../lib/gcc/arm-none-eabi/12.3.1/../../../../arm-none-eabi/lib/thumb/v7e-m+dp/hard/libc.a(libc_a-fputwc.o)
                0x08011636                _fputwc_r
 .text.abort    0x08011688        0xe /home/dashygo/Elec/makeself_dir_Nwh1xn/CubeIDE/plugins/com.st.stm32cube.ide.mcu.externaltools.gnu-tools-for-stm32.12.3.rel1.linux64_1.0.100.202403111256/tools/bin/../lib/gcc/arm-none-eabi/12.3.1/../../../../arm-none-eabi/lib/thumb/v7e-m+dp/hard/libc.a(libc_a-abort.o)
                0x08011688                abort
 *fill*         0x08011696        0x2 
 .text._wcrtomb_r
                0x08011698       0x2c /home/dashygo/Elec/makeself_dir_Nwh1xn/CubeIDE/plugins/com.st.stm32cube.ide.mcu.externaltools.gnu-tools-for-stm32.12.3.rel1.linux64_1.0.100.202403111256/tools/bin/../lib/gcc/arm-none-eabi/12.3.1/../../../../arm-none-eabi/lib/thumb/v7e-m+dp/hard/libc.a(libc_a-wcrtomb.o)
                0x08011698                _wcrtomb_r
 .text.__swhatbuf_r
                0x080116c4       0x50 /home/dashygo/Elec/makeself_dir_Nwh1xn/CubeIDE/plugins/com.st.stm32cube.ide.mcu.externaltools.gnu-tools-for-stm32.12.3.rel1.linux64_1.0.100.202403111256/tools/bin/../lib/gcc/arm-none-eabi/12.3.1/../../../../arm-none-eabi/lib/thumb/v7e-m+dp/hard/libc.a(libc_a-makebuf.o)
                0x080116c4                __swhatbuf_r
 .text.__smakebuf_r
                0x08011714       0x78 /home/dashygo/Elec/makeself_dir_Nwh1xn/CubeIDE/plugins/com.st.stm32cube.ide.mcu.externaltools.gnu-tools-for-stm32.12.3.rel1.linux64_1.0.100.202403111256/tools/bin/../lib/gcc/arm-none-eabi/12.3.1/../../../../arm-none-eabi/lib/thumb/v7e-m+dp/hard/libc.a(libc_a-makebuf.o)
                0x08011714                __smakebuf_r
 .text.__swbuf_r
                0x0801178c       0x92 /home/dashygo/Elec/makeself_dir_Nwh1xn/CubeIDE/plugins/com.st.stm32cube.ide.mcu.externaltools.gnu-tools-for-stm32.12.3.rel1.linux64_1.0.100.202403111256/tools/bin/../lib/gcc/arm-none-eabi/12.3.1/../../../../arm-none-eabi/lib/thumb/v7e-m+dp/hard/libc.a(libc_a-wbuf.o)
                0x0801178c                __swbuf_r
 .text._raise_r
                0x0801181e       0x52 /home/dashygo/Elec/makeself_dir_Nwh1xn/CubeIDE/plugins/com.st.stm32cube.ide.mcu.externaltools.gnu-tools-for-stm32.12.3.rel1.linux64_1.0.100.202403111256/tools/bin/../lib/gcc/arm-none-eabi/12.3.1/../../../../arm-none-eabi/lib/thumb/v7e-m+dp/hard/libc.a(libc_a-signal.o)
                0x0801181e                _raise_r
 .text.raise    0x08011870       0x10 /home/dashygo/Elec/makeself_dir_Nwh1xn/CubeIDE/plugins/com.st.stm32cube.ide.mcu.externaltools.gnu-tools-for-stm32.12.3.rel1.linux64_1.0.100.202403111256/tools/bin/../lib/gcc/arm-none-eabi/12.3.1/../../../../arm-none-eabi/lib/thumb/v7e-m+dp/hard/libc.a(libc_a-signal.o)
                0x08011870                raise
 .text._fstat_r
                0x08011880       0x24 /home/dashygo/Elec/makeself_dir_Nwh1xn/CubeIDE/plugins/com.st.stm32cube.ide.mcu.externaltools.gnu-tools-for-stm32.12.3.rel1.linux64_1.0.100.202403111256/tools/bin/../lib/gcc/arm-none-eabi/12.3.1/../../../../arm-none-eabi/lib/thumb/v7e-m+dp/hard/libc.a(libc_a-fstatr.o)
                0x08011880                _fstat_r
 .text._isatty_r
                0x080118a4       0x20 /home/dashygo/Elec/makeself_dir_Nwh1xn/CubeIDE/plugins/com.st.stm32cube.ide.mcu.externaltools.gnu-tools-for-stm32.12.3.rel1.linux64_1.0.100.202403111256/tools/bin/../lib/gcc/arm-none-eabi/12.3.1/../../../../arm-none-eabi/lib/thumb/v7e-m+dp/hard/libc.a(libc_a-isattyr.o)
                0x080118a4                _isatty_r
 .text._kill_r  0x080118c4       0x24 /home/dashygo/Elec/makeself_dir_Nwh1xn/CubeIDE/plugins/com.st.stm32cube.ide.mcu.externaltools.gnu-tools-for-stm32.12.3.rel1.linux64_1.0.100.202403111256/tools/bin/../lib/gcc/arm-none-eabi/12.3.1/../../../../arm-none-eabi/lib/thumb/v7e-m+dp/hard/libc.a(libc_a-signalr.o)
                0x080118c4                _kill_r
 .text._getpid_r
                0x080118e8        0x4 /home/dashygo/Elec/makeself_dir_Nwh1xn/CubeIDE/plugins/com.st.stm32cube.ide.mcu.externaltools.gnu-tools-for-stm32.12.3.rel1.linux64_1.0.100.202403111256/tools/bin/../lib/gcc/arm-none-eabi/12.3.1/../../../../arm-none-eabi/lib/thumb/v7e-m+dp/hard/libc.a(libc_a-signalr.o)
                0x080118e8                _getpid_r
 *fill*         0x080118ec        0x4 
 .text.sqrt     0x080118f0       0x40 /home/dashygo/Elec/makeself_dir_Nwh1xn/CubeIDE/plugins/com.st.stm32cube.ide.mcu.externaltools.gnu-tools-for-stm32.12.3.rel1.linux64_1.0.100.202403111256/tools/bin/../lib/gcc/arm-none-eabi/12.3.1/../../../../arm-none-eabi/lib/thumb/v7e-m+dp/hard/libm.a(libm_a-w_sqrt.o)
                0x080118f0                sqrt
 .text.cos      0x08011930       0x98 /home/dashygo/Elec/makeself_dir_Nwh1xn/CubeIDE/plugins/com.st.stm32cube.ide.mcu.externaltools.gnu-tools-for-stm32.12.3.rel1.linux64_1.0.100.202403111256/tools/bin/../lib/gcc/arm-none-eabi/12.3.1/../../../../arm-none-eabi/lib/thumb/v7e-m+dp/hard/libm.a(libm_a-s_cos.o)
                0x08011930                cos
 .text.sin      0x080119c8       0x98 /home/dashygo/Elec/makeself_dir_Nwh1xn/CubeIDE/plugins/com.st.stm32cube.ide.mcu.externaltools.gnu-tools-for-stm32.12.3.rel1.linux64_1.0.100.202403111256/tools/bin/../lib/gcc/arm-none-eabi/12.3.1/../../../../arm-none-eabi/lib/thumb/v7e-m+dp/hard/libm.a(libm_a-s_sin.o)
                0x080119c8                sin
 .text.log      0x08011a60      0x1e8 /home/dashygo/Elec/makeself_dir_Nwh1xn/CubeIDE/plugins/com.st.stm32cube.ide.mcu.externaltools.gnu-tools-for-stm32.12.3.rel1.linux64_1.0.100.202403111256/tools/bin/../lib/gcc/arm-none-eabi/12.3.1/../../../../arm-none-eabi/lib/thumb/v7e-m+dp/hard/libm.a(libm_a-log.o)
                0x08011a60                log
 .text.checkint
                0x08011c48       0x68 /home/dashygo/Elec/makeself_dir_Nwh1xn/CubeIDE/plugins/com.st.stm32cube.ide.mcu.externaltools.gnu-tools-for-stm32.12.3.rel1.linux64_1.0.100.202403111256/tools/bin/../lib/gcc/arm-none-eabi/12.3.1/../../../../arm-none-eabi/lib/thumb/v7e-m+dp/hard/libm.a(libm_a-pow.o)
 .text.pow      0x08011cb0      0x4a0 /home/dashygo/Elec/makeself_dir_Nwh1xn/CubeIDE/plugins/com.st.stm32cube.ide.mcu.externaltools.gnu-tools-for-stm32.12.3.rel1.linux64_1.0.100.202403111256/tools/bin/../lib/gcc/arm-none-eabi/12.3.1/../../../../arm-none-eabi/lib/thumb/v7e-m+dp/hard/libm.a(libm_a-pow.o)
                0x08011cb0                pow
 .text.cabs     0x08012150       0x36 /home/dashygo/Elec/makeself_dir_Nwh1xn/CubeIDE/plugins/com.st.stm32cube.ide.mcu.externaltools.gnu-tools-for-stm32.12.3.rel1.linux64_1.0.100.202403111256/tools/bin/../lib/gcc/arm-none-eabi/12.3.1/../../../../arm-none-eabi/lib/thumb/v7e-m+dp/hard/libm.a(libm_a-cabs.o)
                0x08012150                cabs
 .text.cimag    0x08012186        0x6 /home/dashygo/Elec/makeself_dir_Nwh1xn/CubeIDE/plugins/com.st.stm32cube.ide.mcu.externaltools.gnu-tools-for-stm32.12.3.rel1.linux64_1.0.100.202403111256/tools/bin/../lib/gcc/arm-none-eabi/12.3.1/../../../../arm-none-eabi/lib/thumb/v7e-m+dp/hard/libm.a(libm_a-cimag.o)
                0x08012186                cimag
 .text.creal    0x0801218c        0x2 /home/dashygo/Elec/makeself_dir_Nwh1xn/CubeIDE/plugins/com.st.stm32cube.ide.mcu.externaltools.gnu-tools-for-stm32.12.3.rel1.linux64_1.0.100.202403111256/tools/bin/../lib/gcc/arm-none-eabi/12.3.1/../../../../arm-none-eabi/lib/thumb/v7e-m+dp/hard/libm.a(libm_a-creal.o)
                0x0801218c                creal
 .text.__ieee754_sqrt
                0x0801218e        0x6 /home/dashygo/Elec/makeself_dir_Nwh1xn/CubeIDE/plugins/com.st.stm32cube.ide.mcu.externaltools.gnu-tools-for-stm32.12.3.rel1.linux64_1.0.100.202403111256/tools/bin/../lib/gcc/arm-none-eabi/12.3.1/../../../../arm-none-eabi/lib/thumb/v7e-m+dp/hard/libm.a(libm_a-e_sqrt.o)
                0x0801218e                __ieee754_sqrt
 *fill*         0x08012194        0x4 
 .text.floor    0x08012198       0xf0 /home/dashygo/Elec/makeself_dir_Nwh1xn/CubeIDE/plugins/com.st.stm32cube.ide.mcu.externaltools.gnu-tools-for-stm32.12.3.rel1.linux64_1.0.100.202403111256/tools/bin/../lib/gcc/arm-none-eabi/12.3.1/../../../../arm-none-eabi/lib/thumb/v7e-m+dp/hard/libm.a(libm_a-s_floor.o)
                0x08012198                floor
 .text.__kernel_cos
                0x08012288       0xd0 /home/dashygo/Elec/makeself_dir_Nwh1xn/CubeIDE/plugins/com.st.stm32cube.ide.mcu.externaltools.gnu-tools-for-stm32.12.3.rel1.linux64_1.0.100.202403111256/tools/bin/../lib/gcc/arm-none-eabi/12.3.1/../../../../arm-none-eabi/lib/thumb/v7e-m+dp/hard/libm.a(libm_a-k_cos.o)
                0x08012288                __kernel_cos
 .text.__kernel_sin
                0x08012358       0xb0 /home/dashygo/Elec/makeself_dir_Nwh1xn/CubeIDE/plugins/com.st.stm32cube.ide.mcu.externaltools.gnu-tools-for-stm32.12.3.rel1.linux64_1.0.100.202403111256/tools/bin/../lib/gcc/arm-none-eabi/12.3.1/../../../../arm-none-eabi/lib/thumb/v7e-m+dp/hard/libm.a(libm_a-k_sin.o)
                0x08012358                __kernel_sin
 .text.__ieee754_rem_pio2
                0x08012408      0x288 /home/dashygo/Elec/makeself_dir_Nwh1xn/CubeIDE/plugins/com.st.stm32cube.ide.mcu.externaltools.gnu-tools-for-stm32.12.3.rel1.linux64_1.0.100.202403111256/tools/bin/../lib/gcc/arm-none-eabi/12.3.1/../../../../arm-none-eabi/lib/thumb/v7e-m+dp/hard/libm.a(libm_a-e_rem_pio2.o)
                0x08012408                __ieee754_rem_pio2
 .text.hypot    0x08012690       0x50 /home/dashygo/Elec/makeself_dir_Nwh1xn/CubeIDE/plugins/com.st.stm32cube.ide.mcu.externaltools.gnu-tools-for-stm32.12.3.rel1.linux64_1.0.100.202403111256/tools/bin/../lib/gcc/arm-none-eabi/12.3.1/../../../../arm-none-eabi/lib/thumb/v7e-m+dp/hard/libm.a(libm_a-w_hypot.o)
                0x08012690                hypot
 .text.fabs     0x080126e0       0x10 /home/dashygo/Elec/makeself_dir_Nwh1xn/CubeIDE/plugins/com.st.stm32cube.ide.mcu.externaltools.gnu-tools-for-stm32.12.3.rel1.linux64_1.0.100.202403111256/tools/bin/../lib/gcc/arm-none-eabi/12.3.1/../../../../arm-none-eabi/lib/thumb/v7e-m+dp/hard/libm.a(libm_a-s_fabs.o)
                0x080126e0                fabs
 .text.finite   0x080126f0       0x16 /home/dashygo/Elec/makeself_dir_Nwh1xn/CubeIDE/plugins/com.st.stm32cube.ide.mcu.externaltools.gnu-tools-for-stm32.12.3.rel1.linux64_1.0.100.202403111256/tools/bin/../lib/gcc/arm-none-eabi/12.3.1/../../../../arm-none-eabi/lib/thumb/v7e-m+dp/hard/libm.a(libm_a-s_finite.o)
                0x080126f0                finite
 .text.with_errno
                0x08012706       0x1c /home/dashygo/Elec/makeself_dir_Nwh1xn/CubeIDE/plugins/com.st.stm32cube.ide.mcu.externaltools.gnu-tools-for-stm32.12.3.rel1.linux64_1.0.100.202403111256/tools/bin/../lib/gcc/arm-none-eabi/12.3.1/../../../../arm-none-eabi/lib/thumb/v7e-m+dp/hard/libm.a(libm_a-math_err.o)
 .text.xflow    0x08012722       0x22 /home/dashygo/Elec/makeself_dir_Nwh1xn/CubeIDE/plugins/com.st.stm32cube.ide.mcu.externaltools.gnu-tools-for-stm32.12.3.rel1.linux64_1.0.100.202403111256/tools/bin/../lib/gcc/arm-none-eabi/12.3.1/../../../../arm-none-eabi/lib/thumb/v7e-m+dp/hard/libm.a(libm_a-math_err.o)
 *fill*         0x08012744        0x4 
 .text.__math_uflow
                0x08012748       0x10 /home/dashygo/Elec/makeself_dir_Nwh1xn/CubeIDE/plugins/com.st.stm32cube.ide.mcu.externaltools.gnu-tools-for-stm32.12.3.rel1.linux64_1.0.100.202403111256/tools/bin/../lib/gcc/arm-none-eabi/12.3.1/../../../../arm-none-eabi/lib/thumb/v7e-m+dp/hard/libm.a(libm_a-math_err.o)
                0x08012748                __math_uflow
 .text.__math_oflow
                0x08012758       0x10 /home/dashygo/Elec/makeself_dir_Nwh1xn/CubeIDE/plugins/com.st.stm32cube.ide.mcu.externaltools.gnu-tools-for-stm32.12.3.rel1.linux64_1.0.100.202403111256/tools/bin/../lib/gcc/arm-none-eabi/12.3.1/../../../../arm-none-eabi/lib/thumb/v7e-m+dp/hard/libm.a(libm_a-math_err.o)
                0x08012758                __math_oflow
 .text.__math_divzero
                0x08012768       0x30 /home/dashygo/Elec/makeself_dir_Nwh1xn/CubeIDE/plugins/com.st.stm32cube.ide.mcu.externaltools.gnu-tools-for-stm32.12.3.rel1.linux64_1.0.100.202403111256/tools/bin/../lib/gcc/arm-none-eabi/12.3.1/../../../../arm-none-eabi/lib/thumb/v7e-m+dp/hard/libm.a(libm_a-math_err.o)
                0x08012768                __math_divzero
 .text.__math_invalid
                0x08012798       0x1e /home/dashygo/Elec/makeself_dir_Nwh1xn/CubeIDE/plugins/com.st.stm32cube.ide.mcu.externaltools.gnu-tools-for-stm32.12.3.rel1.linux64_1.0.100.202403111256/tools/bin/../lib/gcc/arm-none-eabi/12.3.1/../../../../arm-none-eabi/lib/thumb/v7e-m+dp/hard/libm.a(libm_a-math_err.o)
                0x08012798                __math_invalid
 .text.__math_check_uflow
                0x080127b6       0x12 /home/dashygo/Elec/makeself_dir_Nwh1xn/CubeIDE/plugins/com.st.stm32cube.ide.mcu.externaltools.gnu-tools-for-stm32.12.3.rel1.linux64_1.0.100.202403111256/tools/bin/../lib/gcc/arm-none-eabi/12.3.1/../../../../arm-none-eabi/lib/thumb/v7e-m+dp/hard/libm.a(libm_a-math_err.o)
                0x080127b6                __math_check_uflow
 .text.__math_check_oflow
                0x080127c8       0x28 /home/dashygo/Elec/makeself_dir_Nwh1xn/CubeIDE/plugins/com.st.stm32cube.ide.mcu.externaltools.gnu-tools-for-stm32.12.3.rel1.linux64_1.0.100.202403111256/tools/bin/../lib/gcc/arm-none-eabi/12.3.1/../../../../arm-none-eabi/lib/thumb/v7e-m+dp/hard/libm.a(libm_a-math_err.o)
                0x080127c8                __math_check_oflow
 .text.__kernel_rem_pio2
                0x080127f0      0x4f8 /home/dashygo/Elec/makeself_dir_Nwh1xn/CubeIDE/plugins/com.st.stm32cube.ide.mcu.externaltools.gnu-tools-for-stm32.12.3.rel1.linux64_1.0.100.202403111256/tools/bin/../lib/gcc/arm-none-eabi/12.3.1/../../../../arm-none-eabi/lib/thumb/v7e-m+dp/hard/libm.a(libm_a-k_rem_pio2.o)
                0x080127f0                __kernel_rem_pio2
 .text.__ieee754_hypot
                0x08012ce8      0x164 /home/dashygo/Elec/makeself_dir_Nwh1xn/CubeIDE/plugins/com.st.stm32cube.ide.mcu.externaltools.gnu-tools-for-stm32.12.3.rel1.linux64_1.0.100.202403111256/tools/bin/../lib/gcc/arm-none-eabi/12.3.1/../../../../arm-none-eabi/lib/thumb/v7e-m+dp/hard/libm.a(libm_a-e_hypot.o)
                0x08012ce8                __ieee754_hypot
 *fill*         0x08012e4c        0x4 
 .text.scalbn   0x08012e50       0xfc /home/dashygo/Elec/makeself_dir_Nwh1xn/CubeIDE/plugins/com.st.stm32cube.ide.mcu.externaltools.gnu-tools-for-stm32.12.3.rel1.linux64_1.0.100.202403111256/tools/bin/../lib/gcc/arm-none-eabi/12.3.1/../../../../arm-none-eabi/lib/thumb/v7e-m+dp/hard/libm.a(libm_a-s_scalbn.o)
                0x08012e50                scalbn
 *(.glue_7)
 .glue_7        0x08012f4c        0x0 linker stubs
 *(.glue_7t)
 .glue_7t       0x08012f4c        0x0 linker stubs
 *(.eh_frame)
 .eh_frame      0x08012f4c        0x0 /home/dashygo/Elec/makeself_dir_Nwh1xn/CubeIDE/plugins/com.st.stm32cube.ide.mcu.externaltools.gnu-tools-for-stm32.12.3.rel1.linux64_1.0.100.202403111256/tools/bin/../lib/gcc/arm-none-eabi/12.3.1/thumb/v7e-m+dp/hard/crtbegin.o
 *(.init)
 .init          0x08012f4c        0x4 /home/dashygo/Elec/makeself_dir_Nwh1xn/CubeIDE/plugins/com.st.stm32cube.ide.mcu.externaltools.gnu-tools-for-stm32.12.3.rel1.linux64_1.0.100.202403111256/tools/bin/../lib/gcc/arm-none-eabi/12.3.1/thumb/v7e-m+dp/hard/crti.o
                0x08012f4c                _init
 .init          0x08012f50        0x8 /home/dashygo/Elec/makeself_dir_Nwh1xn/CubeIDE/plugins/com.st.stm32cube.ide.mcu.externaltools.gnu-tools-for-stm32.12.3.rel1.linux64_1.0.100.202403111256/tools/bin/../lib/gcc/arm-none-eabi/12.3.1/thumb/v7e-m+dp/hard/crtn.o
 *(.fini)
 .fini          0x08012f58        0x4 /home/dashygo/Elec/makeself_dir_Nwh1xn/CubeIDE/plugins/com.st.stm32cube.ide.mcu.externaltools.gnu-tools-for-stm32.12.3.rel1.linux64_1.0.100.202403111256/tools/bin/../lib/gcc/arm-none-eabi/12.3.1/thumb/v7e-m+dp/hard/crti.o
                0x08012f58                _fini
 .fini          0x08012f5c        0x8 /home/dashygo/Elec/makeself_dir_Nwh1xn/CubeIDE/plugins/com.st.stm32cube.ide.mcu.externaltools.gnu-tools-for-stm32.12.3.rel1.linux64_1.0.100.202403111256/tools/bin/../lib/gcc/arm-none-eabi/12.3.1/thumb/v7e-m+dp/hard/crtn.o
                0x08012f64                        . = ALIGN (0x4)
                0x08012f64                        _etext = .

.vfp11_veneer   0x08012f64        0x0
 .vfp11_veneer  0x08012f64        0x0 linker stubs

.v4_bx          0x08012f64        0x0
 .v4_bx         0x08012f64        0x0 linker stubs

.iplt           0x08012f64        0x0
 .iplt          0x08012f64        0x0 /home/dashygo/Elec/makeself_dir_Nwh1xn/CubeIDE/plugins/com.st.stm32cube.ide.mcu.externaltools.gnu-tools-for-stm32.12.3.rel1.linux64_1.0.100.202403111256/tools/bin/../lib/gcc/arm-none-eabi/12.3.1/thumb/v7e-m+dp/hard/crtbegin.o

.rodata         0x08012f68     0x2788
                0x08012f68                        . = ALIGN (0x4)
 *(.rodata)
 .rodata        0x08012f68       0x99 ./Core/Src/main.o
 *(.rodata*)
 *fill*         0x08013001        0x3 
 .rodata.D1CorePrescTable
                0x08013004       0x10 ./Core/Src/system_stm32h7xx.o
                0x08013004                D1CorePrescTable
 .rodata.flagBitshiftOffset.0
                0x08013014        0x8 ./Drivers/STM32H7xx_HAL_Driver/Src/stm32h7xx_hal_dma.o
 .rodata.UARTPrescTable
                0x0801301c       0x18 ./Drivers/STM32H7xx_HAL_Driver/Src/stm32h7xx_hal_uart.o
                0x0801301c                UARTPrescTable
 .rodata.numerator.1
                0x08013034        0x8 ./Drivers/STM32H7xx_HAL_Driver/Src/stm32h7xx_hal_uart_ex.o
 .rodata.denominator.0
                0x0801303c        0x8 ./Drivers/STM32H7xx_HAL_Driver/Src/stm32h7xx_hal_uart_ex.o
 .rodata._svfprintf_r.str1.1
                0x08013044       0x34 /home/dashygo/Elec/makeself_dir_Nwh1xn/CubeIDE/plugins/com.st.stm32cube.ide.mcu.externaltools.gnu-tools-for-stm32.12.3.rel1.linux64_1.0.100.202403111256/tools/bin/../lib/gcc/arm-none-eabi/12.3.1/../../../../arm-none-eabi/lib/thumb/v7e-m+dp/hard/libc.a(libc_a-svfprintf.o)
 .rodata.zeroes.0
                0x08013078       0x10 /home/dashygo/Elec/makeself_dir_Nwh1xn/CubeIDE/plugins/com.st.stm32cube.ide.mcu.externaltools.gnu-tools-for-stm32.12.3.rel1.linux64_1.0.100.202403111256/tools/bin/../lib/gcc/arm-none-eabi/12.3.1/../../../../arm-none-eabi/lib/thumb/v7e-m+dp/hard/libc.a(libc_a-svfprintf.o)
 .rodata.blanks.1
                0x08013088       0x10 /home/dashygo/Elec/makeself_dir_Nwh1xn/CubeIDE/plugins/com.st.stm32cube.ide.mcu.externaltools.gnu-tools-for-stm32.12.3.rel1.linux64_1.0.100.202403111256/tools/bin/../lib/gcc/arm-none-eabi/12.3.1/../../../../arm-none-eabi/lib/thumb/v7e-m+dp/hard/libc.a(libc_a-svfprintf.o)
 .rodata._dtoa_r.str1.1
                0x08013098       0x76 /home/dashygo/Elec/makeself_dir_Nwh1xn/CubeIDE/plugins/com.st.stm32cube.ide.mcu.externaltools.gnu-tools-for-stm32.12.3.rel1.linux64_1.0.100.202403111256/tools/bin/../lib/gcc/arm-none-eabi/12.3.1/../../../../arm-none-eabi/lib/thumb/v7e-m+dp/hard/libc.a(libc_a-dtoa.o)
                                 0x78 (size before relaxing)
 .rodata.__multadd.str1.1
                0x0801310e       0x59 /home/dashygo/Elec/makeself_dir_Nwh1xn/CubeIDE/plugins/com.st.stm32cube.ide.mcu.externaltools.gnu-tools-for-stm32.12.3.rel1.linux64_1.0.100.202403111256/tools/bin/../lib/gcc/arm-none-eabi/12.3.1/../../../../arm-none-eabi/lib/thumb/v7e-m+dp/hard/libc.a(libc_a-mprec.o)
                                 0x6a (size before relaxing)
 *fill*         0x08013167        0x1 
 .rodata.p05.0  0x08013168        0xc /home/dashygo/Elec/makeself_dir_Nwh1xn/CubeIDE/plugins/com.st.stm32cube.ide.mcu.externaltools.gnu-tools-for-stm32.12.3.rel1.linux64_1.0.100.202403111256/tools/bin/../lib/gcc/arm-none-eabi/12.3.1/../../../../arm-none-eabi/lib/thumb/v7e-m+dp/hard/libc.a(libc_a-mprec.o)
 *fill*         0x08013174        0x4 
 .rodata.__mprec_bigtens
                0x08013178       0x28 /home/dashygo/Elec/makeself_dir_Nwh1xn/CubeIDE/plugins/com.st.stm32cube.ide.mcu.externaltools.gnu-tools-for-stm32.12.3.rel1.linux64_1.0.100.202403111256/tools/bin/../lib/gcc/arm-none-eabi/12.3.1/../../../../arm-none-eabi/lib/thumb/v7e-m+dp/hard/libc.a(libc_a-mprec.o)
                0x08013178                __mprec_bigtens
 .rodata.__mprec_tens
                0x080131a0       0xc8 /home/dashygo/Elec/makeself_dir_Nwh1xn/CubeIDE/plugins/com.st.stm32cube.ide.mcu.externaltools.gnu-tools-for-stm32.12.3.rel1.linux64_1.0.100.202403111256/tools/bin/../lib/gcc/arm-none-eabi/12.3.1/../../../../arm-none-eabi/lib/thumb/v7e-m+dp/hard/libc.a(libc_a-mprec.o)
                0x080131a0                __mprec_tens
 .rodata._setlocale_r.str1.1
                0x08013268        0x8 /home/dashygo/Elec/makeself_dir_Nwh1xn/CubeIDE/plugins/com.st.stm32cube.ide.mcu.externaltools.gnu-tools-for-stm32.12.3.rel1.linux64_1.0.100.202403111256/tools/bin/../lib/gcc/arm-none-eabi/12.3.1/../../../../arm-none-eabi/lib/thumb/v7e-m+dp/hard/libc.a(libc_a-locale.o)
                                  0x9 (size before relaxing)
 .rodata.str1.1
                0x08013270        0x2 /home/dashygo/Elec/makeself_dir_Nwh1xn/CubeIDE/plugins/com.st.stm32cube.ide.mcu.externaltools.gnu-tools-for-stm32.12.3.rel1.linux64_1.0.100.202403111256/tools/bin/../lib/gcc/arm-none-eabi/12.3.1/../../../../arm-none-eabi/lib/thumb/v7e-m+dp/hard/libc.a(libc_a-locale.o)
 .rodata.__assert_func.str1.1
                0x08013272       0x3c /home/dashygo/Elec/makeself_dir_Nwh1xn/CubeIDE/plugins/com.st.stm32cube.ide.mcu.externaltools.gnu-tools-for-stm32.12.3.rel1.linux64_1.0.100.202403111256/tools/bin/../lib/gcc/arm-none-eabi/12.3.1/../../../../arm-none-eabi/lib/thumb/v7e-m+dp/hard/libc.a(libc_a-assert.o)
                                 0x3d (size before relaxing)
 .rodata._ctype_
                0x080132ae      0x101 /home/dashygo/Elec/makeself_dir_Nwh1xn/CubeIDE/plugins/com.st.stm32cube.ide.mcu.externaltools.gnu-tools-for-stm32.12.3.rel1.linux64_1.0.100.202403111256/tools/bin/../lib/gcc/arm-none-eabi/12.3.1/../../../../arm-none-eabi/lib/thumb/v7e-m+dp/hard/libc.a(libc_a-ctype_.o)
                0x080132ae                _ctype_
 .rodata._vfiprintf_r.str1.1
                0x080133af       0x22 /home/dashygo/Elec/makeself_dir_Nwh1xn/CubeIDE/plugins/com.st.stm32cube.ide.mcu.externaltools.gnu-tools-for-stm32.12.3.rel1.linux64_1.0.100.202403111256/tools/bin/../lib/gcc/arm-none-eabi/12.3.1/../../../../arm-none-eabi/lib/thumb/v7e-m+dp/hard/libc.a(libc_a-vfiprintf.o)
 .rodata.zeroes.0
                0x080133af       0x10 /home/dashygo/Elec/makeself_dir_Nwh1xn/CubeIDE/plugins/com.st.stm32cube.ide.mcu.externaltools.gnu-tools-for-stm32.12.3.rel1.linux64_1.0.100.202403111256/tools/bin/../lib/gcc/arm-none-eabi/12.3.1/../../../../arm-none-eabi/lib/thumb/v7e-m+dp/hard/libc.a(libc_a-vfiprintf.o)
 .rodata.blanks.1
                0x080133bf       0x10 /home/dashygo/Elec/makeself_dir_Nwh1xn/CubeIDE/plugins/com.st.stm32cube.ide.mcu.externaltools.gnu-tools-for-stm32.12.3.rel1.linux64_1.0.100.202403111256/tools/bin/../lib/gcc/arm-none-eabi/12.3.1/../../../../arm-none-eabi/lib/thumb/v7e-m+dp/hard/libc.a(libc_a-vfiprintf.o)
 *fill*         0x080133cf        0x1 
 .rodata.__log_data
                0x080133d0      0x890 /home/dashygo/Elec/makeself_dir_Nwh1xn/CubeIDE/plugins/com.st.stm32cube.ide.mcu.externaltools.gnu-tools-for-stm32.12.3.rel1.linux64_1.0.100.202403111256/tools/bin/../lib/gcc/arm-none-eabi/12.3.1/../../../../arm-none-eabi/lib/thumb/v7e-m+dp/hard/libm.a(libm_a-log_data.o)
                0x080133d0                __log_data
 .rodata.__pow_log_data
                0x08013c60     0x1048 /home/dashygo/Elec/makeself_dir_Nwh1xn/CubeIDE/plugins/com.st.stm32cube.ide.mcu.externaltools.gnu-tools-for-stm32.12.3.rel1.linux64_1.0.100.202403111256/tools/bin/../lib/gcc/arm-none-eabi/12.3.1/../../../../arm-none-eabi/lib/thumb/v7e-m+dp/hard/libm.a(libm_a-pow_log_data.o)
                0x08013c60                __pow_log_data
 .rodata.npio2_hw