../Core/Src/main.c:73:6:adc_init	8	static
../Core/Src/main.c:101:6:Para_init	16	static
../Core/Src/main.c:117:6:ADC1_Get	16	static
../Core/Src/main.c:150:6:HandleFFT	16	static
../Core/Src/main.c:176:6:PrintMag	16	static
../Core/Src/main.c:217:6:ADC_FFT	8	static
../Core/Src/main.c:262:5:main	24	static,ignoring_inline_asm
../Core/Src/main.c:425:6:SystemClock_Config	128	static
../Core/Src/main.c:491:6:HAL_ADC_ConvCpltCallback	16	static
../Core/Src/main.c:503:6:HAL_UART_RxCpltCallback	16	static
../Core/Src/main.c:524:6:MPU_Config	24	static
../Core/Src/main.c:588:6:Error_Handler	4	static,ignoring_inline_asm
