Archive member included to satisfy reference by file (symbol)

/home/dashygo/Elec/makeself_dir_Nwh1xn/CubeIDE/plugins/com.st.stm32cube.ide.mcu.externaltools.gnu-tools-for-stm32.12.3.rel1.linux64_1.0.100.202403111256/tools/bin/../lib/gcc/arm-none-eabi/12.3.1/../../../../arm-none-eabi/lib/thumb/v7e-m+dp/hard/libc.a(libc_a-exit.o)
                              /home/dashygo/Elec/makeself_dir_Nwh1xn/CubeIDE/plugins/com.st.stm32cube.ide.mcu.externaltools.gnu-tools-for-stm32.12.3.rel1.linux64_1.0.100.202403111256/tools/bin/../lib/gcc/arm-none-eabi/12.3.1/../../../../arm-none-eabi/lib/thumb/v7e-m+dp/hard/crt0.o (exit)
/home/dashygo/Elec/makeself_dir_Nwh1xn/CubeIDE/plugins/com.st.stm32cube.ide.mcu.externaltools.gnu-tools-for-stm32.12.3.rel1.linux64_1.0.100.202403111256/tools/bin/../lib/gcc/arm-none-eabi/12.3.1/../../../../arm-none-eabi/lib/thumb/v7e-m+dp/hard/libc.a(libc_a-findfp.o)
                              /home/dashygo/Elec/makeself_dir_Nwh1xn/CubeIDE/plugins/com.st.stm32cube.ide.mcu.externaltools.gnu-tools-for-stm32.12.3.rel1.linux64_1.0.100.202403111256/tools/bin/../lib/gcc/arm-none-eabi/12.3.1/../../../../arm-none-eabi/lib/thumb/v7e-m+dp/hard/libc.a(libc_a-exit.o) (__stdio_exit_handler)
/home/dashygo/Elec/makeself_dir_Nwh1xn/CubeIDE/plugins/com.st.stm32cube.ide.mcu.externaltools.gnu-tools-for-stm32.12.3.rel1.linux64_1.0.100.202403111256/tools/bin/../lib/gcc/arm-none-eabi/12.3.1/../../../../arm-none-eabi/lib/thumb/v7e-m+dp/hard/libc.a(libc_a-fwalk.o)
                              /home/dashygo/Elec/makeself_dir_Nwh1xn/CubeIDE/plugins/com.st.stm32cube.ide.mcu.externaltools.gnu-tools-for-stm32.12.3.rel1.linux64_1.0.100.202403111256/tools/bin/../lib/gcc/arm-none-eabi/12.3.1/../../../../arm-none-eabi/lib/thumb/v7e-m+dp/hard/libc.a(libc_a-findfp.o) (_fwalk_sglue)
/home/dashygo/Elec/makeself_dir_Nwh1xn/CubeIDE/plugins/com.st.stm32cube.ide.mcu.externaltools.gnu-tools-for-stm32.12.3.rel1.linux64_1.0.100.202403111256/tools/bin/../lib/gcc/arm-none-eabi/12.3.1/../../../../arm-none-eabi/lib/thumb/v7e-m+dp/hard/libc.a(libc_a-sprintf.o)
                              ./Core/Src/main.o (sprintf)
/home/dashygo/Elec/makeself_dir_Nwh1xn/CubeIDE/plugins/com.st.stm32cube.ide.mcu.externaltools.gnu-tools-for-stm32.12.3.rel1.linux64_1.0.100.202403111256/tools/bin/../lib/gcc/arm-none-eabi/12.3.1/../../../../arm-none-eabi/lib/thumb/v7e-m+dp/hard/libc.a(libc_a-stdio.o)
                              /home/dashygo/Elec/makeself_dir_Nwh1xn/CubeIDE/plugins/com.st.stm32cube.ide.mcu.externaltools.gnu-tools-for-stm32.12.3.rel1.linux64_1.0.100.202403111256/tools/bin/../lib/gcc/arm-none-eabi/12.3.1/../../../../arm-none-eabi/lib/thumb/v7e-m+dp/hard/libc.a(libc_a-findfp.o) (__sread)
/home/dashygo/Elec/makeself_dir_Nwh1xn/CubeIDE/plugins/com.st.stm32cube.ide.mcu.externaltools.gnu-tools-for-stm32.12.3.rel1.linux64_1.0.100.202403111256/tools/bin/../lib/gcc/arm-none-eabi/12.3.1/../../../../arm-none-eabi/lib/thumb/v7e-m+dp/hard/libc.a(libc_a-memset.o)
                              /home/dashygo/Elec/makeself_dir_Nwh1xn/CubeIDE/plugins/com.st.stm32cube.ide.mcu.externaltools.gnu-tools-for-stm32.12.3.rel1.linux64_1.0.100.202403111256/tools/bin/../lib/gcc/arm-none-eabi/12.3.1/../../../../arm-none-eabi/lib/thumb/v7e-m+dp/hard/crt0.o (memset)
/home/dashygo/Elec/makeself_dir_Nwh1xn/CubeIDE/plugins/com.st.stm32cube.ide.mcu.externaltools.gnu-tools-for-stm32.12.3.rel1.linux64_1.0.100.202403111256/tools/bin/../lib/gcc/arm-none-eabi/12.3.1/../../../../arm-none-eabi/lib/thumb/v7e-m+dp/hard/libc.a(libc_a-closer.o)
                              /home/dashygo/Elec/makeself_dir_Nwh1xn/CubeIDE/plugins/com.st.stm32cube.ide.mcu.externaltools.gnu-tools-for-stm32.12.3.rel1.linux64_1.0.100.202403111256/tools/bin/../lib/gcc/arm-none-eabi/12.3.1/../../../../arm-none-eabi/lib/thumb/v7e-m+dp/hard/libc.a(libc_a-stdio.o) (_close_r)
/home/dashygo/Elec/makeself_dir_Nwh1xn/CubeIDE/plugins/com.st.stm32cube.ide.mcu.externaltools.gnu-tools-for-stm32.12.3.rel1.linux64_1.0.100.202403111256/tools/bin/../lib/gcc/arm-none-eabi/12.3.1/../../../../arm-none-eabi/lib/thumb/v7e-m+dp/hard/libc.a(libc_a-reent.o)
                              /home/dashygo/Elec/makeself_dir_Nwh1xn/CubeIDE/plugins/com.st.stm32cube.ide.mcu.externaltools.gnu-tools-for-stm32.12.3.rel1.linux64_1.0.100.202403111256/tools/bin/../lib/gcc/arm-none-eabi/12.3.1/../../../../arm-none-eabi/lib/thumb/v7e-m+dp/hard/libc.a(libc_a-closer.o) (errno)
/home/dashygo/Elec/makeself_dir_Nwh1xn/CubeIDE/plugins/com.st.stm32cube.ide.mcu.externaltools.gnu-tools-for-stm32.12.3.rel1.linux64_1.0.100.202403111256/tools/bin/../lib/gcc/arm-none-eabi/12.3.1/../../../../arm-none-eabi/lib/thumb/v7e-m+dp/hard/libc.a(libc_a-impure.o)
                              /home/dashygo/Elec/makeself_dir_Nwh1xn/CubeIDE/plugins/com.st.stm32cube.ide.mcu.externaltools.gnu-tools-for-stm32.12.3.rel1.linux64_1.0.100.202403111256/tools/bin/../lib/gcc/arm-none-eabi/12.3.1/../../../../arm-none-eabi/lib/thumb/v7e-m+dp/hard/libc.a(libc_a-sprintf.o) (_impure_ptr)
[...]
Memory Configuration

Name             Origin             Length             Attributes
FLASH            0x08000000         0x00200000         xr
DTCMRAM          0x20000000         0x00020000         xrw
RAM_D1           0x24000000         0x00080000         xrw
RAM_D2           0x30000000         0x00048000         xrw
RAM_D3           0x38000000         0x00010000         xrw
ITCMRAM          0x00000000         0x00010000         xrw
*default*        0x00000000         0xffffffff

Linker script and memory map

LOAD /home/dashygo/Elec/makeself_dir_Nwh1xn/CubeIDE/plugins/com.st.stm32cube.ide.mcu.externaltools.gnu-tools-for-stm32.12.3.rel1.linux64_1.0.100.202403111256/tools/bin/../lib/gcc/arm-none-eabi/12.3.1/thumb/v7e-m+dp/hard/crti.o
LOAD /home/dashygo/Elec/makeself_dir_Nwh1xn/CubeIDE/plugins/com.st.stm32cube.ide.mcu.externaltools.gnu-tools-for-stm32.12.3.rel1.linux64_1.0.100.202403111256/tools/bin/../lib/gcc/arm-none-eabi/12.3.1/thumb/v7e-m+dp/hard/crtbegin.o
LOAD /home/dashygo/Elec/makeself_dir_Nwh1xn/CubeIDE/plugins/com.st.stm32cube.ide.mcu.externaltools.gnu-tools-for-stm32.12.3.rel1.linux64_1.0.100.202403111256/tools/bin/../lib/gcc/arm-none-eabi/12.3.1/../../../../arm-none-eabi/lib/thumb/v7e-m+dp/hard/crt0.o
LOAD ./Core/Src/FO.o
LOAD ./Core/Src/adc.o
LOAD ./Core/Src/dac.o
LOAD ./Core/Src/dma.o
LOAD ./Core/Src/font.o
LOAD ./Core/Src/gpio.o
LOAD ./Core/Src/i2c.o
LOAD ./Core/Src/main.o
LOAD ./Core/Src/oled.o
LOAD ./Core/Src/signal.o
LOAD ./Core/Src/stm32h7xx_hal_msp.o
LOAD ./Core/Src/stm32h7xx_it.o
LOAD ./Core/Src/syscalls.o
LOAD ./Core/Src/sysmem.o
LOAD ./Core/Src/system_stm32h7xx.o
LOAD ./Core/Src/tim.o
LOAD ./Core/Src/usart.o
LOAD ./Core/Startup/startup_stm32h743vitx.o
LOAD ./Drivers/STM32H7xx_HAL_Driver/Src/stm32h7xx_hal.o
LOAD ./Drivers/STM32H7xx_HAL_Driver/Src/stm32h7xx_hal_adc.o
LOAD ./Drivers/STM32H7xx_HAL_Driver/Src/stm32h7xx_hal_adc_ex.o
LOAD ./Drivers/STM32H7xx_HAL_Driver/Src/stm32h7xx_hal_cortex.o
LOAD ./Drivers/STM32H7xx_HAL_Driver/Src/stm32h7xx_hal_dac.o
LOAD ./Drivers/STM32H7xx_HAL_Driver/Src/stm32h7xx_hal_dac_ex.o
LOAD ./Drivers/STM32H7xx_HAL_Driver/Src/stm32h7xx_hal_dma.o
LOAD ./Drivers/STM32H7xx_HAL_Driver/Src/stm32h7xx_hal_dma_ex.o
LOAD ./Drivers/STM32H7xx_HAL_Driver/Src/stm32h7xx_hal_exti.o
LOAD ./Drivers/STM32H7xx_HAL_Driver/Src/stm32h7xx_hal_flash.o
LOAD ./Drivers/STM32H7xx_HAL_Driver/Src/stm32h7xx_hal_flash_ex.o
LOAD ./Drivers/STM32H7xx_HAL_Driver/Src/stm32h7xx_hal_gpio.o
LOAD ./Drivers/STM32H7xx_HAL_Driver/Src/stm32h7xx_hal_hsem.o
LOAD ./Drivers/STM32H7xx_HAL_Driver/Src/stm32h7xx_hal_i2c.o
LOAD ./Drivers/STM32H7xx_HAL_Driver/Src/stm32h7xx_hal_i2c_ex.o
LOAD ./Drivers/STM32H7xx_HAL_Driver/Src/stm32h7xx_hal_mdma.o
LOAD ./Drivers/STM32H7xx_HAL_Driver/Src/stm32h7xx_hal_pwr.o
LOAD ./Drivers/STM32H7xx_HAL_Driver/Src/stm32h7xx_hal_pwr_ex.o
LOAD ./Drivers/STM32H7xx_HAL_Driver/Src/stm32h7xx_hal_rcc.o
LOAD ./Drivers/STM32H7xx_HAL_Driver/Src/stm32h7xx_hal_rcc_ex.o
LOAD ./Drivers/STM32H7xx_HAL_Driver/Src/stm32h7xx_hal_tim.o
LOAD ./Drivers/STM32H7xx_HAL_Driver/Src/stm32h7xx_hal_tim_ex.o
LOAD ./Drivers/STM32H7xx_HAL_Driver/Src/stm32h7xx_hal_uart.o
LOAD ./Drivers/STM32H7xx_HAL_Driver/Src/stm32h7xx_hal_uart_ex.o
START GROUP
LOAD /home/dashygo/Elec/makeself_dir_Nwh1xn/CubeIDE/plugins/com.st.stm32cube.ide.mcu.externaltools.gnu-tools-for-stm32.12.3.rel1.linux64_1.0.100.202403111256/tools/bin/../lib/gcc/arm-none-eabi/12.3.1/../../../../arm-none-eabi/lib/thumb/v7e-m+dp/hard/libc.a
LOAD /home/dashygo/Elec/makeself_dir_Nwh1xn/CubeIDE/plugins/com.st.stm32cube.ide.mcu.externaltools.gnu-tools-for-stm32.12.3.rel1.linux64_1.0.100.202403111256/tools/bin/../lib/gcc/arm-none-eabi/12.3.1/../../../../arm-none-eabi/lib/thumb/v7e-m+dp/hard/libm.a
END GROUP
START GROUP
LOAD /home/dashygo/Elec/makeself_dir_Nwh1xn/CubeIDE/plugins/com.st.stm32cube.ide.mcu.externaltools.gnu-tools-for-stm32.12.3.rel1.linux64_1.0.100.202403111256/tools/bin/../lib/gcc/arm-none-eabi/12.3.1/thumb/v7e-m+dp/hard/libgcc.a
LOAD /home/dashygo/Elec/makeself_dir_Nwh1xn/CubeIDE/plugins/com.st.stm32cube.ide.mcu.externaltools.gnu-tools-for-stm32.12.3.rel1.linux64_1.0.100.202403111256/tools/bin/../lib/gcc/arm-none-eabi/12.3.1/../../../../arm-none-eabi/lib/thumb/v7e-m+dp/hard/libc.a
END GROUP
START GROUP
LOAD /home/dashygo/Elec/makeself_dir_Nwh1xn/CubeIDE/plugins/com.st.stm32cube.ide.mcu.externaltools.gnu-tools-for-stm32.12.3.rel1.linux64_1.0.100.202403111256/tools/bin/../lib/gcc/arm-none-eabi/12.3.1/thumb/v7e-m+dp/hard/libgcc.a
LOAD /home/dashygo/Elec/makeself_dir_Nwh1xn/CubeIDE/plugins/com.st.stm32cube.ide.mcu.externaltools.gnu-tools-for-stm32.12.3.rel1.linux64_1.0.100.202403111256/tools/bin/../lib/gcc/arm-none-eabi/12.3.1/../../../../arm-none-eabi/lib/thumb/v7e-m+dp/hard/libc.a
LOAD /home/dashygo/Elec/makeself_dir_Nwh1xn/CubeIDE/plugins/com.st.stm32cube.ide.mcu.externaltools.gnu-tools-for-stm32.12.3.rel1.linux64_1.0.100.202403111256/tools/bin/../lib/gcc/arm-none-eabi/12.3.1/../../../../arm-none-eabi/lib/thumb/v7e-m+dp/hard/libnosys.a
END GROUP
LOAD /home/dashygo/Elec/makeself_dir_Nwh1xn/CubeIDE/plugins/com.st.stm32cube.ide.mcu.externaltools.gnu-tools-for-stm32.12.3.rel1.linux64_1.0.100.202403111256/tools/bin/../lib/gcc/arm-none-eabi/12.3.1/thumb/v7e-m+dp/hard/crtend.o
LOAD /home/dashygo/Elec/makeself_dir_Nwh1xn/CubeIDE/plugins/com.st.stm32cube.ide.mcu.externaltools.gnu-tools-for-stm32.12.3.rel1.linux64_1.0.100.202403111256/tools/bin/../lib/gcc/arm-none-eabi/12.3.1/thumb/v7e-m+dp/hard/crtn.o
                0x24080000                        _estack = (ORIGIN (RAM_D1) + LENGTH (RAM_D1))
                0x00003000                        _Min_Heap_Size = 0x3000
                0x00001000                        _Min_Stack_Size = 0x1000

.isr_vector     0x08000000      0x298
                0x08000000                        . = ALIGN (0x4)
 *(.isr_vector)
 .isr_vector    0x08000000      0x298 ./Core/Startup/startup_stm32h743vitx.o
                0x08000000                g_pfnVectors
                0x08000298                        . = ALIGN (0x4)

.text           0x080002a0    0x151f4
                0x080002a0                        . = ALIGN (0x4)
 *(.text)
 .text          0x080002a0       0x40 /home/dashygo/Elec/makeself_dir_Nwh1xn/CubeIDE/plugins/com.st.stm32cube.ide.mcu.externaltools.gnu-tools-for-stm32.12.3.rel1.linux64_1.0.100.202403111256/tools/bin/../lib/gcc/arm-none-eabi/12.3.1/thumb/v7e-m+dp/hard/crtbegin.o
 .text          0x080002e0       0xa0 /home/dashygo/Elec/makeself_dir_Nwh1xn/CubeIDE/plugins/com.st.stm32cube.ide.mcu.externaltools.gnu-tools-for-stm32.12.3.rel1.linux64_1.0.100.202403111256/tools/bin/../lib/gcc/arm-none-eabi/12.3.1/../../../../arm-none-eabi/lib/thumb/v7e-m+dp/hard/libc.a(libc_a-memchr.o)
                0x080002e0                memchr
 .text          0x08000380       0x10 /home/dashygo/Elec/makeself_dir_Nwh1xn/CubeIDE/plugins/com.st.stm32cube.ide.mcu.externaltools.gnu-tools-for-stm32.12.3.rel1.linux64_1.0.100.202403111256/tools/bin/../lib/gcc/arm-none-eabi/12.3.1/../../../../arm-none-eabi/lib/thumb/v7e-m+dp/hard/libc.a(libc_a-strlen.o)
                0x08000380                strlen
 .text          0x08000390       0x30 /home/dashygo/Elec/makeself_dir_Nwh1xn/CubeIDE/plugins/com.st.stm32cube.ide.mcu.externaltools.gnu-tools-for-stm32.12.3.rel1.linux64_1.0.100.202403111256/tools/bin/../lib/gcc/arm-none-eabi/12.3.1/thumb/v7e-m+dp/hard/libgcc.a(_aeabi_uldivmod.o)
                0x08000390                __aeabi_uldivmod
 .text          0x080003c0      0x2b8 /home/dashygo/Elec/makeself_dir_Nwh1xn/CubeIDE/plugins/com.st.stm32cube.ide.mcu.externaltools.gnu-tools-for-stm32.12.3.rel1.linux64_1.0.100.202403111256/tools/bin/../lib/gcc/arm-none-eabi/12.3.1/thumb/v7e-m+dp/hard/libgcc.a(_muldc3.o)
                0x080003c0                __muldc3
 .text          0x08000678      0x2bc /home/dashygo/Elec/makeself_dir_Nwh1xn/CubeIDE/plugins/com.st.stm32cube.ide.mcu.externaltools.gnu-tools-for-stm32.12.3.rel1.linux64_1.0.100.202403111256/tools/bin/../lib/gcc/arm-none-eabi/12.3.1/thumb/v7e-m+dp/hard/libgcc.a(_udivmoddi4.o)
                0x08000678                __udivmoddi4
 .text          0x08000934        0x4 /home/dashygo/Elec/makeself_dir_Nwh1xn/CubeIDE/plugins/com.st.stm32cube.ide.mcu.externaltools.gnu-tools-for-stm32.12.3.rel1.linux64_1.0.100.202403111256/tools/bin/../lib/gcc/arm-none-eabi/12.3.1/thumb/v7e-m+dp/hard/libgcc.a(_dvmd_tls.o)
                0x08000934                __aeabi_ldiv0
                0x08000934                __aeabi_idiv0
 *(.text*)
 .text.rev      0x08000938       0xe8 ./Core/Src/FO.o
                0x08000938                rev
 .text.FFT      0x08000a20      0x400 ./Core/Src/FO.o
                0x08000a20                FFT
 .text.FFT_Mag  0x08000e20       0xfc ./Core/Src/FO.o
                0x08000e20                FFT_Mag
 *fill*         0x08000f1c        0x4 
 .text.Blackman
                0x08000f20      0x190 ./Core/Src/FO.o
                0x08000f20                Blackman
 .text.MX_ADC1_Init
                0x080010b0       0xf4 ./Core/Src/adc.o
                0x080010b0                MX_ADC1_Init
 .text.HAL_ADC_MspInit
                0x080011a4      0x14c ./Core/Src/adc.o
                0x080011a4                HAL_ADC_MspInit
 .text.HAL_ADC_MspDeInit
                0x080012f0       0x48 ./Core/Src/adc.o
                0x080012f0                HAL_ADC_MspDeInit
 .text.MX_DAC1_Init
                0x08001338       0x64 ./Core/Src/dac.o
                0x08001338                MX_DAC1_Init
 .text.HAL_DAC_MspInit
                0x0800139c       0xf4 ./Core/Src/dac.o
                0x0800139c                HAL_DAC_MspInit
 .text.MX_DMA_Init
                0x08001490       0x50 ./Core/Src/dma.o
                0x08001490                MX_DMA_Init
 .text.MX_GPIO_Init
                0x080014e0       0x70 ./Core/Src/gpio.o
                0x080014e0                MX_GPIO_Init
 .text.MX_I2C1_Init
                0x08001550       0x80 ./Core/Src/i2c.o
                0x08001550                MX_I2C1_Init
 .text.HAL_I2C_MspInit
                0x080015d0       0xd0 ./Core/Src/i2c.o
                0x080015d0                HAL_I2C_MspInit
 .text.PrintMag
                0x080016a0      0x138 ./Core/Src/main.o
                0x080016a0                PrintMag
 .text.PrintTHD
                0x080017d8      0x324 ./Core/Src/main.o
                0x080017d8                PrintTHD
 .text.Para_init
                0x08001afc       0x90 ./Core/Src/main.o
                0x08001afc                Para_init
 .text.adc_init
                0x08001b8c       0x9c ./Core/Src/main.o
                0x08001b8c                adc_init
 .text.ADC1_Get
                0x08001c28      0x114 ./Core/Src/main.o
                0x08001c28                ADC1_Get
 .text.HandleFFT
                0x08001d3c       0xfc ./Core/Src/main.o
                0x08001d3c                HandleFFT
 .text.ADC_FFT  0x08001e38      0x18c ./Core/Src/main.o
                0x08001e38                ADC_FFT
 .text.main     0x08001fc4      0x130 ./Core/Src/main.o
                0x08001fc4                main
 .text.SystemClock_Config
                0x080020f4      0x16c ./Core/Src/main.o
                0x080020f4                SystemClock_Config
 .text.HAL_ADC_ConvCpltCallback
                0x08002260       0x20 ./Core/Src/main.o
                0x08002260                HAL_ADC_ConvCpltCallback
 .text.HAL_TIM_IC_CaptureCallback
                0x08002280      0x124 ./Core/Src/main.o
                0x08002280                HAL_TIM_IC_CaptureCallback
 *fill*         0x080023a4        0x4 
 .text.HAL_TIM_PeriodElapsedCallback
                0x080023a8      0x104 ./Core/Src/main.o
                0x080023a8                HAL_TIM_PeriodElapsedCallback
 .text.Parameter_Init
                0x080024ac       0x38 ./Core/Src/main.o
                0x080024ac                Parameter_Init
 .text.Turn2HIGH_FREQUENCY_MODE
                0x080024e4       0x48 ./Core/Src/main.o
                0x080024e4                Turn2HIGH_FREQUENCY_MODE
 .text.Turn2LOW_FREQUENCY_MODE
                0x0800252c       0x34 ./Core/Src/main.o
                0x0800252c                Turn2LOW_FREQUENCY_MODE
 .text.MPU_Config
                0x08002560       0xbc ./Core/Src/main.o
 .text.Error_Handler
                0x0800261c        0xc ./Core/Src/main.o
                0x0800261c                Error_Handler
 .text.Oled_Write_Cmd
                0x08002628       0x30 ./Core/Src/oled.o
                0x08002628                Oled_Write_Cmd
 .text.Oled_Write_Data
                0x08002658       0x3c ./Core/Src/oled.o
                0x08002658                Oled_Write_Data
 .text.Oled_Init
                0x08002694       0xbc ./Core/Src/oled.o
                0x08002694                Oled_Init
 .text.Oled_RstFrame
                0x08002750       0x18 ./Core/Src/oled.o
                0x08002750                Oled_RstFrame
 .text.Oled_ShowFrame
                0x08002768       0x7c ./Core/Src/oled.o
                0x08002768                Oled_ShowFrame
 .text.Oled_WriteChar
                0x080027e4       0x48 ./Core/Src/oled.o
                0x080027e4                Oled_WriteChar
 .text.Oled_WriteAsciiChar
                0x0800282c      0x114 ./Core/Src/oled.o
                0x0800282c                Oled_WriteAsciiChar
 .text.Oled_WriteAsciiString
                0x08002940       0x2c ./Core/Src/oled.o
                0x08002940                Oled_WriteAsciiString
 *fill*         0x0800296c        0x4 
 .text.FFT_ADC1
                0x08002970      0x2e0 ./Core/Src/signal.o
                0x08002970                FFT_ADC1
 .text.HAL_MspInit
                0x08002c50       0x34 ./Core/Src/stm32h7xx_hal_msp.o
                0x08002c50                HAL_MspInit
 .text.NMI_Handler
                0x08002c84        0x8 ./Core/Src/stm32h7xx_it.o
                0x08002c84                NMI_Handler
 .text.HardFault_Handler
                0x08002c8c        0x8 ./Core/Src/stm32h7xx_it.o
                0x08002c8c                HardFault_Handler
 .text.MemManage_Handler
                0x08002c94        0x8 ./Core/Src/stm32h7xx_it.o
                0x08002c94                MemManage_Handler
 .text.BusFault_Handler
                0x08002c9c        0x8 ./Core/Src/stm32h7xx_it.o
                0x08002c9c                BusFault_Handler
 .text.UsageFault_Handler
                0x08002ca4        0x8 ./Core/Src/stm32h7xx_it.o
                0x08002ca4                UsageFault_Handler
 .text.SVC_Handler
                0x08002cac        0xe ./Core/Src/stm32h7xx_it.o
                0x08002cac                SVC_Handler
 .text.DebugMon_Handler
                0x08002cba        0xe ./Core/Src/stm32h7xx_it.o
                0x08002cba                DebugMon_Handler
 .text.PendSV_Handler
                0x08002cc8        0xe ./Core/Src/stm32h7xx_it.o
                0x08002cc8                PendSV_Handler
 .text.SysTick_Handler
                0x08002cd6        0xc ./Core/Src/stm32h7xx_it.o
                0x08002cd6                SysTick_Handler
 *fill*         0x08002ce2        0x2 
 .text.DMA1_Stream0_IRQHandler
                0x08002ce4       0x14 ./Core/Src/stm32h7xx_it.o
                0x08002ce4                DMA1_Stream0_IRQHandler
 .text.DMA1_Stream1_IRQHandler
                0x08002cf8       0x14 ./Core/Src/stm32h7xx_it.o
                0x08002cf8                DMA1_Stream1_IRQHandler
 .text.TIM4_IRQHandler
                0x08002d0c       0x14 ./Core/Src/stm32h7xx_it.o
                0x08002d0c                TIM4_IRQHandler
 .text.TIM5_IRQHandler
                0x08002d20       0x14 ./Core/Src/stm32h7xx_it.o
                0x08002d20                TIM5_IRQHandler
 .text._getpid  0x08002d34       0x10 ./Core/Src/syscalls.o
                0x08002d34                _getpid
 .text._kill    0x08002d44       0x20 ./Core/Src/syscalls.o
                0x08002d44                _kill
 .text._exit    0x08002d64       0x16 ./Core/Src/syscalls.o
                0x08002d64                _exit
 .text._read    0x08002d7a       0x3a ./Core/Src/syscalls.o
                0x08002d7a                _read
 .text._write   0x08002db4       0x38 ./Core/Src/syscalls.o
                0x08002db4                _write
 .text._close   0x08002dec       0x18 ./Core/Src/syscalls.o
                0x08002dec                _close
 .text._fstat   0x08002e04       0x20 ./Core/Src/syscalls.o
                0x08002e04                _fstat
 .text._isatty  0x08002e24       0x16 ./Core/Src/syscalls.o
                0x08002e24                _isatty
 .text._lseek   0x08002e3a       0x1a ./Core/Src/syscalls.o
                0x08002e3a                _lseek
 .text._sbrk    0x08002e54       0x6c ./Core/Src/sysmem.o
                0x08002e54                _sbrk
 .text.SystemInit
                0x08002ec0      0x110 ./Core/Src/system_stm32h7xx.o
                0x08002ec0                SystemInit
 .text.MX_TIM2_Init
                0x08002fd0       0x9c ./Core/Src/tim.o
                0x08002fd0                MX_TIM2_Init
 .text.MX_TIM4_Init
                0x0800306c       0xa0 ./Core/Src/tim.o
                0x0800306c                MX_TIM4_Init
 .text.MX_TIM5_Init
                0x0800310c       0xe4 ./Core/Src/tim.o
                0x0800310c                MX_TIM5_Init
 .text.MX_TIM7_Init
                0x080031f0       0x6c ./Core/Src/tim.o
                0x080031f0                MX_TIM7_Init
 .text.MX_TIM15_Init
                0x0800325c       0xa0 ./Core/Src/tim.o
                0x0800325c                MX_TIM15_Init
 .text.HAL_TIM_Base_MspInit
                0x080032fc      0x168 ./Core/Src/tim.o
                0x080032fc                HAL_TIM_Base_MspInit
 .text.MX_TIM5_Init_ETR
                0x08003464       0x90 ./Core/Src/tim.o
                0x08003464                MX_TIM5_Init_ETR
 .text.MX_MyTIM15_Init
                0x080034f4      0x14c ./Core/Src/tim.o
                0x080034f4                MX_MyTIM15_Init
 .text.MX_USART1_UART_Init
                0x08003640       0x98 ./Core/Src/usart.o
                0x08003640                MX_USART1_UART_Init
 .text.HAL_UART_MspInit
                0x080036d8       0xd4 ./Core/Src/usart.o
                0x080036d8                HAL_UART_MspInit
 .text.Reset_Handler
                0x080037ac       0x50 ./Core/Startup/startup_stm32h743vitx.o
                0x080037ac                Reset_Handler
 .text.Default_Handler
                0x080037fc        0x2 ./Core/Startup/startup_stm32h743vitx.o
                0x080037fc                RTC_Alarm_IRQHandler
                0x080037fc                EXTI2_IRQHandler
                0x080037fc                TIM8_CC_IRQHandler
                0x080037fc                HRTIM1_Master_IRQHandler
                0x080037fc                UART8_IRQHandler
                0x080037fc                SPI4_IRQHandler
                0x080037fc                TIM1_CC_IRQHandler
                0x080037fc                BDMA_Channel6_IRQHandler
                0x080037fc                DMA2_Stream5_IRQHandler
                0x080037fc                HRTIM1_FLT_IRQHandler
                0x080037fc                JPEG_IRQHandler
                0x080037fc                DMA1_Stream5_IRQHandler
                0x080037fc                BDMA_Channel1_IRQHandler
                0x080037fc                HRTIM1_TIMD_IRQHandler
                0x080037fc                TAMP_STAMP_IRQHandler
                0x080037fc                EXTI3_IRQHandler
                0x080037fc                LPTIM4_IRQHandler
                0x080037fc                TIM8_TRG_COM_TIM14_IRQHandler
                0x080037fc                LPTIM2_IRQHandler
                0x080037fc                DFSDM1_FLT1_IRQHandler
                0x080037fc                DMAMUX2_OVR_IRQHandler
                0x080037fc                TIM8_UP_TIM13_IRQHandler
                0x080037fc                I2C3_ER_IRQHandler
                0x080037fc                DFSDM1_FLT2_IRQHandler
                0x080037fc                MDMA_IRQHandler
                0x080037fc                LPTIM3_IRQHandler
                0x080037fc                HSEM1_IRQHandler
                0x080037fc                EXTI0_IRQHandler
                0x080037fc                I2C2_EV_IRQHandler
                0x080037fc                DMA1_Stream2_IRQHandler
                0x080037fc                FPU_IRQHandler
                0x080037fc                OTG_HS_WKUP_IRQHandler
                0x080037fc                FDCAN1_IT1_IRQHandler
                0x080037fc                LTDC_ER_IRQHandler
                0x080037fc                DMA2_Stream2_IRQHandler
                0x080037fc                HRTIM1_TIME_IRQHandler
                0x080037fc                SPI1_IRQHandler
                0x080037fc                TIM6_DAC_IRQHandler
                0x080037fc                DCMI_IRQHandler
                0x080037fc                HRTIM1_TIMC_IRQHandler
                0x080037fc                DMA2_Stream3_IRQHandler
                0x080037fc                SAI2_IRQHandler
                0x080037fc                DFSDM1_FLT3_IRQHandler
                0x080037fc                USART6_IRQHandler
                0x080037fc                TIM17_IRQHandler
                0x080037fc                USART3_IRQHandler
                0x080037fc                BDMA_Channel7_IRQHandler
                0x080037fc                LPTIM5_IRQHandler
                0x080037fc                UART5_IRQHandler
                0x080037fc                ADC3_IRQHandler
                0x080037fc                DMA2_Stream0_IRQHandler
                0x080037fc                BDMA_Channel2_IRQHandler
                0x080037fc                QUADSPI_IRQHandler
                0x080037fc                I2C1_EV_IRQHandler
                0x080037fc                DMA1_Stream6_IRQHandler
                0x080037fc                DMAMUX1_OVR_IRQHandler
                0x080037fc                TIM16_IRQHandler
                0x080037fc                UART4_IRQHandler
                0x080037fc                BDMA_Channel5_IRQHandler
                0x080037fc                TIM3_IRQHandler
                0x080037fc                RCC_IRQHandler
                0x080037fc                TIM8_BRK_TIM12_IRQHandler
                0x080037fc                TIM1_TRG_COM_IRQHandler
                0x080037fc                Default_Handler
                0x080037fc                ECC_IRQHandler
                0x080037fc                CEC_IRQHandler
                0x080037fc                EXTI15_10_IRQHandler
                0x080037fc                BDMA_Channel0_IRQHandler
                0x080037fc                ADC_IRQHandler
                0x080037fc                DMA1_Stream7_IRQHandler
                0x080037fc                HRTIM1_TIMA_IRQHandler
                0x080037fc                SPI5_IRQHandler
                0x080037fc                TIM7_IRQHandler
                0x080037fc                SDMMC1_IRQHandler
                0x080037fc                DMA2_Stream7_IRQHandler
                0x080037fc                TIM15_IRQHandler
                0x080037fc                PVD_AVD_IRQHandler
                0x080037fc                I2C3_EV_IRQHandler
                0x080037fc                EXTI9_5_IRQHandler
                0x080037fc                RTC_WKUP_IRQHandler
                0x080037fc                LTDC_IRQHandler
                0x080037fc                SAI3_IRQHandler
                0x080037fc                ETH_WKUP_IRQHandler
                0x080037fc                SPDIF_RX_IRQHandler
                0x080037fc                SPI2_IRQHandler
                0x080037fc                OTG_HS_EP1_IN_IRQHandler
                0x080037fc                CRS_IRQHandler
                0x080037fc                EXTI4_IRQHandler
                0x080037fc                RNG_IRQHandler
                0x080037fc                HRTIM1_TIMB_IRQHandler
                0x080037fc                FDCAN2_IT1_IRQHandler
                0x080037fc                ETH_IRQHandler
                0x080037fc                TIM1_UP_IRQHandler
                0x080037fc                BDMA_Channel4_IRQHandler
                0x080037fc                OTG_HS_EP1_OUT_IRQHandler
                0x080037fc                WWDG_IRQHandler
                0x080037fc                SPI6_IRQHandler
                0x080037fc                MDIOS_IRQHandler
                0x080037fc                I2C4_EV_IRQHandler
                0x080037fc                FDCAN2_IT0_IRQHandler
                0x080037fc                LPUART1_IRQHandler
                0x080037fc                FDCAN1_IT0_IRQHandler
                0x080037fc                TIM2_IRQHandler
                0x080037fc                OTG_FS_WKUP_IRQHandler
                0x080037fc                OTG_HS_IRQHandler
                0x080037fc                DMA2D_IRQHandler
                0x080037fc                TIM1_BRK_IRQHandler
                0x080037fc                EXTI1_IRQHandler
                0x080037fc                SDMMC2_IRQHandler
                0x080037fc                OTG_FS_EP1_OUT_IRQHandler
                0x080037fc                BDMA_Channel3_IRQHandler
                0x080037fc                UART7_IRQHandler
                0x080037fc                MDIOS_WKUP_IRQHandler
                0x080037fc                USART2_IRQHandler
                0x080037fc                DFSDM1_FLT0_IRQHandler
                0x080037fc                SAI4_IRQHandler
                0x080037fc                I2C2_ER_IRQHandler
                0x080037fc                DMA2_Stream1_IRQHandler
                0x080037fc                FLASH_IRQHandler
                0x080037fc                DMA2_Stream4_IRQHandler
                0x080037fc                USART1_IRQHandler
                0x080037fc                OTG_FS_IRQHandler
                0x080037fc                SPI3_IRQHandler
                0x080037fc                WAKEUP_PIN_IRQHandler
                0x080037fc                DMA1_Stream4_IRQHandler
                0x080037fc                OTG_FS_EP1_IN_IRQHandler
                0x080037fc                I2C1_ER_IRQHandler
                0x080037fc                FMC_IRQHandler
                0x080037fc                FDCAN_CAL_IRQHandler
                0x080037fc                SWPMI1_IRQHandler
                0x080037fc                COMP1_IRQHandler
                0x080037fc                LPTIM1_IRQHandler
                0x080037fc                I2C4_ER_IRQHandler
                0x080037fc                DMA2_Stream6_IRQHandler
                0x080037fc                SAI1_IRQHandler
                0x080037fc                DMA1_Stream3_IRQHandler
 *fill*         0x080037fe        0x2 
 .text.HAL_Init
                0x08003800       0x78 ./Drivers/STM32H7xx_HAL_Driver/Src/stm32h7xx_hal.o
                0x08003800                HAL_Init
 .text.HAL_InitTick
                0x08003878       0x6c ./Drivers/STM32H7xx_HAL_Driver/Src/stm32h7xx_hal.o
                0x08003878                HAL_InitTick
 .text.HAL_IncTick
                0x080038e4       0x28 ./Drivers/STM32H7xx_HAL_Driver/Src/stm32h7xx_hal.o
                0x080038e4                HAL_IncTick
 .text.HAL_GetTick
                0x0800390c       0x18 ./Drivers/STM32H7xx_HAL_Driver/Src/stm32h7xx_hal.o
                0x0800390c                HAL_GetTick
 .text.HAL_Delay
                0x08003924       0x48 ./Drivers/STM32H7xx_HAL_Driver/Src/stm32h7xx_hal.o
                0x08003924                HAL_Delay
 .text.HAL_GetREVID
                0x0800396c       0x18 ./Drivers/STM32H7xx_HAL_Driver/Src/stm32h7xx_hal.o
                0x0800396c                HAL_GetREVID
 .text.LL_ADC_SetCommonClock
                0x08003984       0x26 ./Drivers/STM32H7xx_HAL_Driver/Src/stm32h7xx_hal_adc.o
 .text.LL_ADC_SetCommonPathInternalCh
                0x080039aa       0x26 ./Drivers/STM32H7xx_HAL_Driver/Src/stm32h7xx_hal_adc.o
 .text.LL_ADC_GetCommonPathInternalCh
                0x080039d0       0x1c ./Drivers/STM32H7xx_HAL_Driver/Src/stm32h7xx_hal_adc.o
 .text.LL_ADC_SetOffset
                0x080039ec       0x40 ./Drivers/STM32H7xx_HAL_Driver/Src/stm32h7xx_hal_adc.o
 .text.LL_ADC_SetDataRightShift
                0x08003a2c       0x32 ./Drivers/STM32H7xx_HAL_Driver/Src/stm32h7xx_hal_adc.o
 .text.LL_ADC_SetOffsetSignedSaturation
                0x08003a5e       0x36 ./Drivers/STM32H7xx_HAL_Driver/Src/stm32h7xx_hal_adc.o
 .text.LL_ADC_REG_IsTriggerSourceSWStart
                0x08003a94       0x26 ./Drivers/STM32H7xx_HAL_Driver/Src/stm32h7xx_hal_adc.o
 .text.LL_ADC_REG_SetSequencerRanks
                0x08003aba       0x58 ./Drivers/STM32H7xx_HAL_Driver/Src/stm32h7xx_hal_adc.o
 .text.LL_ADC_REG_SetDataTransferMode
                0x08003b12       0x26 ./Drivers/STM32H7xx_HAL_Driver/Src/stm32h7xx_hal_adc.o
 .text.LL_ADC_SetChannelSamplingTime
                0x08003b38       0x56 ./Drivers/STM32H7xx_HAL_Driver/Src/stm32h7xx_hal_adc.o
 *fill*         0x08003b8e        0x2 
 .text.LL_ADC_SetChannelSingleDiff
                0x08003b90       0x48 ./Drivers/STM32H7xx_HAL_Driver/Src/stm32h7xx_hal_adc.o
 .text.LL_ADC_GetMultimode
                0x08003bd8       0x1c ./Drivers/STM32H7xx_HAL_Driver/Src/stm32h7xx_hal_adc.o
 .text.LL_ADC_DisableDeepPowerDown
                0x08003bf4       0x24 ./Drivers/STM32H7xx_HAL_Driver/Src/stm32h7xx_hal_adc.o
 .text.LL_ADC_IsDeepPowerDownEnabled
                0x08003c18       0x28 ./Drivers/STM32H7xx_HAL_Driver/Src/stm32h7xx_hal_adc.o
 .text.LL_ADC_EnableInternalRegulator
                0x08003c40       0x28 ./Drivers/STM32H7xx_HAL_Driver/Src/stm32h7xx_hal_adc.o
 .text.LL_ADC_IsInternalRegulatorEnabled
                0x08003c68       0x28 ./Drivers/STM32H7xx_HAL_Driver/Src/stm32h7xx_hal_adc.o
 .text.LL_ADC_Enable
                0x08003c90       0x28 ./Drivers/STM32H7xx_HAL_Driver/Src/stm32h7xx_hal_adc.o
 .text.LL_ADC_Disable
                0x08003cb8       0x28 ./Drivers/STM32H7xx_HAL_Driver/Src/stm32h7xx_hal_adc.o
 .text.LL_ADC_IsEnabled
                0x08003ce0       0x26 ./Drivers/STM32H7xx_HAL_Driver/Src/stm32h7xx_hal_adc.o
 .text.LL_ADC_IsDisableOngoing
                0x08003d06       0x26 ./Drivers/STM32H7xx_HAL_Driver/Src/stm32h7xx_hal_adc.o
 .text.LL_ADC_REG_StartConversion
                0x08003d2c       0x28 ./Drivers/STM32H7xx_HAL_Driver/Src/stm32h7xx_hal_adc.o
 .text.LL_ADC_REG_StopConversion
                0x08003d54       0x28 ./Drivers/STM32H7xx_HAL_Driver/Src/stm32h7xx_hal_adc.o
 .text.LL_ADC_REG_IsConversionOngoing
                0x08003d7c       0x26 ./Drivers/STM32H7xx_HAL_Driver/Src/stm32h7xx_hal_adc.o
 *fill*         0x08003da2        0x2 
 .text.LL_ADC_INJ_StopConversion
                0x08003da4       0x28 ./Drivers/STM32H7xx_HAL_Driver/Src/stm32h7xx_hal_adc.o
 .text.LL_ADC_INJ_IsConversionOngoing
                0x08003dcc       0x26 ./Drivers/STM32H7xx_HAL_Driver/Src/stm32h7xx_hal_adc.o
 *fill*         0x08003df2        0x2 
 .text.HAL_ADC_Init
                0x08003df4      0x344 ./Drivers/STM32H7xx_HAL_Driver/Src/stm32h7xx_hal_adc.o
                0x08003df4                HAL_ADC_Init
 .text.HAL_ADC_DeInit
                0x08004138      0x300 ./Drivers/STM32H7xx_HAL_Driver/Src/stm32h7xx_hal_adc.o
                0x08004138                HAL_ADC_DeInit
 .text.HAL_ADC_Start_DMA
                0x08004438      0x188 ./Drivers/STM32H7xx_HAL_Driver/Src/stm32h7xx_hal_adc.o
                0x08004438                HAL_ADC_Start_DMA
 .text.HAL_ADC_ConvHalfCpltCallback
                0x080045c0       0x14 ./Drivers/STM32H7xx_HAL_Driver/Src/stm32h7xx_hal_adc.o
                0x080045c0                HAL_ADC_ConvHalfCpltCallback
 .text.HAL_ADC_ErrorCallback
                0x080045d4       0x14 ./Drivers/STM32H7xx_HAL_Driver/Src/stm32h7xx_hal_adc.o
                0x080045d4                HAL_ADC_ErrorCallback
 .text.HAL_ADC_ConfigChannel
                0x080045e8      0x6a0 ./Drivers/STM32H7xx_HAL_Driver/Src/stm32h7xx_hal_adc.o
                0x080045e8                HAL_ADC_ConfigChannel
 .text.ADC_ConversionStop
                0x08004c88      0x178 ./Drivers/STM32H7xx_HAL_Driver/Src/stm32h7xx_hal_adc.o
                0x08004c88                ADC_ConversionStop
 .text.ADC_Enable
                0x08004e00      0x114 ./Drivers/STM32H7xx_HAL_Driver/Src/stm32h7xx_hal_adc.o
                0x08004e00                ADC_Enable
 .text.ADC_Disable
                0x08004f14       0xbe ./Drivers/STM32H7xx_HAL_Driver/Src/stm32h7xx_hal_adc.o
                0x08004f14                ADC_Disable
 .text.ADC_DMAConvCplt
                0x08004fd2       0xd8 ./Drivers/STM32H7xx_HAL_Driver/Src/stm32h7xx_hal_adc.o
                0x08004fd2                ADC_DMAConvCplt
 .text.ADC_DMAHalfConvCplt
                0x080050aa       0x1c ./Drivers/STM32H7xx_HAL_Driver/Src/stm32h7xx_hal_adc.o
                0x080050aa                ADC_DMAHalfConvCplt
 .text.ADC_DMAError
                0x080050c6       0x34 ./Drivers/STM32H7xx_HAL_Driver/Src/stm32h7xx_hal_adc.o
                0x080050c6                ADC_DMAError
 *fill*         0x080050fa        0x2 
 .text.ADC_ConfigureBoostMode
                0x080050fc      0x218 ./Drivers/STM32H7xx_HAL_Driver/Src/stm32h7xx_hal_adc.o
                0x080050fc                ADC_ConfigureBoostMode
 .text.LL_ADC_IsEnabled
                0x08005314       0x26 ./Drivers/STM32H7xx_HAL_Driver/Src/stm32h7xx_hal_adc_ex.o
 *fill*         0x0800533a        0x2 
 .text.LL_ADC_StartCalibration
                0x0800533c       0x3c ./Drivers/STM32H7xx_HAL_Driver/Src/stm32h7xx_hal_adc_ex.o
 .text.LL_ADC_IsCalibrationOnGoing
                0x08005378       0x28 ./Drivers/STM32H7xx_HAL_Driver/Src/stm32h7xx_hal_adc_ex.o
 .text.LL_ADC_REG_IsConversionOngoing
                0x080053a0       0x26 ./Drivers/STM32H7xx_HAL_Driver/Src/stm32h7xx_hal_adc_ex.o
 *fill*         0x080053c6        0x2 
 .text.HAL_ADCEx_Calibration_Start
                0x080053c8       0xc8 ./Drivers/STM32H7xx_HAL_Driver/Src/stm32h7xx_hal_adc_ex.o
                0x080053c8                HAL_ADCEx_Calibration_Start
 .text.HAL_ADCEx_MultiModeConfigChannel
                0x08005490      0x1bc ./Drivers/STM32H7xx_HAL_Driver/Src/stm32h7xx_hal_adc_ex.o
                0x08005490                HAL_ADCEx_MultiModeConfigChannel
 .text.__NVIC_SetPriorityGrouping
                0x0800564c       0x48 ./Drivers/STM32H7xx_HAL_Driver/Src/stm32h7xx_hal_cortex.o
 .text.__NVIC_GetPriorityGrouping
                0x08005694       0x1c ./Drivers/STM32H7xx_HAL_Driver/Src/stm32h7xx_hal_cortex.o
 .text.__NVIC_EnableIRQ
                0x080056b0       0x3c ./Drivers/STM32H7xx_HAL_Driver/Src/stm32h7xx_hal_cortex.o
 .text.__NVIC_SetPriority
                0x080056ec       0x54 ./Drivers/STM32H7xx_HAL_Driver/Src/stm32h7xx_hal_cortex.o
 .text.NVIC_EncodePriority
                0x08005740       0x66 ./Drivers/STM32H7xx_HAL_Driver/Src/stm32h7xx_hal_cortex.o
 *fill*         0x080057a6        0x2 
 .text.SysTick_Config
                0x080057a8       0x44 ./Drivers/STM32H7xx_HAL_Driver/Src/stm32h7xx_hal_cortex.o
 .text.HAL_NVIC_SetPriorityGrouping
                0x080057ec       0x16 ./Drivers/STM32H7xx_HAL_Driver/Src/stm32h7xx_hal_cortex.o
                0x080057ec                HAL_NVIC_SetPriorityGrouping
 .text.HAL_NVIC_SetPriority
                0x08005802       0x34 ./Drivers/STM32H7xx_HAL_Driver/Src/stm32h7xx_hal_cortex.o
                0x08005802                HAL_NVIC_SetPriority
 .text.HAL_NVIC_EnableIRQ
                0x08005836       0x1c ./Drivers/STM32H7xx_HAL_Driver/Src/stm32h7xx_hal_cortex.o
                0x08005836                HAL_NVIC_EnableIRQ
 .text.HAL_SYSTICK_Config
                0x08005852       0x18 ./Drivers/STM32H7xx_HAL_Driver/Src/stm32h7xx_hal_cortex.o
                0x08005852                HAL_SYSTICK_Config
 *fill*         0x0800586a        0x2 
 .text.HAL_MPU_Disable
                0x0800586c       0x30 ./Drivers/STM32H7xx_HAL_Driver/Src/stm32h7xx_hal_cortex.o
                0x0800586c                HAL_MPU_Disable
 .text.HAL_MPU_Enable
                0x0800589c       0x40 ./Drivers/STM32H7xx_HAL_Driver/Src/stm32h7xx_hal_cortex.o
                0x0800589c                HAL_MPU_Enable
 .text.HAL_MPU_ConfigRegion
                0x080058dc       0x88 ./Drivers/STM32H7xx_HAL_Driver/Src/stm32h7xx_hal_cortex.o
                0x080058dc                HAL_MPU_ConfigRegion
 .text.HAL_DAC_Init
                0x08005964       0x44 ./Drivers/STM32H7xx_HAL_Driver/Src/stm32h7xx_hal_dac.o
                0x08005964                HAL_DAC_Init
 .text.HAL_DAC_ConfigChannel
                0x080059a8      0x27c ./Drivers/STM32H7xx_HAL_Driver/Src/stm32h7xx_hal_dac.o
                0x080059a8                HAL_DAC_ConfigChannel
 .text.HAL_DMA_Init
                0x08005c24      0x6b8 ./Drivers/STM32H7xx_HAL_Driver/Src/stm32h7xx_hal_dma.o
                0x08005c24                HAL_DMA_Init
 .text.HAL_DMA_DeInit
                0x080062dc      0x36c ./Drivers/STM32H7xx_HAL_Driver/Src/stm32h7xx_hal_dma.o
                0x080062dc                HAL_DMA_DeInit
 .text.HAL_DMA_Start_IT
                0x08006648      0x4d4 ./Drivers/STM32H7xx_HAL_Driver/Src/stm32h7xx_hal_dma.o
                0x08006648                HAL_DMA_Start_IT
 .text.HAL_DMA_IRQHandler
                0x08006b1c      0xe54 ./Drivers/STM32H7xx_HAL_Driver/Src/stm32h7xx_hal_dma.o
                0x08006b1c                HAL_DMA_IRQHandler
 .text.DMA_SetConfig
                0x08007970      0x358 ./Drivers/STM32H7xx_HAL_Driver/Src/stm32h7xx_hal_dma.o
 .text.DMA_CalcBaseAndBitshift
                0x08007cc8      0x164 ./Drivers/STM32H7xx_HAL_Driver/Src/stm32h7xx_hal_dma.o
 .text.DMA_CheckFifoParam
                0x08007e2c       0xf8 ./Drivers/STM32H7xx_HAL_Driver/Src/stm32h7xx_hal_dma.o
 .text.DMA_CalcDMAMUXChannelBaseAndMask
                0x08007f24      0x134 ./Drivers/STM32H7xx_HAL_Driver/Src/stm32h7xx_hal_dma.o
 .text.DMA_CalcDMAMUXRequestGenBaseAndMask
                0x08008058       0xe8 ./Drivers/STM32H7xx_HAL_Driver/Src/stm32h7xx_hal_dma.o
 .text.HAL_GPIO_Init
                0x08008140      0x360 ./Drivers/STM32H7xx_HAL_Driver/Src/stm32h7xx_hal_gpio.o
                0x08008140                HAL_GPIO_Init
 .text.HAL_GPIO_DeInit
                0x080084a0      0x214 ./Drivers/STM32H7xx_HAL_Driver/Src/stm32h7xx_hal_gpio.o
                0x080084a0                HAL_GPIO_DeInit
 .text.HAL_I2C_Init
                0x080086b4      0x120 ./Drivers/STM32H7xx_HAL_Driver/Src/stm32h7xx_hal_i2c.o
                0x080086b4                HAL_I2C_Init
 .text.HAL_I2C_Master_Transmit
                0x080087d4      0x1e8 ./Drivers/STM32H7xx_HAL_Driver/Src/stm32h7xx_hal_i2c.o
                0x080087d4                HAL_I2C_Master_Transmit
 .text.HAL_I2C_Mem_Write
                0x080089bc      0x228 ./Drivers/STM32H7xx_HAL_Driver/Src/stm32h7xx_hal_i2c.o
                0x080089bc                HAL_I2C_Mem_Write
 .text.I2C_RequestMemoryWrite
                0x08008be4       0xa8 ./Drivers/STM32H7xx_HAL_Driver/Src/stm32h7xx_hal_i2c.o
 .text.I2C_Flush_TXDR
                0x08008c8c       0x48 ./Drivers/STM32H7xx_HAL_Driver/Src/stm32h7xx_hal_i2c.o
 .text.I2C_WaitOnFlagUntilTimeout
                0x08008cd4       0x9e ./Drivers/STM32H7xx_HAL_Driver/Src/stm32h7xx_hal_i2c.o
 .text.I2C_WaitOnTXISFlagUntilTimeout
                0x08008d72       0x8e ./Drivers/STM32H7xx_HAL_Driver/Src/stm32h7xx_hal_i2c.o
 .text.I2C_WaitOnSTOPFlagUntilTimeout
                0x08008e00       0x86 ./Drivers/STM32H7xx_HAL_Driver/Src/stm32h7xx_hal_i2c.o
 *fill*         0x08008e86        0x2 
 .text.I2C_IsErrorOccurred
                0x08008e88      0x1c0 ./Drivers/STM32H7xx_HAL_Driver/Src/stm32h7xx_hal_i2c.o
 .text.I2C_TransferConfig
                0x08009048       0x64 ./Drivers/STM32H7xx_HAL_Driver/Src/stm32h7xx_hal_i2c.o
 .text.HAL_I2CEx_ConfigAnalogFilter
                0x080090ac       0x96 ./Drivers/STM32H7xx_HAL_Driver/Src/stm32h7xx_hal_i2c_ex.o
                0x080090ac                HAL_I2CEx_ConfigAnalogFilter
 .text.HAL_I2CEx_ConfigDigitalFilter
                0x08009142       0x98 ./Drivers/STM32H7xx_HAL_Driver/Src/stm32h7xx_hal_i2c_ex.o
                0x08009142                HAL_I2CEx_ConfigDigitalFilter
 *fill*         0x080091da        0x2 
 .text.HAL_PWREx_ConfigSupply
                0x080091dc       0x74 ./Drivers/STM32H7xx_HAL_Driver/Src/stm32h7xx_hal_pwr_ex.o
                0x080091dc                HAL_PWREx_ConfigSupply
 .text.HAL_RCC_OscConfig
                0x08009250      0x8b8 ./Drivers/STM32H7xx_HAL_Driver/Src/stm32h7xx_hal_rcc.o
                0x08009250                HAL_RCC_OscConfig
 .text.HAL_RCC_ClockConfig
                0x08009b08      0x36c ./Drivers/STM32H7xx_HAL_Driver/Src/stm32h7xx_hal_rcc.o
                0x08009b08                HAL_RCC_ClockConfig
 .text.HAL_RCC_GetSysClockFreq
                0x08009e74      0x2f4 ./Drivers/STM32H7xx_HAL_Driver/Src/stm32h7xx_hal_rcc.o
                0x08009e74                HAL_RCC_GetSysClockFreq
 .text.HAL_RCC_GetHCLKFreq
                0x0800a168       0x60 ./Drivers/STM32H7xx_HAL_Driver/Src/stm32h7xx_hal_rcc.o
                0x0800a168                HAL_RCC_GetHCLKFreq
 .text.HAL_RCC_GetPCLK1Freq
                0x0800a1c8       0x2c ./Drivers/STM32H7xx_HAL_Driver/Src/stm32h7xx_hal_rcc.o
                0x0800a1c8                HAL_RCC_GetPCLK1Freq
 .text.HAL_RCC_GetPCLK2Freq
                0x0800a1f4       0x2c ./Drivers/STM32H7xx_HAL_Driver/Src/stm32h7xx_hal_rcc.o
                0x0800a1f4                HAL_RCC_GetPCLK2Freq
 .text.HAL_RCCEx_PeriphCLKConfig
                0x0800a220     0x1414 ./Drivers/STM32H7xx_HAL_Driver/Src/stm32h7xx_hal_rcc_ex.o
                0x0800a220                HAL_RCCEx_PeriphCLKConfig
 .text.HAL_RCCEx_GetPeriphCLKFreq
                0x0800b634      0xb00 ./Drivers/STM32H7xx_HAL_Driver/Src/stm32h7xx_hal_rcc_ex.o
                0x0800b634                HAL_RCCEx_GetPeriphCLKFreq
 .text.HAL_RCCEx_GetD3PCLK1Freq
                0x0800c134       0x2c ./Drivers/STM32H7xx_HAL_Driver/Src/stm32h7xx_hal_rcc_ex.o
                0x0800c134                HAL_RCCEx_GetD3PCLK1Freq
 .text.HAL_RCCEx_GetPLL2ClockFreq
                0x0800c160      0x2a8 ./Drivers/STM32H7xx_HAL_Driver/Src/stm32h7xx_hal_rcc_ex.o
                0x0800c160                HAL_RCCEx_GetPLL2ClockFreq
 .text.HAL_RCCEx_GetPLL3ClockFreq
                0x0800c408      0x2a8 ./Drivers/STM32H7xx_HAL_Driver/Src/stm32h7xx_hal_rcc_ex.o
                0x0800c408                HAL_RCCEx_GetPLL3ClockFreq
 .text.HAL_RCCEx_GetPLL1ClockFreq
                0x0800c6b0      0x2a4 ./Drivers/STM32H7xx_HAL_Driver/Src/stm32h7xx_hal_rcc_ex.o
                0x0800c6b0                HAL_RCCEx_GetPLL1ClockFreq
 .text.RCCEx_PLL2_Config
                0x0800c954      0x164 ./Drivers/STM32H7xx_HAL_Driver/Src/stm32h7xx_hal_rcc_ex.o
 .text.RCCEx_PLL3_Config
                0x0800cab8      0x164 ./Drivers/STM32H7xx_HAL_Driver/Src/stm32h7xx_hal_rcc_ex.o
 .text.HAL_TIM_Base_Init
                0x0800cc1c       0xae ./Drivers/STM32H7xx_HAL_Driver/Src/stm32h7xx_hal_tim.o
                0x0800cc1c                HAL_TIM_Base_Init
 *fill*         0x0800ccca        0x2 
 .text.HAL_TIM_Base_Start
                0x0800cccc       0xe0 ./Drivers/STM32H7xx_HAL_Driver/Src/stm32h7xx_hal_tim.o
                0x0800cccc                HAL_TIM_Base_Start
 .text.HAL_TIM_Base_Stop
                0x0800cdac       0x4e ./Drivers/STM32H7xx_HAL_Driver/Src/stm32h7xx_hal_tim.o
                0x0800cdac                HAL_TIM_Base_Stop
 *fill*         0x0800cdfa        0x2 
 .text.HAL_TIM_Base_Start_IT
                0x0800cdfc       0xf0 ./Drivers/STM32H7xx_HAL_Driver/Src/stm32h7xx_hal_tim.o
                0x0800cdfc                HAL_TIM_Base_Start_IT
 .text.HAL_TIM_Base_Stop_IT
                0x0800ceec       0x5e ./Drivers/STM32H7xx_HAL_Driver/Src/stm32h7xx_hal_tim.o
                0x0800ceec                HAL_TIM_Base_Stop_IT
 .text.HAL_TIM_IC_Init
                0x0800cf4a       0xae ./Drivers/STM32H7xx_HAL_Driver/Src/stm32h7xx_hal_tim.o
                0x0800cf4a                HAL_TIM_IC_Init
 .text.HAL_TIM_IC_MspInit
                0x0800cff8       0x14 ./Drivers/STM32H7xx_HAL_Driver/Src/stm32h7xx_hal_tim.o
                0x0800cff8                HAL_TIM_IC_MspInit
 .text.HAL_TIM_IC_Start_IT
                0x0800d00c      0x2a0 ./Drivers/STM32H7xx_HAL_Driver/Src/stm32h7xx_hal_tim.o
                0x0800d00c                HAL_TIM_IC_Start_IT
 .text.HAL_TIM_IC_Stop_IT
                0x0800d2ac      0x17c ./Drivers/STM32H7xx_HAL_Driver/Src/stm32h7xx_hal_tim.o
                0x0800d2ac                HAL_TIM_IC_Stop_IT
 .text.HAL_TIM_IRQHandler
                0x0800d428      0x23e ./Drivers/STM32H7xx_HAL_Driver/Src/stm32h7xx_hal_tim.o
                0x0800d428                HAL_TIM_IRQHandler
 .text.HAL_TIM_IC_ConfigChannel
                0x0800d666      0x138 ./Drivers/STM32H7xx_HAL_Driver/Src/stm32h7xx_hal_tim.o
                0x0800d666                HAL_TIM_IC_ConfigChannel
 *fill*         0x0800d79e        0x2 
 .text.HAL_TIM_ConfigClockSource
                0x0800d7a0      0x1f0 ./Drivers/STM32H7xx_HAL_Driver/Src/stm32h7xx_hal_tim.o
                0x0800d7a0                HAL_TIM_ConfigClockSource
 .text.HAL_TIM_SlaveConfigSynchro
                0x0800d990       0x84 ./Drivers/STM32H7xx_HAL_Driver/Src/stm32h7xx_hal_tim.o
                0x0800d990                HAL_TIM_SlaveConfigSynchro
 .text.HAL_TIM_OC_DelayElapsedCallback
                0x0800da14       0x14 ./Drivers/STM32H7xx_HAL_Driver/Src/stm32h7xx_hal_tim.o
                0x0800da14                HAL_TIM_OC_DelayElapsedCallback
 .text.HAL_TIM_PWM_PulseFinishedCallback
                0x0800da28       0x14 ./Drivers/STM32H7xx_HAL_Driver/Src/stm32h7xx_hal_tim.o
                0x0800da28                HAL_TIM_PWM_PulseFinishedCallback
 .text.HAL_TIM_TriggerCallback
                0x0800da3c       0x14 ./Drivers/STM32H7xx_HAL_Driver/Src/stm32h7xx_hal_tim.o
                0x0800da3c                HAL_TIM_TriggerCallback
 .text.TIM_Base_SetConfig
                0x0800da50      0x134 ./Drivers/STM32H7xx_HAL_Driver/Src/stm32h7xx_hal_tim.o
                0x0800da50                TIM_Base_SetConfig
 .text.TIM_SlaveTimer_SetConfig
                0x0800db84      0x1d4 ./Drivers/STM32H7xx_HAL_Driver/Src/stm32h7xx_hal_tim.o
 .text.TIM_TI1_SetConfig
                0x0800dd58       0xe8 ./Drivers/STM32H7xx_HAL_Driver/Src/stm32h7xx_hal_tim.o
                0x0800dd58                TIM_TI1_SetConfig
 .text.TIM_TI1_ConfigInputStage
                0x0800de40       0x5e ./Drivers/STM32H7xx_HAL_Driver/Src/stm32h7xx_hal_tim.o
 .text.TIM_TI2_SetConfig
                0x0800de9e       0x7a ./Drivers/STM32H7xx_HAL_Driver/Src/stm32h7xx_hal_tim.o
 .text.TIM_TI2_ConfigInputStage
                0x0800df18       0x60 ./Drivers/STM32H7xx_HAL_Driver/Src/stm32h7xx_hal_tim.o
 .text.TIM_TI3_SetConfig
                0x0800df78       0x78 ./Drivers/STM32H7xx_HAL_Driver/Src/stm32h7xx_hal_tim.o
 .text.TIM_TI4_SetConfig
                0x0800dff0       0x7a ./Drivers/STM32H7xx_HAL_Driver/Src/stm32h7xx_hal_tim.o
 *fill*         0x0800e06a        0x2 
 .text.TIM_ITRx_SetConfig
                0x0800e06c       0x3c ./Drivers/STM32H7xx_HAL_Driver/Src/stm32h7xx_hal_tim.o
 .text.TIM_ETR_SetConfig
                0x0800e0a8       0x40 ./Drivers/STM32H7xx_HAL_Driver/Src/stm32h7xx_hal_tim.o
                0x0800e0a8                TIM_ETR_SetConfig
 .text.TIM_CCxChannelCmd
                0x0800e0e8       0x4a ./Drivers/STM32H7xx_HAL_Driver/Src/stm32h7xx_hal_tim.o
                0x0800e0e8                TIM_CCxChannelCmd
 *fill*         0x0800e132        0x2 
 .text.HAL_TIMEx_MasterConfigSynchronization
                0x0800e134      0x11c ./Drivers/STM32H7xx_HAL_Driver/Src/stm32h7xx_hal_tim_ex.o
                0x0800e134                HAL_TIMEx_MasterConfigSynchronization
 .text.HAL_TIMEx_CommutCallback
                0x0800e250       0x14 ./Drivers/STM32H7xx_HAL_Driver/Src/stm32h7xx_hal_tim_ex.o
                0x0800e250                HAL_TIMEx_CommutCallback
 .text.HAL_TIMEx_BreakCallback
                0x0800e264       0x14 ./Drivers/STM32H7xx_HAL_Driver/Src/stm32h7xx_hal_tim_ex.o
                0x0800e264                HAL_TIMEx_BreakCallback
 .text.HAL_TIMEx_Break2Callback
                0x0800e278       0x14 ./Drivers/STM32H7xx_HAL_Driver/Src/stm32h7xx_hal_tim_ex.o
                0x0800e278                HAL_TIMEx_Break2Callback
 .text.HAL_UART_Init
                0x0800e28c       0xa0 ./Drivers/STM32H7xx_HAL_Driver/Src/stm32h7xx_hal_uart.o
                0x0800e28c                HAL_UART_Init
 .text.HAL_UART_Transmit
                0x0800e32c      0x11c ./Drivers/STM32H7xx_HAL_Driver/Src/stm32h7xx_hal_uart.o
                0x0800e32c                HAL_UART_Transmit
 .text.UART_SetConfig
                0x0800e448      0xad0 ./Drivers/STM32H7xx_HAL_Driver/Src/stm32h7xx_hal_uart.o
                0x0800e448                UART_SetConfig
 .text.UART_AdvFeatureConfig
                0x0800ef18      0x144 ./Drivers/STM32H7xx_HAL_Driver/Src/stm32h7xx_hal_uart.o
                0x0800ef18                UART_AdvFeatureConfig
 .text.UART_CheckIdleState
                0x0800f05c      0x154 ./Drivers/STM32H7xx_HAL_Driver/Src/stm32h7xx_hal_uart.o
                0x0800f05c                UART_CheckIdleState
 .text.UART_WaitOnFlagUntilTimeout
                0x0800f1b0       0xce ./Drivers/STM32H7xx_HAL_Driver/Src/stm32h7xx_hal_uart.o
                0x0800f1b0                UART_WaitOnFlagUntilTimeout
 *fill*         0x0800f27e        0x2 
 .text.UART_EndRxTransfer
                0x0800f280       0xcc ./Drivers/STM32H7xx_HAL_Driver/Src/stm32h7xx_hal_uart.o
 .text.HAL_UARTEx_DisableFifoMode
                0x0800f34c       0x72 ./Drivers/STM32H7xx_HAL_Driver/Src/stm32h7xx_hal_uart_ex.o
                0x0800f34c                HAL_UARTEx_DisableFifoMode
 .text.HAL_UARTEx_SetTxFifoThreshold
                0x0800f3be       0x7c ./Drivers/STM32H7xx_HAL_Driver/Src/stm32h7xx_hal_uart_ex.o
                0x0800f3be                HAL_UARTEx_SetTxFifoThreshold
 .text.HAL_UARTEx_SetRxFifoThreshold
                0x0800f43a       0x7c ./Drivers/STM32H7xx_HAL_Driver/Src/stm32h7xx_hal_uart_ex.o
                0x0800f43a                HAL_UARTEx_SetRxFifoThreshold
 *fill*         0x0800f4b6        0x2 
 .text.UARTEx_SetNbDataToProcess
                0x0800f4b8       0x9c ./Drivers/STM32H7xx_HAL_Driver/Src/stm32h7xx_hal_uart_ex.o
 .text.std      0x0800f554       0x6c /home/dashygo/Elec/makeself_dir_Nwh1xn/CubeIDE/plugins/com.st.stm32cube.ide.mcu.externaltools.gnu-tools-for-stm32.12.3.rel1.linux64_1.0.100.202403111256/tools/bin/../lib/gcc/arm-none-eabi/12.3.1/../../../../arm-none-eabi/lib/thumb/v7e-m+dp/hard/libc.a(libc_a-findfp.o)
 .text.stdio_exit_handler
                0x0800f5c0       0x18 /home/dashygo/Elec/makeself_dir_Nwh1xn/CubeIDE/plugins/com.st.stm32cube.ide.mcu.externaltools.gnu-tools-for-stm32.12.3.rel1.linux64_1.0.100.202403111256/tools/bin/../lib/gcc/arm-none-eabi/12.3.1/../../../../arm-none-eabi/lib/thumb/v7e-m+dp/hard/libc.a(libc_a-findfp.o)
 .text.cleanup_stdio
                0x0800f5d8       0x40 /home/dashygo/Elec/makeself_dir_Nwh1xn/CubeIDE/plugins/com.st.stm32cube.ide.mcu.externaltools.gnu-tools-for-stm32.12.3.rel1.linux64_1.0.100.202403111256/tools/bin/../lib/gcc/arm-none-eabi/12.3.1/../../../../arm-none-eabi/lib/thumb/v7e-m+dp/hard/libc.a(libc_a-findfp.o)
 .text.global_stdio_init.part.0
                0x0800f618       0x3c /home/dashygo/Elec/makeself_dir_Nwh1xn/CubeIDE/plugins/com.st.stm32cube.ide.mcu.externaltools.gnu-tools-for-stm32.12.3.rel1.linux64_1.0.100.202403111256/tools/bin/../lib/gcc/arm-none-eabi/12.3.1/../../../../arm-none-eabi/lib/thumb/v7e-m+dp/hard/libc.a(libc_a-findfp.o)
 .text.__sfp_lock_acquire
                0x0800f654        0xc /home/dashygo/Elec/makeself_dir_Nwh1xn/CubeIDE/plugins/com.st.stm32cube.ide.mcu.externaltools.gnu-tools-for-stm32.12.3.rel1.linux64_1.0.100.202403111256/tools/bin/../lib/gcc/arm-none-eabi/12.3.1/../../../../arm-none-eabi/lib/thumb/v7e-m+dp/hard/libc.a(libc_a-findfp.o)
                0x0800f654                __sfp_lock_acquire
 .text.__sfp_lock_release
                0x0800f660        0xc /home/dashygo/Elec/makeself_dir_Nwh1xn/CubeIDE/plugins/com.st.stm32cube.ide.mcu.externaltools.gnu-tools-for-stm32.12.3.rel1.linux64_1.0.100.202403111256/tools/bin/../lib/gcc/arm-none-eabi/12.3.1/../../../../arm-none-eabi/lib/thumb/v7e-m+dp/hard/libc.a(libc_a-findfp.o)
                0x0800f660                __sfp_lock_release
 .text.__sinit  0x0800f66c       0x30 /home/dashygo/Elec/makeself_dir_Nwh1xn/CubeIDE/plugins/com.st.stm32cube.ide.mcu.externaltools.gnu-tools-for-stm32.12.3.rel1.linux64_1.0.100.202403111256/tools/bin/../lib/gcc/arm-none-eabi/12.3.1/../../../../arm-none-eabi/lib/thumb/v7e-m+dp/hard/libc.a(libc_a-findfp.o)
                0x0800f66c                __sinit
 .text._fwalk_sglue
                0x0800f69c       0x3c /home/dashygo/Elec/makeself_dir_Nwh1xn/CubeIDE/plugins/com.st.stm32cube.ide.mcu.externaltools.gnu-tools-for-stm32.12.3.rel1.linux64_1.0.100.202403111256/tools/bin/../lib/gcc/arm-none-eabi/12.3.1/../../../../arm-none-eabi/lib/thumb/v7e-m+dp/hard/libc.a(libc_a-fwalk.o)
                0x0800f69c                _fwalk_sglue
 .text.sprintf  0x0800f6d8       0x40 /home/dashygo/Elec/makeself_dir_Nwh1xn/CubeIDE/plugins/com.st.stm32cube.ide.mcu.externaltools.gnu-tools-for-stm32.12.3.rel1.linux64_1.0.100.202403111256/tools/bin/../lib/gcc/arm-none-eabi/12.3.1/../../../../arm-none-eabi/lib/thumb/v7e-m+dp/hard/libc.a(libc_a-sprintf.o)
                0x0800f6d8                sprintf
 .text.__sread  0x0800f718       0x22 /home/dashygo/Elec/makeself_dir_Nwh1xn/CubeIDE/plugins/com.st.stm32cube.ide.mcu.externaltools.gnu-tools-for-stm32.12.3.rel1.linux64_1.0.100.202403111256/tools/bin/../lib/gcc/arm-none-eabi/12.3.1/../../../../arm-none-eabi/lib/thumb/v7e-m+dp/hard/libc.a(libc_a-stdio.o)
                0x0800f718                __sread
 .text.__swrite
                0x0800f73a       0x38 /home/dashygo/Elec/makeself_dir_Nwh1xn/CubeIDE/plugins/com.st.stm32cube.ide.mcu.externaltools.gnu-tools-for-stm32.12.3.rel1.linux64_1.0.100.202403111256/tools/bin/../lib/gcc/arm-none-eabi/12.3.1/../../../../arm-none-eabi/lib/thumb/v7e-m+dp/hard/libc.a(libc_a-stdio.o)
                0x0800f73a                __swrite
 .text.__sseek  0x0800f772       0x24 /home/dashygo/Elec/makeself_dir_Nwh1xn/CubeIDE/plugins/com.st.stm32cube.ide.mcu.externaltools.gnu-tools-for-stm32.12.3.rel1.linux64_1.0.100.202403111256/tools/bin/../lib/gcc/arm-none-eabi/12.3.1/../../../../arm-none-eabi/lib/thumb/v7e-m+dp/hard/libc.a(libc_a-stdio.o)
                0x0800f772                __sseek
 .text.__sclose
                0x0800f796        0x8 /home/dashygo/Elec/makeself_dir_Nwh1xn/CubeIDE/plugins/com.st.stm32cube.ide.mcu.externaltools.gnu-tools-for-stm32.12.3.rel1.linux64_1.0.100.202403111256/tools/bin/../lib/gcc/arm-none-eabi/12.3.1/../../../../arm-none-eabi/lib/thumb/v7e-m+dp/hard/libc.a(libc_a-stdio.o)
                0x0800f796                __sclose
 .text.memset   0x0800f79e       0x10 /home/dashygo/Elec/makeself_dir_Nwh1xn/CubeIDE/plugins/com.st.stm32cube.ide.mcu.externaltools.gnu-tools-for-stm32.12.3.rel1.linux64_1.0.100.202403111256/tools/bin/../lib/gcc/arm-none-eabi/12.3.1/../../../../arm-none-eabi/lib/thumb/v7e-m+dp/hard/libc.a(libc_a-memset.o)
                0x0800f79e                memset
 *fill*         0x0800f7ae        0x2 
 .text._close_r
                0x0800f7b0       0x20 /home/dashygo/Elec/makeself_dir_Nwh1xn/CubeIDE/plugins/com.st.stm32cube.ide.mcu.externaltools.gnu-tools-for-stm32.12.3.rel1.linux64_1.0.100.202403111256/tools/bin/../lib/gcc/arm-none-eabi/12.3.1/../../../../arm-none-eabi/lib/thumb/v7e-m+dp/hard/libc.a(libc_a-closer.o)
                0x0800f7b0                _close_r
 .text._lseek_r
                0x0800f7d0       0x24 /home/dashygo/Elec/makeself_dir_Nwh1xn/CubeIDE/plugins/com.st.stm32cube.ide.mcu.externaltools.gnu-tools-for-stm32.12.3.rel1.linux64_1.0.100.202403111256/tools/bin/../lib/gcc/arm-none-eabi/12.3.1/../../../../arm-none-eabi/lib/thumb/v7e-m+dp/hard/libc.a(libc_a-lseekr.o)
                0x0800f7d0                _lseek_r
 .text._read_r  0x0800f7f4       0x24 /home/dashygo/Elec/makeself_dir_Nwh1xn/CubeIDE/plugins/com.st.stm32cube.ide.mcu.externaltools.gnu-tools-for-stm32.12.3.rel1.linux64_1.0.100.202403111256/tools/bin/../lib/gcc/arm-none-eabi/12.3.1/../../../../arm-none-eabi/lib/thumb/v7e-m+dp/hard/libc.a(libc_a-readr.o)
                0x0800f7f4                _read_r
 .text._write_r
                0x0800f818       0x24 /home/dashygo/Elec/makeself_dir_Nwh1xn/CubeIDE/plugins/com.st.stm32cube.ide.mcu.externaltools.gnu-tools-for-stm32.12.3.rel1.linux64_1.0.100.202403111256/tools/bin/../lib/gcc/arm-none-eabi/12.3.1/../../../../arm-none-eabi/lib/thumb/v7e-m+dp/hard/libc.a(libc_a-writer.o)
                0x0800f818                _write_r
 .text.__errno  0x0800f83c        0xc /home/dashygo/Elec/makeself_dir_Nwh1xn/CubeIDE/plugins/com.st.stm32cube.ide.mcu.externaltools.gnu-tools-for-stm32.12.3.rel1.linux64_1.0.100.202403111256/tools/bin/../lib/gcc/arm-none-eabi/12.3.1/../../../../arm-none-eabi/lib/thumb/v7e-m+dp/hard/libc.a(libc_a-errno.o)
                0x0800f83c                __errno
 .text.__libc_init_array
                0x0800f848       0x48 /home/dashygo/Elec/makeself_dir_Nwh1xn/CubeIDE/plugins/com.st.stm32cube.ide.mcu.externaltools.gnu-tools-for-stm32.12.3.rel1.linux64_1.0.100.202403111256/tools/bin/../lib/gcc/arm-none-eabi/12.3.1/../../../../arm-none-eabi/lib/thumb/v7e-m+dp/hard/libc.a(libc_a-init.o)
                0x0800f848                __libc_init_array
 .text.__retarget_lock_init_recursive
                0x0800f890        0x2 /home/dashygo/Elec/makeself_dir_Nwh1xn/CubeIDE/plugins/com.st.stm32cube.ide.mcu.externaltools.gnu-tools-for-stm32.12.3.rel1.linux64_1.0.100.202403111256/tools/bin/../lib/gcc/arm-none-eabi/12.3.1/../../../../arm-none-eabi/lib/thumb/v7e-m+dp/hard/libc.a(libc_a-lock.o)
                0x0800f890                __retarget_lock_init_recursive
 .text.__retarget_lock_close_recursive
                0x0800f892        0x2 /home/dashygo/Elec/makeself_dir_Nwh1xn/CubeIDE/plugins/com.st.stm32cube.ide.mcu.externaltools.gnu-tools-for-stm32.12.3.rel1.linux64_1.0.100.202403111256/tools/bin/../lib/gcc/arm-none-eabi/12.3.1/../../../../arm-none-eabi/lib/thumb/v7e-m+dp/hard/libc.a(libc_a-lock.o)
                0x0800f892                __retarget_lock_close_recursive
 .text.__retarget_lock_acquire_recursive
                0x0800f894        0x2 /home/dashygo/Elec/makeself_dir_Nwh1xn/CubeIDE/plugins/com.st.stm32cube.ide.mcu.externaltools.gnu-tools-for-stm32.12.3.rel1.linux64_1.0.100.202403111256/tools/bin/../lib/gcc/arm-none-eabi/12.3.1/../../../../arm-none-eabi/lib/thumb/v7e-m+dp/hard/libc.a(libc_a-lock.o)
                0x0800f894                __retarget_lock_acquire_recursive
 .text.__retarget_lock_release_recursive
                0x0800f896        0x2 /home/dashygo/Elec/makeself_dir_Nwh1xn/CubeIDE/plugins/com.st.stm32cube.ide.mcu.externaltools.gnu-tools-for-stm32.12.3.rel1.linux64_1.0.100.202403111256/tools/bin/../lib/gcc/arm-none-eabi/12.3.1/../../../../arm-none-eabi/lib/thumb/v7e-m+dp/hard/libc.a(libc_a-lock.o)
                0x0800f896                __retarget_lock_release_recursive
 .text.memcpy   0x0800f898       0x1c /home/dashygo/Elec/makeself_dir_Nwh1xn/CubeIDE/plugins/com.st.stm32cube.ide.mcu.externaltools.gnu-tools-for-stm32.12.3.rel1.linux64_1.0.100.202403111256/tools/bin/../lib/gcc/arm-none-eabi/12.3.1/../../../../arm-none-eabi/lib/thumb/v7e-m+dp/hard/libc.a(libc_a-memcpy-stub.o)
                0x0800f898                memcpy
 .text.startup.register_fini
                0x0800f8b4       0x14 /home/dashygo/Elec/makeself_dir_Nwh1xn/CubeIDE/plugins/com.st.stm32cube.ide.mcu.externaltools.gnu-tools-for-stm32.12.3.rel1.linux64_1.0.100.202403111256/tools/bin/../lib/gcc/arm-none-eabi/12.3.1/../../../../arm-none-eabi/lib/thumb/v7e-m+dp/hard/libc.a(libc_a-__call_atexit.o)
 .text.atexit   0x0800f8c8        0xc /home/dashygo/Elec/makeself_dir_Nwh1xn/CubeIDE/plugins/com.st.stm32cube.ide.mcu.externaltools.gnu-tools-for-stm32.12.3.rel1.linux64_1.0.100.202403111256/tools/bin/../lib/gcc/arm-none-eabi/12.3.1/../../../../arm-none-eabi/lib/thumb/v7e-m+dp/hard/libc.a(libc_a-atexit.o)
                0x0800f8c8                atexit
 .text._malloc_trim_r
                0x0800f8d4       0xac /home/dashygo/Elec/makeself_dir_Nwh1xn/CubeIDE/plugins/com.st.stm32cube.ide.mcu.externaltools.gnu-tools-for-stm32.12.3.rel1.linux64_1.0.100.202403111256/tools/bin/../lib/gcc/arm-none-eabi/12.3.1/../../../../arm-none-eabi/lib/thumb/v7e-m+dp/hard/libc.a(libc_a-freer.o)
                0x0800f8d4                _malloc_trim_r
 .text._free_r  0x0800f980      0x180 /home/dashygo/Elec/makeself_dir_Nwh1xn/CubeIDE/plugins/com.st.stm32cube.ide.mcu.externaltools.gnu-tools-for-stm32.12.3.rel1.linux64_1.0.100.202403111256/tools/bin/../lib/gcc/arm-none-eabi/12.3.1/../../../../arm-none-eabi/lib/thumb/v7e-m+dp/hard/libc.a(libc_a-freer.o)
                0x0800f980                _free_r
 .text._malloc_r
                0x0800fb00      0x474 /home/dashygo/Elec/makeself_dir_Nwh1xn/CubeIDE/plugins/com.st.stm32cube.ide.mcu.externaltools.gnu-tools-for-stm32.12.3.rel1.linux64_1.0.100.202403111256/tools/bin/../lib/gcc/arm-none-eabi/12.3.1/../../../../arm-none-eabi/lib/thumb/v7e-m+dp/hard/libc.a(libc_a-mallocr.o)
                0x0800fb00                _malloc_r
 .text.__malloc_lock
                0x0800ff74        0xc /home/dashygo/Elec/makeself_dir_Nwh1xn/CubeIDE/plugins/com.st.stm32cube.ide.mcu.externaltools.gnu-tools-for-stm32.12.3.rel1.linux64_1.0.100.202403111256/tools/bin/../lib/gcc/arm-none-eabi/12.3.1/../../../../arm-none-eabi/lib/thumb/v7e-m+dp/hard/libc.a(libc_a-mlock.o)
                0x0800ff74                __malloc_lock
 .text.__malloc_unlock
                0x0800ff80        0xc /home/dashygo/Elec/makeself_dir_Nwh1xn/CubeIDE/plugins/com.st.stm32cube.ide.mcu.externaltools.gnu-tools-for-stm32.12.3.rel1.linux64_1.0.100.202403111256/tools/bin/../lib/gcc/arm-none-eabi/12.3.1/../../../../arm-none-eabi/lib/thumb/v7e-m+dp/hard/libc.a(libc_a-mlock.o)
                0x0800ff80                __malloc_unlock
 *fill*         0x0800ff8c        0x4 
 .text._svfprintf_r
                0x0800ff90     0x1308 /home/dashygo/Elec/makeself_dir_Nwh1xn/CubeIDE/plugins/com.st.stm32cube.ide.mcu.externaltools.gnu-tools-for-stm32.12.3.rel1.linux64_1.0.100.202403111256/tools/bin/../lib/gcc/arm-none-eabi/12.3.1/../../../../arm-none-eabi/lib/thumb/v7e-m+dp/hard/libc.a(libc_a-svfprintf.o)
                0x0800ff90                _svfprintf_r
 .text._fclose_r
                0x08011298       0xaa /home/dashygo/Elec/makeself_dir_Nwh1xn/CubeIDE/plugins/com.st.stm32cube.ide.mcu.externaltools.gnu-tools-for-stm32.12.3.rel1.linux64_1.0.100.202403111256/tools/bin/../lib/gcc/arm-none-eabi/12.3.1/../../../../arm-none-eabi/lib/thumb/v7e-m+dp/hard/libc.a(libc_a-fclose.o)
                0x08011298                _fclose_r
 *fill*         0x08011342        0x2 
 .text.__sflush_r
                0x08011344      0x110 /home/dashygo/Elec/makeself_dir_Nwh1xn/CubeIDE/plugins/com.st.stm32cube.ide.mcu.externaltools.gnu-tools-for-stm32.12.3.rel1.linux64_1.0.100.202403111256/tools/bin/../lib/gcc/arm-none-eabi/12.3.1/../../../../arm-none-eabi/lib/thumb/v7e-m+dp/hard/libc.a(libc_a-fflush.o)
                0x08011344                __sflush_r
 .text._fflush_r
                0x08011454       0x4a /home/dashygo/Elec/makeself_dir_Nwh1xn/CubeIDE/plugins/com.st.stm32cube.ide.mcu.externaltools.gnu-tools-for-stm32.12.3.rel1.linux64_1.0.100.202403111256/tools/bin/../lib/gcc/arm-none-eabi/12.3.1/../../../../arm-none-eabi/lib/thumb/v7e-m+dp/hard/libc.a(libc_a-fflush.o)
                0x08011454                _fflush_r
 .text.strncpy  0x0801149e       0x26 /home/dashygo/Elec/makeself_dir_Nwh1xn/CubeIDE/plugins/com.st.stm32cube.ide.mcu.externaltools.gnu-tools-for-stm32.12.3.rel1.linux64_1.0.100.202403111256/tools/bin/../lib/gcc/arm-none-eabi/12.3.1/../../../../arm-none-eabi/lib/thumb/v7e-m+dp/hard/libc.a(libc_a-strncpy.o)
                0x0801149e                strncpy
 .text._localeconv_r
                0x080114c4        0x8 /home/dashygo/Elec/makeself_dir_Nwh1xn/CubeIDE/plugins/com.st.stm32cube.ide.mcu.externaltools.gnu-tools-for-stm32.12.3.rel1.linux64_1.0.100.202403111256/tools/bin/../lib/gcc/arm-none-eabi/12.3.1/../../../../arm-none-eabi/lib/thumb/v7e-m+dp/hard/libc.a(libc_a-localeconv.o)
                0x080114c4                _localeconv_r
 .text._sbrk_r  0x080114cc       0x20 /home/dashygo/Elec/makeself_dir_Nwh1xn/CubeIDE/plugins/com.st.stm32cube.ide.mcu.externaltools.gnu-tools-for-stm32.12.3.rel1.linux64_1.0.100.202403111256/tools/bin/../lib/gcc/arm-none-eabi/12.3.1/../../../../arm-none-eabi/lib/thumb/v7e-m+dp/hard/libc.a(libc_a-sbrkr.o)
                0x080114cc                _sbrk_r
 .text.__libc_fini_array
                0x080114ec       0x28 /home/dashygo/Elec/makeself_dir_Nwh1xn/CubeIDE/plugins/com.st.stm32cube.ide.mcu.externaltools.gnu-tools-for-stm32.12.3.rel1.linux64_1.0.100.202403111256/tools/bin/../lib/gcc/arm-none-eabi/12.3.1/../../../../arm-none-eabi/lib/thumb/v7e-m+dp/hard/libc.a(libc_a-fini.o)
                0x080114ec                __libc_fini_array
 .text.sysconf  0x08011514       0x18 /home/dashygo/Elec/makeself_dir_Nwh1xn/CubeIDE/plugins/com.st.stm32cube.ide.mcu.externaltools.gnu-tools-for-stm32.12.3.rel1.linux64_1.0.100.202403111256/tools/bin/../lib/gcc/arm-none-eabi/12.3.1/../../../../arm-none-eabi/lib/thumb/v7e-m+dp/hard/libc.a(libc_a-sysconf.o)
                0x08011514                sysconf
 *fill*         0x0801152c        0x4 
 .text.frexp    0x08011530       0x70 /home/dashygo/Elec/makeself_dir_Nwh1xn/CubeIDE/plugins/com.st.stm32cube.ide.mcu.externaltools.gnu-tools-for-stm32.12.3.rel1.linux64_1.0.100.202403111256/tools/bin/../lib/gcc/arm-none-eabi/12.3.1/../../../../arm-none-eabi/lib/thumb/v7e-m+dp/hard/libc.a(libm_a-s_frexp.o)
                0x08011530                frexp
 .text.__register_exitproc
                0x080115a0       0x80 /home/dashygo/Elec/makeself_dir_Nwh1xn/CubeIDE/plugins/com.st.stm32cube.ide.mcu.externaltools.gnu-tools-for-stm32.12.3.rel1.linux64_1.0.100.202403111256/tools/bin/../lib/gcc/arm-none-eabi/12.3.1/../../../../arm-none-eabi/lib/thumb/v7e-m+dp/hard/libc.a(libc_a-__atexit.o)
                0x080115a0                __register_exitproc
 .text.quorem   0x08011620      0x110 /home/dashygo/Elec/makeself_dir_Nwh1xn/CubeIDE/plugins/com.st.stm32cube.ide.mcu.externaltools.gnu-tools-for-stm32.12.3.rel1.linux64_1.0.100.202403111256/tools/bin/../lib/gcc/arm-none-eabi/12.3.1/../../../../arm-none-eabi/lib/thumb/v7e-m+dp/hard/libc.a(libc_a-dtoa.o)
 .text._dtoa_r  0x08011730      0xa7c /home/dashygo/Elec/makeself_dir_Nwh1xn/CubeIDE/plugins/com.st.stm32cube.ide.mcu.externaltools.gnu-tools-for-stm32.12.3.rel1.linux64_1.0.100.202403111256/tools/bin/../lib/gcc/arm-none-eabi/12.3.1/../../../../arm-none-eabi/lib/thumb/v7e-m+dp/hard/libc.a(libc_a-dtoa.o)
                0x08011730                _dtoa_r
 .text._Balloc  0x080121ac       0x4a /home/dashygo/Elec/makeself_dir_Nwh1xn/CubeIDE/plugins/com.st.stm32cube.ide.mcu.externaltools.gnu-tools-for-stm32.12.3.rel1.linux64_1.0.100.202403111256/tools/bin/../lib/gcc/arm-none-eabi/12.3.1/../../../../arm-none-eabi/lib/thumb/v7e-m+dp/hard/libc.a(libc_a-mprec.o)
                0x080121ac                _Balloc
 .text._Bfree   0x080121f6       0x12 /home/dashygo/Elec/makeself_dir_Nwh1xn/CubeIDE/plugins/com.st.stm32cube.ide.mcu.externaltools.gnu-tools-for-stm32.12.3.rel1.linux64_1.0.100.202403111256/tools/bin/../lib/gcc/arm-none-eabi/12.3.1/../../../../arm-none-eabi/lib/thumb/v7e-m+dp/hard/libc.a(libc_a-mprec.o)
                0x080121f6                _Bfree
 .text.__multadd
                0x08012208       0x8c /home/dashygo/Elec/makeself_dir_Nwh1xn/CubeIDE/plugins/com.st.stm32cube.ide.mcu.externaltools.gnu-tools-for-stm32.12.3.rel1.linux64_1.0.100.202403111256/tools/bin/../lib/gcc/arm-none-eabi/12.3.1/../../../../arm-none-eabi/lib/thumb/v7e-m+dp/hard/libc.a(libc_a-mprec.o)
                0x08012208                __multadd
 .text.__hi0bits
                0x08012294       0x3e /home/dashygo/Elec/makeself_dir_Nwh1xn/CubeIDE/plugins/com.st.stm32cube.ide.mcu.externaltools.gnu-tools-for-stm32.12.3.rel1.linux64_1.0.100.202403111256/tools/bin/../lib/gcc/arm-none-eabi/12.3.1/../../../../arm-none-eabi/lib/thumb/v7e-m+dp/hard/libc.a(libc_a-mprec.o)
                0x08012294                __hi0bits
 .text.__lo0bits
                0x080122d2       0x5a /home/dashygo/Elec/makeself_dir_Nwh1xn/CubeIDE/plugins/com.st.stm32cube.ide.mcu.externaltools.gnu-tools-for-stm32.12.3.rel1.linux64_1.0.100.202403111256/tools/bin/../lib/gcc/arm-none-eabi/12.3.1/../../../../arm-none-eabi/lib/thumb/v7e-m+dp/hard/libc.a(libc_a-mprec.o)
                0x080122d2                __lo0bits
 .text.__i2b    0x0801232c       0x2c /home/dashygo/Elec/makeself_dir_Nwh1xn/CubeIDE/plugins/com.st.stm32cube.ide.mcu.externaltools.gnu-tools-for-stm32.12.3.rel1.linux64_1.0.100.202403111256/tools/bin/../lib/gcc/arm-none-eabi/12.3.1/../../../../arm-none-eabi/lib/thumb/v7e-m+dp/hard/libc.a(libc_a-mprec.o)
                0x0801232c                __i2b
 .text.__multiply
                0x08012358      0x154 /home/dashygo/Elec/makeself_dir_Nwh1xn/CubeIDE/plugins/com.st.stm32cube.ide.mcu.externaltools.gnu-tools-for-stm32.12.3.rel1.linux64_1.0.100.202403111256/tools/bin/../lib/gcc/arm-none-eabi/12.3.1/../../../../arm-none-eabi/lib/thumb/v7e-m+dp/hard/libc.a(libc_a-mprec.o)
                0x08012358                __multiply
 .text.__pow5mult
                0x080124ac       0x80 /home/dashygo/Elec/makeself_dir_Nwh1xn/CubeIDE/plugins/com.st.stm32cube.ide.mcu.externaltools.gnu-tools-for-stm32.12.3.rel1.linux64_1.0.100.202403111256/tools/bin/../lib/gcc/arm-none-eabi/12.3.1/../../../../arm-none-eabi/lib/thumb/v7e-m+dp/hard/libc.a(libc_a-mprec.o)
                0x080124ac                __pow5mult
 .text.__lshift
                0x0801252c       0xd8 /home/dashygo/Elec/makeself_dir_Nwh1xn/CubeIDE/plugins/com.st.stm32cube.ide.mcu.externaltools.gnu-tools-for-stm32.12.3.rel1.linux64_1.0.100.202403111256/tools/bin/../lib/gcc/arm-none-eabi/12.3.1/../../../../arm-none-eabi/lib/thumb/v7e-m+dp/hard/libc.a(libc_a-mprec.o)
                0x0801252c                __lshift
 .text.__mcmp   0x08012604       0x36 /home/dashygo/Elec/makeself_dir_Nwh1xn/CubeIDE/plugins/com.st.stm32cube.ide.mcu.externaltools.gnu-tools-for-stm32.12.3.rel1.linux64_1.0.100.202403111256/tools/bin/../lib/gcc/arm-none-eabi/12.3.1/../../../../arm-none-eabi/lib/thumb/v7e-m+dp/hard/libc.a(libc_a-mprec.o)
                0x08012604                __mcmp
 *fill*         0x0801263a        0x2 
 .text.__mdiff  0x0801263c      0x128 /home/dashygo/Elec/makeself_dir_Nwh1xn/CubeIDE/plugins/com.st.stm32cube.ide.mcu.externaltools.gnu-tools-for-stm32.12.3.rel1.linux64_1.0.100.202403111256/tools/bin/../lib/gcc/arm-none-eabi/12.3.1/../../../../arm-none-eabi/lib/thumb/v7e-m+dp/hard/libc.a(libc_a-mprec.o)
                0x0801263c                __mdiff
 .text.__d2b    0x08012764       0xb0 /home/dashygo/Elec/makeself_dir_Nwh1xn/CubeIDE/plugins/com.st.stm32cube.ide.mcu.externaltools.gnu-tools-for-stm32.12.3.rel1.linux64_1.0.100.202403111256/tools/bin/../lib/gcc/arm-none-eabi/12.3.1/../../../../arm-none-eabi/lib/thumb/v7e-m+dp/hard/libc.a(libc_a-mprec.o)
                0x08012764                __d2b
 .text.__ssprint_r
                0x08012814       0xfa /home/dashygo/Elec/makeself_dir_Nwh1xn/CubeIDE/plugins/com.st.stm32cube.ide.mcu.externaltools.gnu-tools-for-stm32.12.3.rel1.linux64_1.0.100.202403111256/tools/bin/../lib/gcc/arm-none-eabi/12.3.1/../../../../arm-none-eabi/lib/thumb/v7e-m+dp/hard/libc.a(libc_a-svfiprintf.o)
                0x08012814                __ssprint_r
 .text.memmove  0x0801290e       0x34 /home/dashygo/Elec/makeself_dir_Nwh1xn/CubeIDE/plugins/com.st.stm32cube.ide.mcu.externaltools.gnu-tools-for-stm32.12.3.rel1.linux64_1.0.100.202403111256/tools/bin/../lib/gcc/arm-none-eabi/12.3.1/../../../../arm-none-eabi/lib/thumb/v7e-m+dp/hard/libc.a(libc_a-memmove.o)
                0x0801290e                memmove
 *fill*         0x08012942        0x2 
 .text.__locale_mb_cur_max
                0x08012944        0xc /home/dashygo/Elec/makeself_dir_Nwh1xn/CubeIDE/plugins/com.st.stm32cube.ide.mcu.externaltools.gnu-tools-for-stm32.12.3.rel1.linux64_1.0.100.202403111256/tools/bin/../lib/gcc/arm-none-eabi/12.3.1/../../../../arm-none-eabi/lib/thumb/v7e-m+dp/hard/libc.a(libc_a-locale.o)
                0x08012944                __locale_mb_cur_max
 .text.__assert_func
                0x08012950       0x3c /home/dashygo/Elec/makeself_dir_Nwh1xn/CubeIDE/plugins/com.st.stm32cube.ide.mcu.externaltools.gnu-tools-for-stm32.12.3.rel1.linux64_1.0.100.202403111256/tools/bin/../lib/gcc/arm-none-eabi/12.3.1/../../../../arm-none-eabi/lib/thumb/v7e-m+dp/hard/libc.a(libc_a-assert.o)
                0x08012950                __assert_func
 .text._calloc_r
                0x0801298c       0x6a /home/dashygo/Elec/makeself_dir_Nwh1xn/CubeIDE/plugins/com.st.stm32cube.ide.mcu.externaltools.gnu-tools-for-stm32.12.3.rel1.linux64_1.0.100.202403111256/tools/bin/../lib/gcc/arm-none-eabi/12.3.1/../../../../arm-none-eabi/lib/thumb/v7e-m+dp/hard/libc.a(libc_a-callocr.o)
                0x0801298c                _calloc_r
 .text.__ascii_mbtowc
                0x080129f6       0x24 /home/dashygo/Elec/makeself_dir_Nwh1xn/CubeIDE/plugins/com.st.stm32cube.ide.mcu.externaltools.gnu-tools-for-stm32.12.3.rel1.linux64_1.0.100.202403111256/tools/bin/../lib/gcc/arm-none-eabi/12.3.1/../../../../arm-none-eabi/lib/thumb/v7e-m+dp/hard/libc.a(libc_a-mbtowc_r.o)
                0x080129f6                __ascii_mbtowc
 *fill*         0x08012a1a        0x2 
 .text._realloc_r
                0x08012a1c      0x350 /home/dashygo/Elec/makeself_dir_Nwh1xn/CubeIDE/plugins/com.st.stm32cube.ide.mcu.externaltools.gnu-tools-for-stm32.12.3.rel1.linux64_1.0.100.202403111256/tools/bin/../lib/gcc/arm-none-eabi/12.3.1/../../../../arm-none-eabi/lib/thumb/v7e-m+dp/hard/libc.a(libc_a-reallocr.o)
                0x08012a1c                _realloc_r
 .text.__ascii_wctomb
                0x08012d6c       0x1a /home/dashygo/Elec/makeself_dir_Nwh1xn/CubeIDE/plugins/com.st.stm32cube.ide.mcu.externaltools.gnu-tools-for-stm32.12.3.rel1.linux64_1.0.100.202403111256/tools/bin/../lib/gcc/arm-none-eabi/12.3.1/../../../../arm-none-eabi/lib/thumb/v7e-m+dp/hard/libc.a(libc_a-wctomb_r.o)
                0x08012d6c                __ascii_wctomb
 *fill*         0x08012d86        0x2 
 .text.fiprintf
                0x08012d88       0x24 /home/dashygo/Elec/makeself_dir_Nwh1xn/CubeIDE/plugins/com.st.stm32cube.ide.mcu.externaltools.gnu-tools-for-stm32.12.3.rel1.linux64_1.0.100.202403111256/tools/bin/../lib/gcc/arm-none-eabi/12.3.1/../../../../arm-none-eabi/lib/thumb/v7e-m+dp/hard/libc.a(libc_a-fiprintf.o)
                0x08012d88                fiprintf
 .text.__sprint_r
                0x08012dac       0x64 /home/dashygo/Elec/makeself_dir_Nwh1xn/CubeIDE/plugins/com.st.stm32cube.ide.mcu.externaltools.gnu-tools-for-stm32.12.3.rel1.linux64_1.0.100.202403111256/tools/bin/../lib/gcc/arm-none-eabi/12.3.1/../../../../arm-none-eabi/lib/thumb/v7e-m+dp/hard/libc.a(libc_a-vfiprintf.o)
                0x08012dac                __sprint_r
 .text._vfiprintf_r
                0x08012e10      0x910 /home/dashygo/Elec/makeself_dir_Nwh1xn/CubeIDE/plugins/com.st.stm32cube.ide.mcu.externaltools.gnu-tools-for-stm32.12.3.rel1.linux64_1.0.100.202403111256/tools/bin/../lib/gcc/arm-none-eabi/12.3.1/../../../../arm-none-eabi/lib/thumb/v7e-m+dp/hard/libc.a(libc_a-vfiprintf.o)
                0x08012e10                _vfiprintf_r
 .text.__sbprintf
                0x08013720       0x80 /home/dashygo/Elec/makeself_dir_Nwh1xn/CubeIDE/plugins/com.st.stm32cube.ide.mcu.externaltools.gnu-tools-for-stm32.12.3.rel1.linux64_1.0.100.202403111256/tools/bin/../lib/gcc/arm-none-eabi/12.3.1/../../../../arm-none-eabi/lib/thumb/v7e-m+dp/hard/libc.a(libc_a-vfiprintf.o)
 .text.__sfvwrite_r
                0x080137a0      0x298 /home/dashygo/Elec/makeself_dir_Nwh1xn/CubeIDE/plugins/com.st.stm32cube.ide.mcu.externaltools.gnu-tools-for-stm32.12.3.rel1.linux64_1.0.100.202403111256/tools/bin/../lib/gcc/arm-none-eabi/12.3.1/../../../../arm-none-eabi/lib/thumb/v7e-m+dp/hard/libc.a(libc_a-fvwrite.o)
                0x080137a0                __sfvwrite_r
 .text.__swsetup_r
                0x08013a38       0xac /home/dashygo/Elec/makeself_dir_Nwh1xn/CubeIDE/plugins/com.st.stm32cube.ide.mcu.externaltools.gnu-tools-for-stm32.12.3.rel1.linux64_1.0.100.202403111256/tools/bin/../lib/gcc/arm-none-eabi/12.3.1/../../../../arm-none-eabi/lib/thumb/v7e-m+dp/hard/libc.a(libc_a-wsetup.o)
                0x08013a38                __swsetup_r
 .text.__fputwc
                0x08013ae4       0x82 /home/dashygo/Elec/makeself_dir_Nwh1xn/CubeIDE/plugins/com.st.stm32cube.ide.mcu.externaltools.gnu-tools-for-stm32.12.3.rel1.linux64_1.0.100.202403111256/tools/bin/../lib/gcc/arm-none-eabi/12.3.1/../../../../arm-none-eabi/lib/thumb/v7e-m+dp/hard/libc.a(libc_a-fputwc.o)
                0x08013ae4                __fputwc
 .text._fputwc_r
                0x08013b66       0x52 /home/dashygo/Elec/makeself_dir_Nwh1xn/CubeIDE/plugins/com.st.stm32cube.ide.mcu.externaltools.gnu-tools-for-stm32.12.3.rel1.linux64_1.0.100.202403111256/tools/bin/../lib/gcc/arm-none-eabi/12.3.1/../../../../arm-none-eabi/lib/thumb/v7e-m+dp/hard/libc.a(libc_a-fputwc.o)
                0x08013b66                _fputwc_r
 .text.abort    0x08013bb8        0xe /home/dashygo/Elec/makeself_dir_Nwh1xn/CubeIDE/plugins/com.st.stm32cube.ide.mcu.externaltools.gnu-tools-for-stm32.12.3.rel1.linux64_1.0.100.202403111256/tools/bin/../lib/gcc/arm-none-eabi/12.3.1/../../../../arm-none-eabi/lib/thumb/v7e-m+dp/hard/libc.a(libc_a-abort.o)
                0x08013bb8                abort
 *fill*         0x08013bc6        0x2 
 .text._wcrtomb_r
                0x08013bc8       0x2c /home/dashygo/Elec/makeself_dir_Nwh1xn/CubeIDE/plugins/com.st.stm32cube.ide.mcu.externaltools.gnu-tools-for-stm32.12.3.rel1.linux64_1.0.100.202403111256/tools/bin/../lib/gcc/arm-none-eabi/12.3.1/../../../../arm-none-eabi/lib/thumb/v7e-m+dp/hard/libc.a(libc_a-wcrtomb.o)
                0x08013bc8                _wcrtomb_r
 .text.__swhatbuf_r
                0x08013bf4       0x50 /home/dashygo/Elec/makeself_dir_Nwh1xn/CubeIDE/plugins/com.st.stm32cube.ide.mcu.externaltools.gnu-tools-for-stm32.12.3.rel1.linux64_1.0.100.202403111256/tools/bin/../lib/gcc/arm-none-eabi/12.3.1/../../../../arm-none-eabi/lib/thumb/v7e-m+dp/hard/libc.a(libc_a-makebuf.o)
                0x08013bf4                __swhatbuf_r
 .text.__smakebuf_r
                0x08013c44       0x78 /home/dashygo/Elec/makeself_dir_Nwh1xn/CubeIDE/plugins/com.st.stm32cube.ide.mcu.externaltools.gnu-tools-for-stm32.12.3.rel1.linux64_1.0.100.202403111256/tools/bin/../lib/gcc/arm-none-eabi/12.3.1/../../../../arm-none-eabi/lib/thumb/v7e-m+dp/hard/libc.a(libc_a-makebuf.o)
                0x08013c44                __smakebuf_r
 .text.__swbuf_r
                0x08013cbc       0x92 /home/dashygo/Elec/makeself_dir_Nwh1xn/CubeIDE/plugins/com.st.stm32cube.ide.mcu.externaltools.gnu-tools-for-stm32.12.3.rel1.linux64_1.0.100.202403111256/tools/bin/../lib/gcc/arm-none-eabi/12.3.1/../../../../arm-none-eabi/lib/thumb/v7e-m+dp/hard/libc.a(libc_a-wbuf.o)
                0x08013cbc                __swbuf_r
 .text._raise_r
                0x08013d4e       0x52 /home/dashygo/Elec/makeself_dir_Nwh1xn/CubeIDE/plugins/com.st.stm32cube.ide.mcu.externaltools.gnu-tools-for-stm32.12.3.rel1.linux64_1.0.100.202403111256/tools/bin/../lib/gcc/arm-none-eabi/12.3.1/../../../../arm-none-eabi/lib/thumb/v7e-m+dp/hard/libc.a(libc_a-signal.o)
                0x08013d4e                _raise_r
 .text.raise    0x08013da0       0x10 /home/dashygo/Elec/makeself_dir_Nwh1xn/CubeIDE/plugins/com.st.stm32cube.ide.mcu.externaltools.gnu-tools-for-stm32.12.3.rel1.linux64_1.0.100.202403111256/tools/bin/../lib/gcc/arm-none-eabi/12.3.1/../../../../arm-none-eabi/lib/thumb/v7e-m+dp/hard/libc.a(libc_a-signal.o)
                0x08013da0                raise
 .text._fstat_r
                0x08013db0       0x24 /home/dashygo/Elec/makeself_dir_Nwh1xn/CubeIDE/plugins/com.st.stm32cube.ide.mcu.externaltools.gnu-tools-for-stm32.12.3.rel1.linux64_1.0.100.202403111256/tools/bin/../lib/gcc/arm-none-eabi/12.3.1/../../../../arm-none-eabi/lib/thumb/v7e-m+dp/hard/libc.a(libc_a-fstatr.o)
                0x08013db0                _fstat_r
 .text._isatty_r
                0x08013dd4       0x20 /home/dashygo/Elec/makeself_dir_Nwh1xn/CubeIDE/plugins/com.st.stm32cube.ide.mcu.externaltools.gnu-tools-for-stm32.12.3.rel1.linux64_1.0.100.202403111256/tools/bin/../lib/gcc/arm-none-eabi/12.3.1/../../../../arm-none-eabi/lib/thumb/v7e-m+dp/hard/libc.a(libc_a-isattyr.o)
                0x08013dd4                _isatty_r
 .text._kill_r  0x08013df4       0x24 /home/dashygo/Elec/makeself_dir_Nwh1xn/CubeIDE/plugins/com.st.stm32cube.ide.mcu.externaltools.gnu-tools-for-stm32.12.3.rel1.linux64_1.0.100.202403111256/tools/bin/../lib/gcc/arm-none-eabi/12.3.1/../../../../arm-none-eabi/lib/thumb/v7e-m+dp/hard/libc.a(libc_a-signalr.o)
                0x08013df4                _kill_r
 .text._getpid_r
                0x08013e18        0x4 /home/dashygo/Elec/makeself_dir_Nwh1xn/CubeIDE/plugins/com.st.stm32cube.ide.mcu.externaltools.gnu-tools-for-stm32.12.3.rel1.linux64_1.0.100.202403111256/tools/bin/../lib/gcc/arm-none-eabi/12.3.1/../../../../arm-none-eabi/lib/thumb/v7e-m+dp/hard/libc.a(libc_a-signalr.o)
                0x08013e18                _getpid_r
 *fill*         0x08013e1c        0x4 
 .text.sqrt     0x08013e20       0x40 /home/dashygo/Elec/makeself_dir_Nwh1xn/CubeIDE/plugins/com.st.stm32cube.ide.mcu.externaltools.gnu-tools-for-stm32.12.3.rel1.linux64_1.0.100.202403111256/tools/bin/../lib/gcc/arm-none-eabi/12.3.1/../../../../arm-none-eabi/lib/thumb/v7e-m+dp/hard/libm.a(libm_a-w_sqrt.o)
                0x08013e20                sqrt
 .text.cos      0x08013e60       0x98 /home/dashygo/Elec/makeself_dir_Nwh1xn/CubeIDE/plugins/com.st.stm32cube.ide.mcu.externaltools.gnu-tools-for-stm32.12.3.rel1.linux64_1.0.100.202403111256/tools/bin/../lib/gcc/arm-none-eabi/12.3.1/../../../../arm-none-eabi/lib/thumb/v7e-m+dp/hard/libm.a(libm_a-s_cos.o)
                0x08013e60                cos
 .text.sin      0x08013ef8       0x98 /home/dashygo/Elec/makeself_dir_Nwh1xn/CubeIDE/plugins/com.st.stm32cube.ide.mcu.externaltools.gnu-tools-for-stm32.12.3.rel1.linux64_1.0.100.202403111256/tools/bin/../lib/gcc/arm-none-eabi/12.3.1/../../../../arm-none-eabi/lib/thumb/v7e-m+dp/hard/libm.a(libm_a-s_sin.o)
                0x08013ef8                sin
 .text.log      0x08013f90      0x1e8 /home/dashygo/Elec/makeself_dir_Nwh1xn/CubeIDE/plugins/com.st.stm32cube.ide.mcu.externaltools.gnu-tools-for-stm32.12.3.rel1.linux64_1.0.100.202403111256/tools/bin/../lib/gcc/arm-none-eabi/12.3.1/../../../../arm-none-eabi/lib/thumb/v7e-m+dp/hard/libm.a(libm_a-log.o)
                0x08013f90                log
 .text.checkint
                0x08014178       0x68 /home/dashygo/Elec/makeself_dir_Nwh1xn/CubeIDE/plugins/com.st.stm32cube.ide.mcu.externaltools.gnu-tools-for-stm32.12.3.rel1.linux64_1.0.100.202403111256/tools/bin/../lib/gcc/arm-none-eabi/12.3.1/../../../../arm-none-eabi/lib/thumb/v7e-m+dp/hard/libm.a(libm_a-pow.o)
 .text.pow      0x080141e0      0x4a0 /home/dashygo/Elec/makeself_dir_Nwh1xn/CubeIDE/plugins/com.st.stm32cube.ide.mcu.externaltools.gnu-tools-for-stm32.12.3.rel1.linux64_1.0.100.202403111256/tools/bin/../lib/gcc/arm-none-eabi/12.3.1/../../../../arm-none-eabi/lib/thumb/v7e-m+dp/hard/libm.a(libm_a-pow.o)
                0x080141e0                pow
 .text.cabs     0x08014680       0x36 /home/dashygo/Elec/makeself_dir_Nwh1xn/CubeIDE/plugins/com.st.stm32cube.ide.mcu.externaltools.gnu-tools-for-stm32.12.3.rel1.linux64_1.0.100.202403111256/tools/bin/../lib/gcc/arm-none-eabi/12.3.1/../../../../arm-none-eabi/lib/thumb/v7e-m+dp/hard/libm.a(libm_a-cabs.o)
                0x08014680                cabs
 .text.cimag    0x080146b6        0x6 /home/dashygo/Elec/makeself_dir_Nwh1xn/CubeIDE/plugins/com.st.stm32cube.ide.mcu.externaltools.gnu-tools-for-stm32.12.3.rel1.linux64_1.0.100.202403111256/tools/bin/../lib/gcc/arm-none-eabi/12.3.1/../../../../arm-none-eabi/lib/thumb/v7e-m+dp/hard/libm.a(libm_a-cimag.o)
                0x080146b6                cimag
 .text.creal    0x080146bc        0x2 /home/dashygo/Elec/makeself_dir_Nwh1xn/CubeIDE/plugins/com.st.stm32cube.ide.mcu.externaltools.gnu-tools-for-stm32.12.3.rel1.linux64_1.0.100.202403111256/tools/bin/../lib/gcc/arm-none-eabi/12.3.1/../../../../arm-none-eabi/lib/thumb/v7e-m+dp/hard/libm.a(libm_a-creal.o)
                0x080146bc                creal
 .text.__ieee754_sqrt
                0x080146be        0x6 /home/dashygo/Elec/makeself_dir_Nwh1xn/CubeIDE/plugins/com.st.stm32cube.ide.mcu.externaltools.gnu-tools-for-stm32.12.3.rel1.linux64_1.0.100.202403111256/tools/bin/../lib/gcc/arm-none-eabi/12.3.1/../../../../arm-none-eabi/lib/thumb/v7e-m+dp/hard/libm.a(libm_a-e_sqrt.o)
                0x080146be                __ieee754_sqrt
 *fill*         0x080146c4        0x4 
 .text.floor    0x080146c8       0xf0 /home/dashygo/Elec/makeself_dir_Nwh1xn/CubeIDE/plugins/com.st.stm32cube.ide.mcu.externaltools.gnu-tools-for-stm32.12.3.rel1.linux64_1.0.100.202403111256/tools/bin/../lib/gcc/arm-none-eabi/12.3.1/../../../../arm-none-eabi/lib/thumb/v7e-m+dp/hard/libm.a(libm_a-s_floor.o)
                0x080146c8                floor
 .text.__kernel_cos
                0x080147b8       0xd0 /home/dashygo/Elec/makeself_dir_Nwh1xn/CubeIDE/plugins/com.st.stm32cube.ide.mcu.externaltools.gnu-tools-for-stm32.12.3.rel1.linux64_1.0.100.202403111256/tools/bin/../lib/gcc/arm-none-eabi/12.3.1/../../../../arm-none-eabi/lib/thumb/v7e-m+dp/hard/libm.a(libm_a-k_cos.o)
                0x080147b8                __kernel_cos
 .text.__kernel_sin
                0x08014888       0xb0 /home/dashygo/Elec/makeself_dir_Nwh1xn/CubeIDE/plugins/com.st.stm32cube.ide.mcu.externaltools.gnu-tools-for-stm32.12.3.rel1.linux64_1.0.100.202403111256/tools/bin/../lib/gcc/arm-none-eabi/12.3.1/../../../../arm-none-eabi/lib/thumb/v7e-m+dp/hard/libm.a(libm_a-k_sin.o)
                0x08014888                __kernel_sin
 .text.__ieee754_rem_pio2
                0x08014938      0x288 /home/dashygo/Elec/makeself_dir_Nwh1xn/CubeIDE/plugins/com.st.stm32cube.ide.mcu.externaltools.gnu-tools-for-stm32.12.3.rel1.linux64_1.0.100.202403111256/tools/bin/../lib/gcc/arm-none-eabi/12.3.1/../../../../arm-none-eabi/lib/thumb/v7e-m+dp/hard/libm.a(libm_a-e_rem_pio2.o)
                0x08014938                __ieee754_rem_pio2
 .text.hypot    0x08014bc0       0x50 /home/dashygo/Elec/makeself_dir_Nwh1xn/CubeIDE/plugins/com.st.stm32cube.ide.mcu.externaltools.gnu-tools-for-stm32.12.3.rel1.linux64_1.0.100.202403111256/tools/bin/../lib/gcc/arm-none-eabi/12.3.1/../../../../arm-none-eabi/lib/thumb/v7e-m+dp/hard/libm.a(libm_a-w_hypot.o)
                0x08014bc0                hypot
 .text.fabs     0x08014c10       0x10 /home/dashygo/Elec/makeself_dir_Nwh1xn/CubeIDE/plugins/com.st.stm32cube.ide.mcu.externaltools.gnu-tools-for-stm32.12.3.rel1.linux64_1.0.100.202403111256/tools/bin/../lib/gcc/arm-none-eabi/12.3.1/../../../../arm-none-eabi/lib/thumb/v7e-m+dp/hard/libm.a(libm_a-s_fabs.o)
                0x08014c10                fabs
 .text.finite   0x08014c20       0x16 /home/dashygo/Elec/makeself_dir_Nwh1xn/CubeIDE/plugins/com.st.stm32cube.ide.mcu.externaltools.gnu-tools-for-stm32.12.3.rel1.linux64_1.0.100.202403111256/tools/bin/../lib/gcc/arm-none-eabi/12.3.1/../../../../arm-none-eabi/lib/thumb/v7e-m+dp/hard/libm.a(libm_a-s_finite.o)
                0x08014c20                finite
 .text.with_errno
                0x08014c36       0x1c /home/dashygo/Elec/makeself_dir_Nwh1xn/CubeIDE/plugins/com.st.stm32cube.ide.mcu.externaltools.gnu-tools-for-stm32.12.3.rel1.linux64_1.0.100.202403111256/tools/bin/../lib/gcc/arm-none-eabi/12.3.1/../../../../arm-none-eabi/lib/thumb/v7e-m+dp/hard/libm.a(libm_a-math_err.o)
 .text.xflow    0x08014c52       0x22 /home/dashygo/Elec/makeself_dir_Nwh1xn/CubeIDE/plugins/com.st.stm32cube.ide.mcu.externaltools.gnu-tools-for-stm32.12.3.rel1.linux64_1.0.100.202403111256/tools/bin/../lib/gcc/arm-none-eabi/12.3.1/../../../../arm-none-eabi/lib/thumb/v7e-m+dp/hard/libm.a(libm_a-math_err.o)
 *fill*         0x08014c74        0x4 
 .text.__math_uflow
                0x08014c78       0x10 /home/dashygo/Elec/makeself_dir_Nwh1xn/CubeIDE/plugins/com.st.stm32cube.ide.mcu.externaltools.gnu-tools-for-stm32.12.3.rel1.linux64_1.0.100.202403111256/tools/bin/../lib/gcc/arm-none-eabi/12.3.1/../../../../arm-none-eabi/lib/thumb/v7e-m+dp/hard/libm.a(libm_a-math_err.o)
                0x08014c78                __math_uflow
 .text.__math_oflow
                0x08014c88       0x10 /home/dashygo/Elec/makeself_dir_Nwh1xn/CubeIDE/plugins/com.st.stm32cube.ide.mcu.externaltools.gnu-tools-for-stm32.12.3.rel1.linux64_1.0.100.202403111256/tools/bin/../lib/gcc/arm-none-eabi/12.3.1/../../../../arm-none-eabi/lib/thumb/v7e-m+dp/hard/libm.a(libm_a-math_err.o)
                0x08014c88                __math_oflow
 .text.__math_divzero
                0x08014c98       0x30 /home/dashygo/Elec/makeself_dir_Nwh1xn/CubeIDE/plugins/com.st.stm32cube.ide.mcu.externaltools.gnu-tools-for-stm32.12.3.rel1.linux64_1.0.100.202403111256/tools/bin/../lib/gcc/arm-none-eabi/12.3.1/../../../../arm-none-eabi/lib/thumb/v7e-m+dp/hard/libm.a(libm_a-math_err.o)
                0x08014c98                __math_divzero
 .text.__math_invalid
                0x08014cc8       0x1e /home/dashygo/Elec/makeself_dir_Nwh1xn/CubeIDE/plugins/com.st.stm32cube.ide.mcu.externaltools.gnu-tools-for-stm32.12.3.rel1.linux64_1.0.100.202403111256/tools/bin/../lib/gcc/arm-none-eabi/12.3.1/../../../../arm-none-eabi/lib/thumb/v7e-m+dp/hard/libm.a(libm_a-math_err.o)
                0x08014cc8                __math_invalid
 .text.__math_check_uflow
                0x08014ce6       0x12 /home/dashygo/Elec/makeself_dir_Nwh1xn/CubeIDE/plugins/com.st.stm32cube.ide.mcu.externaltools.gnu-tools-for-stm32.12.3.rel1.linux64_1.0.100.202403111256/tools/bin/../lib/gcc/arm-none-eabi/12.3.1/../../../../arm-none-eabi/lib/thumb/v7e-m+dp/hard/libm.a(libm_a-math_err.o)
                0x08014ce6                __math_check_uflow
 .text.__math_check_oflow
                0x08014cf8       0x28 /home/dashygo/Elec/makeself_dir_Nwh1xn/CubeIDE/plugins/com.st.stm32cube.ide.mcu.externaltools.gnu-tools-for-stm32.12.3.rel1.linux64_1.0.100.202403111256/tools/bin/../lib/gcc/arm-none-eabi/12.3.1/../../../../arm-none-eabi/lib/thumb/v7e-m+dp/hard/libm.a(libm_a-math_err.o)
                0x08014cf8                __math_check_oflow
 .text.__kernel_rem_pio2
                0x08014d20      0x4f8 /home/dashygo/Elec/makeself_dir_Nwh1xn/CubeIDE/plugins/com.st.stm32cube.ide.mcu.externaltools.gnu-tools-for-stm32.12.3.rel1.linux64_1.0.100.202403111256/tools/bin/../lib/gcc/arm-none-eabi/12.3.1/../../../../arm-none-eabi/lib/thumb/v7e-m+dp/hard/libm.a(libm_a-k_rem_pio2.o)
                0x08014d20                __kernel_rem_pio2
 .text.__ieee754_hypot
                0x08015218      0x164 /home/dashygo/Elec/makeself_dir_Nwh1xn/CubeIDE/plugins/com.st.stm32cube.ide.mcu.externaltools.gnu-tools-for-stm32.12.3.rel1.linux64_1.0.100.202403111256/tools/bin/../lib/gcc/arm-none-eabi/12.3.1/../../../../arm-none-eabi/lib/thumb/v7e-m+dp/hard/libm.a(libm_a-e_hypot.o)
                0x08015218                __ieee754_hypot
 *fill*         0x0801537c        0x4 
 .text.scalbn   0x08015380       0xfc /home/dashygo/Elec/makeself_dir_Nwh1xn/CubeIDE/plugins/com.st.stm32cube.ide.mcu.externaltools.gnu-tools-for-stm32.12.3.rel1.linux64_1.0.100.202403111256/tools/bin/../lib/gcc/arm-none-eabi/12.3.1/../../../../arm-none-eabi/lib/thumb/v7e-m+dp/hard/libm.a(libm_a-s_scalbn.o)
                0x08015380                scalbn
 *(.glue_7)
 .glue_7        0x0801547c        0x0 linker stubs
 *(.glue_7t)
 .glue_7t       0x0801547c        0x0 linker stubs
 *(.eh_frame)
 .eh_frame      0x0801547c        0x0 /home/dashygo/Elec/makeself_dir_Nwh1xn/CubeIDE/plugins/com.st.stm32cube.ide.mcu.externaltools.gnu-tools-for-stm32.12.3.rel1.linux64_1.0.100.202403111256/tools/bin/../lib/gcc/arm-none-eabi/12.3.1/thumb/v7e-m+dp/hard/crtbegin.o
 *(.init)
 .init          0x0801547c        0x4 /home/dashygo/Elec/makeself_dir_Nwh1xn/CubeIDE/plugins/com.st.stm32cube.ide.mcu.externaltools.gnu-tools-for-stm32.12.3.rel1.linux64_1.0.100.202403111256/tools/bin/../lib/gcc/arm-none-eabi/12.3.1/thumb/v7e-m+dp/hard/crti.o
                0x0801547c                _init
 .init          0x08015480        0x8 /home/dashygo/Elec/makeself_dir_Nwh1xn/CubeIDE/plugins/com.st.stm32cube.ide.mcu.externaltools.gnu-tools-for-stm32.12.3.rel1.linux64_1.0.100.202403111256/tools/bin/../lib/gcc/arm-none-eabi/12.3.1/thumb/v7e-m+dp/hard/crtn.o
 *(.fini)
 .fini          0x08015488        0x4 /home/dashygo/Elec/makeself_dir_Nwh1xn/CubeIDE/plugins/com.st.stm32cube.ide.mcu.externaltools.gnu-tools-for-stm32.12.3.rel1.linux64_1.0.100.202403111256/tools/bin/../lib/gcc/arm-none-eabi/12.3.1/thumb/v7e-m+dp/hard/crti.o
                0x08015488                _fini
 .fini          0x0801548c        0x8 /home/dashygo/Elec/makeself_dir_Nwh1xn/CubeIDE/plugins/com.st.stm32cube.ide.mcu.externaltools.gnu-tools-for-stm32.12.3.rel1.linux64_1.0.100.202403111256/tools/bin/../lib/gcc/arm-none-eabi/12.3.1/thumb/v7e-m+dp/hard/crtn.o
                0x08015494                        . = ALIGN (0x4)
                0x08015494                        _etext = .

.vfp11_veneer   0x08015494        0x0
 .vfp11_veneer  0x08015494        0x0 linker stubs

.v4_bx          0x08015494        0x0
 .v4_bx         0x08015494        0x0 linker stubs

.iplt           0x08015494        0x0