../Core/Src/main.c:86:6:PWM_Output	24	static
../Core/Src/main.c:97:6:adc_init	8	static
../Core/Src/main.c:124:6:adc_music_init	8	static
../Core/Src/main.c:152:6:Para_Init	4	static
../Core/Src/main.c:176:6:ADC1_Get	16	static
../Core/Src/main.c:203:6:ADC1_Get_Music	16	static
../Core/Src/main.c:232:6:Input_Simulate	16	static
../Core/Src/main.c:254:6:HandleFFT	16	static
../Core/Src/main.c:275:6:PrintMag	8	static
../Core/Src/main.c:302:6:ASK_Output	16	static
../Core/Src/main.c:308:6:Music_Init	16	static
../Core/Src/main.c:326:6:Is_Music	64	static
../Core/Src/main.c:385:6:Is_Music_OZWithInit	40	static
../Core/Src/main.c:491:6:ADC_FFT	8	static
../Core/Src/main.c:550:5:main	24	static,ignoring_inline_asm
../Core/Src/main.c:696:6:SystemClock_Config	128	static
../Core/Src/main.c:762:6:HAL_ADC_ConvCpltCallback	16	static
../Core/Src/main.c:771:6:HAL_TIM_PeriodElapsedCallback	16	static
../Core/Src/main.c:793:6:HAL_UART_RxCpltCallback	16	static
../Core/Src/main.c:858:6:MPU_Config	24	static
../Core/Src/main.c:922:6:Error_Handler	4	static,ignoring_inline_asm
