Archive member included to satisfy reference by file (symbol)

/home/dashygo/st/stm32cubeide_1.15.1/plugins/com.st.stm32cube.ide.mcu.externaltools.gnu-tools-for-stm32.12.3.rel1.linux64_1.0.100.202403111256/tools/bin/../lib/gcc/arm-none-eabi/12.3.1/../../../../arm-none-eabi/lib/thumb/v7e-m+dp/hard/libc.a(libc_a-exit.o)
                              /home/dashygo/st/stm32cubeide_1.15.1/plugins/com.st.stm32cube.ide.mcu.externaltools.gnu-tools-for-stm32.12.3.rel1.linux64_1.0.100.202403111256/tools/bin/../lib/gcc/arm-none-eabi/12.3.1/../../../../arm-none-eabi/lib/thumb/v7e-m+dp/hard/crt0.o (exit)
/home/dashygo/st/stm32cubeide_1.15.1/plugins/com.st.stm32cube.ide.mcu.externaltools.gnu-tools-for-stm32.12.3.rel1.linux64_1.0.100.202403111256/tools/bin/../lib/gcc/arm-none-eabi/12.3.1/../../../../arm-none-eabi/lib/thumb/v7e-m+dp/hard/libc.a(libc_a-findfp.o)
                              /home/dashygo/st/stm32cubeide_1.15.1/plugins/com.st.stm32cube.ide.mcu.externaltools.gnu-tools-for-stm32.12.3.rel1.linux64_1.0.100.202403111256/tools/bin/../lib/gcc/arm-none-eabi/12.3.1/../../../../arm-none-eabi/lib/thumb/v7e-m+dp/hard/libc.a(libc_a-exit.o) (__stdio_exit_handler)
/home/dashygo/st/stm32cubeide_1.15.1/plugins/com.st.stm32cube.ide.mcu.externaltools.gnu-tools-for-stm32.12.3.rel1.linux64_1.0.100.202403111256/tools/bin/../lib/gcc/arm-none-eabi/12.3.1/../../../../arm-none-eabi/lib/thumb/v7e-m+dp/hard/libc.a(libc_a-fwalk.o)
                              /home/dashygo/st/stm32cubeide_1.15.1/plugins/com.st.stm32cube.ide.mcu.externaltools.gnu-tools-for-stm32.12.3.rel1.linux64_1.0.100.202403111256/tools/bin/../lib/gcc/arm-none-eabi/12.3.1/../../../../arm-none-eabi/lib/thumb/v7e-m+dp/hard/libc.a(libc_a-findfp.o) (_fwalk_sglue)
/home/dashygo/st/stm32cubeide_1.15.1/plugins/com.st.stm32cube.ide.mcu.externaltools.gnu-tools-for-stm32.12.3.rel1.linux64_1.0.100.202403111256/tools/bin/../lib/gcc/arm-none-eabi/12.3.1/../../../../arm-none-eabi/lib/thumb/v7e-m+dp/hard/libc.a(libc_a-sprintf.o)
                              ./Core/Src/main.o (sprintf)
/home/dashygo/st/stm32cubeide_1.15.1/plugins/com.st.stm32cube.ide.mcu.externaltools.gnu-tools-for-stm32.12.3.rel1.linux64_1.0.100.202403111256/tools/bin/../lib/gcc/arm-none-eabi/12.3.1/../../../../arm-none-eabi/lib/thumb/v7e-m+dp/hard/libc.a(libc_a-stdio.o)
                              /home/dashygo/st/stm32cubeide_1.15.1/plugins/com.st.stm32cube.ide.mcu.externaltools.gnu-tools-for-stm32.12.3.rel1.linux64_1.0.100.202403111256/tools/bin/../lib/gcc/arm-none-eabi/12.3.1/../../../../arm-none-eabi/lib/thumb/v7e-m+dp/hard/libc.a(libc_a-findfp.o) (__sread)
/home/dashygo/st/stm32cubeide_1.15.1/plugins/com.st.stm32cube.ide.mcu.externaltools.gnu-tools-for-stm32.12.3.rel1.linux64_1.0.100.202403111256/tools/bin/../lib/gcc/arm-none-eabi/12.3.1/../../../../arm-none-eabi/lib/thumb/v7e-m+dp/hard/libc.a(libc_a-memset.o)
                              /home/dashygo/st/stm32cubeide_1.15.1/plugins/com.st.stm32cube.ide.mcu.externaltools.gnu-tools-for-stm32.12.3.rel1.linux64_1.0.100.202403111256/tools/bin/../lib/gcc/arm-none-eabi/12.3.1/../../../../arm-none-eabi/lib/thumb/v7e-m+dp/hard/crt0.o (memset)
/home/dashygo/st/stm32cubeide_1.15.1/plugins/com.st.stm32cube.ide.mcu.externaltools.gnu-tools-for-stm32.12.3.rel1.linux64_1.0.100.202403111256/tools/bin/../lib/gcc/arm-none-eabi/12.3.1/../../../../arm-none-eabi/lib/thumb/v7e-m+dp/hard/libc.a(libc_a-closer.o)
                              /home/dashygo/st/stm32cubeide_1.15.1/plugins/com.st.stm32cube.ide.mcu.externaltools.gnu-tools-for-stm32.12.3.rel1.linux64_1.0.100.202403111256/tools/bin/../lib/gcc/arm-none-eabi/12.3.1/../../../../arm-none-eabi/lib/thumb/v7e-m+dp/hard/libc.a(libc_a-stdio.o) (_close_r)
/home/dashygo/st/stm32cubeide_1.15.1/plugins/com.st.stm32cube.ide.mcu.externaltools.gnu-tools-for-stm32.12.3.rel1.linux64_1.0.100.202403111256/tools/bin/../lib/gcc/arm-none-eabi/12.3.1/../../../../arm-none-eabi/lib/thumb/v7e-m+dp/hard/libc.a(libc_a-reent.o)
                              /home/dashygo/st/stm32cubeide_1.15.1/plugins/com.st.stm32cube.ide.mcu.externaltools.gnu-tools-for-stm32.12.3.rel1.linux64_1.0.100.202403111256/tools/bin/../lib/gcc/arm-none-eabi/12.3.1/../../../../arm-none-eabi/lib/thumb/v7e-m+dp/hard/libc.a(libc_a-closer.o) (errno)
/home/dashygo/st/stm32cubeide_1.15.1/plugins/com.st.stm32cube.ide.mcu.externaltools.gnu-tools-for-stm32.12.3.rel1.linux64_1.0.100.202403111256/tools/bin/../lib/gcc/arm-none-eabi/12.3.1/../../../../arm-none-eabi/lib/thumb/v7e-m+dp/hard/libc.a(libc_a-impure.o)
                              /home/dashygo/st/stm32cubeide_1.15.1/plugins/com.st.stm32cube.ide.mcu.externaltools.gnu-tools-for-stm32.12.3.rel1.linux64_1.0.100.202403111256/tools/bin/../lib/gcc/arm-none-eabi/12.3.1/../../../../arm-none-eabi/lib/thumb/v7e-m+dp/hard/libc.a(libc_a-sprintf.o) (_impure_ptr)
[...]
Memory Configuration

Name             Origin             Length             Attributes
FLASH            0x08000000         0x00200000         xr
DTCMRAM          0x20000000         0x00020000         xrw
RAM_D1           0x24000000         0x00080000         xrw
RAM_D2           0x30000000         0x00048000         xrw
RAM_D3           0x38000000         0x00010000         xrw
ITCMRAM          0x00000000         0x00010000         xrw
*default*        0x00000000         0xffffffff

Linker script and memory map

LOAD /home/dashygo/st/stm32cubeide_1.15.1/plugins/com.st.stm32cube.ide.mcu.externaltools.gnu-tools-for-stm32.12.3.rel1.linux64_1.0.100.202403111256/tools/bin/../lib/gcc/arm-none-eabi/12.3.1/thumb/v7e-m+dp/hard/crti.o
LOAD /home/dashygo/st/stm32cubeide_1.15.1/plugins/com.st.stm32cube.ide.mcu.externaltools.gnu-tools-for-stm32.12.3.rel1.linux64_1.0.100.202403111256/tools/bin/../lib/gcc/arm-none-eabi/12.3.1/thumb/v7e-m+dp/hard/crtbegin.o
LOAD /home/dashygo/st/stm32cubeide_1.15.1/plugins/com.st.stm32cube.ide.mcu.externaltools.gnu-tools-for-stm32.12.3.rel1.linux64_1.0.100.202403111256/tools/bin/../lib/gcc/arm-none-eabi/12.3.1/../../../../arm-none-eabi/lib/thumb/v7e-m+dp/hard/crt0.o
LOAD ./Core/Src/FO.o
LOAD ./Core/Src/SSM.o
LOAD ./Core/Src/adc.o
LOAD ./Core/Src/dac.o
LOAD ./Core/Src/dma.o
LOAD ./Core/Src/font.o
LOAD ./Core/Src/gpio.o
LOAD ./Core/Src/i2c.o
LOAD ./Core/Src/main.o
LOAD ./Core/Src/oled.o
LOAD ./Core/Src/signal.o
LOAD ./Core/Src/stm32h7xx_hal_msp.o
LOAD ./Core/Src/stm32h7xx_it.o
LOAD ./Core/Src/syscalls.o
LOAD ./Core/Src/sysmem.o
LOAD ./Core/Src/system_stm32h7xx.o
LOAD ./Core/Src/tim.o
LOAD ./Core/Src/usart.o
LOAD ./Core/Startup/startup_stm32h743vitx.o
LOAD ./Drivers/STM32H7xx_HAL_Driver/Src/stm32h7xx_hal.o
LOAD ./Drivers/STM32H7xx_HAL_Driver/Src/stm32h7xx_hal_adc.o
LOAD ./Drivers/STM32H7xx_HAL_Driver/Src/stm32h7xx_hal_adc_ex.o
LOAD ./Drivers/STM32H7xx_HAL_Driver/Src/stm32h7xx_hal_cortex.o
LOAD ./Drivers/STM32H7xx_HAL_Driver/Src/stm32h7xx_hal_dac.o
LOAD ./Drivers/STM32H7xx_HAL_Driver/Src/stm32h7xx_hal_dac_ex.o
LOAD ./Drivers/STM32H7xx_HAL_Driver/Src/stm32h7xx_hal_dma.o
LOAD ./Drivers/STM32H7xx_HAL_Driver/Src/stm32h7xx_hal_dma_ex.o
LOAD ./Drivers/STM32H7xx_HAL_Driver/Src/stm32h7xx_hal_exti.o
LOAD ./Drivers/STM32H7xx_HAL_Driver/Src/stm32h7xx_hal_flash.o
LOAD ./Drivers/STM32H7xx_HAL_Driver/Src/stm32h7xx_hal_flash_ex.o
LOAD ./Drivers/STM32H7xx_HAL_Driver/Src/stm32h7xx_hal_gpio.o
LOAD ./Drivers/STM32H7xx_HAL_Driver/Src/stm32h7xx_hal_hsem.o
LOAD ./Drivers/STM32H7xx_HAL_Driver/Src/stm32h7xx_hal_i2c.o
LOAD ./Drivers/STM32H7xx_HAL_Driver/Src/stm32h7xx_hal_i2c_ex.o
LOAD ./Drivers/STM32H7xx_HAL_Driver/Src/stm32h7xx_hal_mdma.o
LOAD ./Drivers/STM32H7xx_HAL_Driver/Src/stm32h7xx_hal_pwr.o
LOAD ./Drivers/STM32H7xx_HAL_Driver/Src/stm32h7xx_hal_pwr_ex.o
LOAD ./Drivers/STM32H7xx_HAL_Driver/Src/stm32h7xx_hal_rcc.o
LOAD ./Drivers/STM32H7xx_HAL_Driver/Src/stm32h7xx_hal_rcc_ex.o
LOAD ./Drivers/STM32H7xx_HAL_Driver/Src/stm32h7xx_hal_tim.o
LOAD ./Drivers/STM32H7xx_HAL_Driver/Src/stm32h7xx_hal_tim_ex.o
LOAD ./Drivers/STM32H7xx_HAL_Driver/Src/stm32h7xx_hal_uart.o
LOAD ./Drivers/STM32H7xx_HAL_Driver/Src/stm32h7xx_hal_uart_ex.o
START GROUP
LOAD /home/dashygo/st/stm32cubeide_1.15.1/plugins/com.st.stm32cube.ide.mcu.externaltools.gnu-tools-for-stm32.12.3.rel1.linux64_1.0.100.202403111256/tools/bin/../lib/gcc/arm-none-eabi/12.3.1/../../../../arm-none-eabi/lib/thumb/v7e-m+dp/hard/libc.a
LOAD /home/dashygo/st/stm32cubeide_1.15.1/plugins/com.st.stm32cube.ide.mcu.externaltools.gnu-tools-for-stm32.12.3.rel1.linux64_1.0.100.202403111256/tools/bin/../lib/gcc/arm-none-eabi/12.3.1/../../../../arm-none-eabi/lib/thumb/v7e-m+dp/hard/libm.a
END GROUP
START GROUP
LOAD /home/dashygo/st/stm32cubeide_1.15.1/plugins/com.st.stm32cube.ide.mcu.externaltools.gnu-tools-for-stm32.12.3.rel1.linux64_1.0.100.202403111256/tools/bin/../lib/gcc/arm-none-eabi/12.3.1/thumb/v7e-m+dp/hard/libgcc.a
LOAD /home/dashygo/st/stm32cubeide_1.15.1/plugins/com.st.stm32cube.ide.mcu.externaltools.gnu-tools-for-stm32.12.3.rel1.linux64_1.0.100.202403111256/tools/bin/../lib/gcc/arm-none-eabi/12.3.1/../../../../arm-none-eabi/lib/thumb/v7e-m+dp/hard/libc.a
END GROUP
START GROUP
LOAD /home/dashygo/st/stm32cubeide_1.15.1/plugins/com.st.stm32cube.ide.mcu.externaltools.gnu-tools-for-stm32.12.3.rel1.linux64_1.0.100.202403111256/tools/bin/../lib/gcc/arm-none-eabi/12.3.1/thumb/v7e-m+dp/hard/libgcc.a
LOAD /home/dashygo/st/stm32cubeide_1.15.1/plugins/com.st.stm32cube.ide.mcu.externaltools.gnu-tools-for-stm32.12.3.rel1.linux64_1.0.100.202403111256/tools/bin/../lib/gcc/arm-none-eabi/12.3.1/../../../../arm-none-eabi/lib/thumb/v7e-m+dp/hard/libc.a
LOAD /home/dashygo/st/stm32cubeide_1.15.1/plugins/com.st.stm32cube.ide.mcu.externaltools.gnu-tools-for-stm32.12.3.rel1.linux64_1.0.100.202403111256/tools/bin/../lib/gcc/arm-none-eabi/12.3.1/../../../../arm-none-eabi/lib/thumb/v7e-m+dp/hard/libnosys.a
END GROUP
LOAD /home/dashygo/st/stm32cubeide_1.15.1/plugins/com.st.stm32cube.ide.mcu.externaltools.gnu-tools-for-stm32.12.3.rel1.linux64_1.0.100.202403111256/tools/bin/../lib/gcc/arm-none-eabi/12.3.1/thumb/v7e-m+dp/hard/crtend.o
LOAD /home/dashygo/st/stm32cubeide_1.15.1/plugins/com.st.stm32cube.ide.mcu.externaltools.gnu-tools-for-stm32.12.3.rel1.linux64_1.0.100.202403111256/tools/bin/../lib/gcc/arm-none-eabi/12.3.1/thumb/v7e-m+dp/hard/crtn.o
                0x24080000                        _estack = (ORIGIN (RAM_D1) + LENGTH (RAM_D1))
                0x00003000                        _Min_Heap_Size = 0x3000
                0x00001000                        _Min_Stack_Size = 0x1000

.isr_vector     0x08000000      0x298
                0x08000000                        . = ALIGN (0x4)
 *(.isr_vector)
 .isr_vector    0x08000000      0x298 ./Core/Startup/startup_stm32h743vitx.o
                0x08000000                g_pfnVectors
                0x08000298                        . = ALIGN (0x4)

.text           0x08000298    0x11bb4
                0x08000298                        . = ALIGN (0x4)
 *(.text)
 .text          0x08000298       0x40 /home/dashygo/st/stm32cubeide_1.15.1/plugins/com.st.stm32cube.ide.mcu.externaltools.gnu-tools-for-stm32.12.3.rel1.linux64_1.0.100.202403111256/tools/bin/../lib/gcc/arm-none-eabi/12.3.1/thumb/v7e-m+dp/hard/crtbegin.o
 .text          0x080002d8       0x30 /home/dashygo/st/stm32cubeide_1.15.1/plugins/com.st.stm32cube.ide.mcu.externaltools.gnu-tools-for-stm32.12.3.rel1.linux64_1.0.100.202403111256/tools/bin/../lib/gcc/arm-none-eabi/12.3.1/thumb/v7e-m+dp/hard/libgcc.a(_aeabi_uldivmod.o)
                0x080002d8                __aeabi_uldivmod
 .text          0x08000308      0x2b8 /home/dashygo/st/stm32cubeide_1.15.1/plugins/com.st.stm32cube.ide.mcu.externaltools.gnu-tools-for-stm32.12.3.rel1.linux64_1.0.100.202403111256/tools/bin/../lib/gcc/arm-none-eabi/12.3.1/thumb/v7e-m+dp/hard/libgcc.a(_muldc3.o)
                0x08000308                __muldc3
 .text          0x080005c0      0x2bc /home/dashygo/st/stm32cubeide_1.15.1/plugins/com.st.stm32cube.ide.mcu.externaltools.gnu-tools-for-stm32.12.3.rel1.linux64_1.0.100.202403111256/tools/bin/../lib/gcc/arm-none-eabi/12.3.1/thumb/v7e-m+dp/hard/libgcc.a(_udivmoddi4.o)
                0x080005c0                __udivmoddi4
 .text          0x0800087c        0x4 /home/dashygo/st/stm32cubeide_1.15.1/plugins/com.st.stm32cube.ide.mcu.externaltools.gnu-tools-for-stm32.12.3.rel1.linux64_1.0.100.202403111256/tools/bin/../lib/gcc/arm-none-eabi/12.3.1/thumb/v7e-m+dp/hard/libgcc.a(_dvmd_tls.o)
                0x0800087c                __aeabi_ldiv0
                0x0800087c                __aeabi_idiv0
 *(.text*)
 .text.rev      0x08000880       0xe8 ./Core/Src/FO.o
                0x08000880                rev
 .text.FFT      0x08000968      0x400 ./Core/Src/FO.o
                0x08000968                FFT
 .text.FFT_Mag  0x08000d68       0xfc ./Core/Src/FO.o
                0x08000d68                FFT_Mag
 .text.FFT_Mag_sqrt
                0x08000e64       0xca ./Core/Src/FO.o
                0x08000e64                FFT_Mag_sqrt
 *fill*         0x08000f2e        0x2 
 .text.Blackman
                0x08000f30      0x190 ./Core/Src/FO.o
                0x08000f30                Blackman
 .text.sgn      0x080010c0       0x40 ./Core/Src/SSM.o
                0x080010c0                sgn
 .text.OverZero_Ave_Get
                0x08001100       0xa4 ./Core/Src/SSM.o
                0x08001100                OverZero_Ave_Get
 .text.FrameNumber_Get
                0x080011a4       0x28 ./Core/Src/SSM.o
                0x080011a4                FrameNumber_Get
 .text.MaxOZ_Get
                0x080011cc       0x7c ./Core/Src/SSM.o
                0x080011cc                MaxOZ_Get
 .text.OverOZ_Num_Get
                0x08001248       0x80 ./Core/Src/SSM.o
                0x08001248                OverOZ_Num_Get
 .text.MX_ADC1_Init
                0x080012c8       0xf4 ./Core/Src/adc.o
                0x080012c8                MX_ADC1_Init
 .text.HAL_ADC_MspInit
                0x080013bc      0x14c ./Core/Src/adc.o
                0x080013bc                HAL_ADC_MspInit
 .text.HAL_ADC_MspDeInit
                0x08001508       0x48 ./Core/Src/adc.o
                0x08001508                HAL_ADC_MspDeInit
 .text.MX_DAC1_Init
                0x08001550       0x64 ./Core/Src/dac.o
                0x08001550                MX_DAC1_Init
 .text.HAL_DAC_MspInit
                0x080015b4       0xf4 ./Core/Src/dac.o
                0x080015b4                HAL_DAC_MspInit
 .text.MX_DMA_Init
                0x080016a8       0x50 ./Core/Src/dma.o
                0x080016a8                MX_DMA_Init
 .text.MX_GPIO_Init
                0x080016f8       0xf4 ./Core/Src/gpio.o
                0x080016f8                MX_GPIO_Init
 .text.MX_I2C1_Init
                0x080017ec       0x80 ./Core/Src/i2c.o
                0x080017ec                MX_I2C1_Init
 .text.HAL_I2C_MspInit
                0x0800186c       0xd0 ./Core/Src/i2c.o
                0x0800186c                HAL_I2C_MspInit
 .text.adc_init
                0x0800193c       0x9c ./Core/Src/main.o
                0x0800193c                adc_init
 .text.adc_music_init
                0x080019d8       0x9c ./Core/Src/main.o
                0x080019d8                adc_music_init
 .text.Para_Init
                0x08001a74       0xc0 ./Core/Src/main.o
                0x08001a74                Para_Init
 *fill*         0x08001b34        0x4 
 .text.ADC1_Get
                0x08001b38       0x84 ./Core/Src/main.o
                0x08001b38                ADC1_Get
 *fill*         0x08001bbc        0x4 
 .text.ADC1_Get_Music
                0x08001bc0       0xc4 ./Core/Src/main.o
                0x08001bc0                ADC1_Get_Music
 .text.HandleFFT
                0x08001c84       0xd8 ./Core/Src/main.o
                0x08001c84                HandleFFT
 *fill*         0x08001d5c        0x4 
 .text.PrintMag
                0x08001d60       0xc4 ./Core/Src/main.o
                0x08001d60                PrintMag
 .text.ASK_Output
                0x08001e24       0x2c ./Core/Src/main.o
                0x08001e24                ASK_Output
 .text.Music_Init
                0x08001e50      0x108 ./Core/Src/main.o
                0x08001e50                Music_Init
 .text.Is_Music_OZWithInit
                0x08001f58      0x314 ./Core/Src/main.o
                0x08001f58                Is_Music_OZWithInit
 .text.ADC_FFT  0x0800226c       0x64 ./Core/Src/main.o
                0x0800226c                ADC_FFT
 .text.PWM_Output
                0x080022d0       0x78 ./Core/Src/main.o
                0x080022d0                PWM_Output
 .text.main     0x08002348      0x164 ./Core/Src/main.o
                0x08002348                main
 .text.SystemClock_Config
                0x080024ac      0x16c ./Core/Src/main.o
                0x080024ac                SystemClock_Config
 .text.HAL_ADC_ConvCpltCallback
                0x08002618       0x20 ./Core/Src/main.o
                0x08002618                HAL_ADC_ConvCpltCallback
 .text.HAL_TIM_PeriodElapsedCallback
                0x08002638       0x8c ./Core/Src/main.o
                0x08002638                HAL_TIM_PeriodElapsedCallback
 *fill*         0x080026c4        0x4 
 .text.HAL_UART_RxCpltCallback
                0x080026c8      0x118 ./Core/Src/main.o
                0x080026c8                HAL_UART_RxCpltCallback
 .text.MPU_Config
                0x080027e0       0xbc ./Core/Src/main.o
 .text.Error_Handler
                0x0800289c        0xc ./Core/Src/main.o
                0x0800289c                Error_Handler
 .text.HAL_MspInit
                0x080028a8       0x34 ./Core/Src/stm32h7xx_hal_msp.o
                0x080028a8                HAL_MspInit
 .text.NMI_Handler
                0x080028dc        0x8 ./Core/Src/stm32h7xx_it.o
                0x080028dc                NMI_Handler
 .text.HardFault_Handler
                0x080028e4        0x8 ./Core/Src/stm32h7xx_it.o
                0x080028e4                HardFault_Handler
 .text.MemManage_Handler
                0x080028ec        0x8 ./Core/Src/stm32h7xx_it.o
                0x080028ec                MemManage_Handler
 .text.BusFault_Handler
                0x080028f4        0x8 ./Core/Src/stm32h7xx_it.o
                0x080028f4                BusFault_Handler
 .text.UsageFault_Handler
                0x080028fc        0x8 ./Core/Src/stm32h7xx_it.o
                0x080028fc                UsageFault_Handler
 .text.SVC_Handler
                0x08002904        0xe ./Core/Src/stm32h7xx_it.o
                0x08002904                SVC_Handler
 .text.DebugMon_Handler
                0x08002912        0xe ./Core/Src/stm32h7xx_it.o
                0x08002912                DebugMon_Handler
 .text.PendSV_Handler
                0x08002920        0xe ./Core/Src/stm32h7xx_it.o
                0x08002920                PendSV_Handler
 .text.SysTick_Handler
                0x0800292e        0xc ./Core/Src/stm32h7xx_it.o
                0x0800292e                SysTick_Handler
 *fill*         0x0800293a        0x2 
 .text.DMA1_Stream0_IRQHandler
                0x0800293c       0x14 ./Core/Src/stm32h7xx_it.o
                0x0800293c                DMA1_Stream0_IRQHandler
 .text.DMA1_Stream1_IRQHandler
                0x08002950       0x14 ./Core/Src/stm32h7xx_it.o
                0x08002950                DMA1_Stream1_IRQHandler
 .text.USART1_IRQHandler
                0x08002964       0x14 ./Core/Src/stm32h7xx_it.o
                0x08002964                USART1_IRQHandler
 .text.TIM5_IRQHandler
                0x08002978       0x14 ./Core/Src/stm32h7xx_it.o
                0x08002978                TIM5_IRQHandler
 .text.SystemInit
                0x0800298c      0x110 ./Core/Src/system_stm32h7xx.o
                0x0800298c                SystemInit
 .text.MX_TIM4_Init
                0x08002a9c       0xb4 ./Core/Src/tim.o
                0x08002a9c                MX_TIM4_Init
 .text.MX_TIM5_Init
                0x08002b50       0x9c ./Core/Src/tim.o
                0x08002b50                MX_TIM5_Init
 .text.MX_TIM7_Init
                0x08002bec       0x6c ./Core/Src/tim.o
                0x08002bec                MX_TIM7_Init
 .text.MX_TIM15_Init
                0x08002c58       0xa0 ./Core/Src/tim.o
                0x08002c58                MX_TIM15_Init
 .text.HAL_TIM_PWM_MspInit
                0x08002cf8       0x44 ./Core/Src/tim.o
                0x08002cf8                HAL_TIM_PWM_MspInit
 .text.HAL_TIM_Base_MspInit
                0x08002d3c       0xac ./Core/Src/tim.o
                0x08002d3c                HAL_TIM_Base_MspInit
 .text.HAL_TIM_MspPostInit
                0x08002de8       0x78 ./Core/Src/tim.o
                0x08002de8                HAL_TIM_MspPostInit
 .text.setFre   0x08002e60       0xb8 ./Core/Src/tim.o
                0x08002e60                setFre
 .text.MX_USART1_UART_Init
                0x08002f18       0x98 ./Core/Src/usart.o
                0x08002f18                MX_USART1_UART_Init
 .text.HAL_UART_MspInit
                0x08002fb0       0xe4 ./Core/Src/usart.o
                0x08002fb0                HAL_UART_MspInit
 .text.USART1PutString
                0x08003094       0x40 ./Core/Src/usart.o
                0x08003094                USART1PutString
 .text.Reset_Handler
                0x080030d4       0x50 ./Core/Startup/startup_stm32h743vitx.o
                0x080030d4                Reset_Handler
 .text.Default_Handler
                0x08003124        0x2 ./Core/Startup/startup_stm32h743vitx.o
                0x08003124                RTC_Alarm_IRQHandler
                0x08003124                EXTI2_IRQHandler
                0x08003124                TIM8_CC_IRQHandler
                0x08003124                HRTIM1_Master_IRQHandler
                0x08003124                UART8_IRQHandler
                0x08003124                SPI4_IRQHandler
                0x08003124                TIM1_CC_IRQHandler
                0x08003124                BDMA_Channel6_IRQHandler
                0x08003124                DMA2_Stream5_IRQHandler
                0x08003124                HRTIM1_FLT_IRQHandler
                0x08003124                JPEG_IRQHandler
                0x08003124                DMA1_Stream5_IRQHandler
                0x08003124                BDMA_Channel1_IRQHandler
                0x08003124                HRTIM1_TIMD_IRQHandler
                0x08003124                TAMP_STAMP_IRQHandler
                0x08003124                EXTI3_IRQHandler
                0x08003124                LPTIM4_IRQHandler
                0x08003124                TIM8_TRG_COM_TIM14_IRQHandler
                0x08003124                LPTIM2_IRQHandler
                0x08003124                DFSDM1_FLT1_IRQHandler
                0x08003124                DMAMUX2_OVR_IRQHandler
                0x08003124                TIM8_UP_TIM13_IRQHandler
                0x08003124                I2C3_ER_IRQHandler
                0x08003124                DFSDM1_FLT2_IRQHandler
                0x08003124                MDMA_IRQHandler
                0x08003124                LPTIM3_IRQHandler
                0x08003124                HSEM1_IRQHandler
                0x08003124                EXTI0_IRQHandler
                0x08003124                I2C2_EV_IRQHandler
                0x08003124                DMA1_Stream2_IRQHandler
                0x08003124                FPU_IRQHandler
                0x08003124                OTG_HS_WKUP_IRQHandler
                0x08003124                FDCAN1_IT1_IRQHandler
                0x08003124                LTDC_ER_IRQHandler
                0x08003124                DMA2_Stream2_IRQHandler
                0x08003124                HRTIM1_TIME_IRQHandler
                0x08003124                SPI1_IRQHandler
                0x08003124                TIM6_DAC_IRQHandler
                0x08003124                DCMI_IRQHandler
                0x08003124                HRTIM1_TIMC_IRQHandler
                0x08003124                DMA2_Stream3_IRQHandler
                0x08003124                SAI2_IRQHandler
                0x08003124                DFSDM1_FLT3_IRQHandler
                0x08003124                USART6_IRQHandler
                0x08003124                TIM17_IRQHandler
                0x08003124                USART3_IRQHandler
                0x08003124                BDMA_Channel7_IRQHandler
                0x08003124                LPTIM5_IRQHandler
                0x08003124                UART5_IRQHandler
                0x08003124                ADC3_IRQHandler
                0x08003124                DMA2_Stream0_IRQHandler
                0x08003124                TIM4_IRQHandler
                0x08003124                BDMA_Channel2_IRQHandler
                0x08003124                QUADSPI_IRQHandler
                0x08003124                I2C1_EV_IRQHandler
                0x08003124                DMA1_Stream6_IRQHandler
                0x08003124                DMAMUX1_OVR_IRQHandler
                0x08003124                TIM16_IRQHandler
                0x08003124                UART4_IRQHandler
                0x08003124                BDMA_Channel5_IRQHandler
                0x08003124                TIM3_IRQHandler
                0x08003124                RCC_IRQHandler
                0x08003124                TIM8_BRK_TIM12_IRQHandler
                0x08003124                TIM1_TRG_COM_IRQHandler
                0x08003124                Default_Handler
                0x08003124                ECC_IRQHandler
                0x08003124                CEC_IRQHandler
                0x08003124                EXTI15_10_IRQHandler
                0x08003124                BDMA_Channel0_IRQHandler
                0x08003124                ADC_IRQHandler
                0x08003124                DMA1_Stream7_IRQHandler
                0x08003124                HRTIM1_TIMA_IRQHandler
                0x08003124                SPI5_IRQHandler
                0x08003124                TIM7_IRQHandler
                0x08003124                SDMMC1_IRQHandler
                0x08003124                DMA2_Stream7_IRQHandler
                0x08003124                TIM15_IRQHandler
                0x08003124                PVD_AVD_IRQHandler
                0x08003124                I2C3_EV_IRQHandler
                0x08003124                EXTI9_5_IRQHandler
                0x08003124                RTC_WKUP_IRQHandler
                0x08003124                LTDC_IRQHandler
                0x08003124                SAI3_IRQHandler
                0x08003124                ETH_WKUP_IRQHandler
                0x08003124                SPDIF_RX_IRQHandler
                0x08003124                SPI2_IRQHandler
                0x08003124                OTG_HS_EP1_IN_IRQHandler
                0x08003124                CRS_IRQHandler
                0x08003124                EXTI4_IRQHandler
                0x08003124                RNG_IRQHandler
                0x08003124                HRTIM1_TIMB_IRQHandler
                0x08003124                FDCAN2_IT1_IRQHandler
                0x08003124                ETH_IRQHandler
                0x08003124                TIM1_UP_IRQHandler
                0x08003124                BDMA_Channel4_IRQHandler
                0x08003124                OTG_HS_EP1_OUT_IRQHandler
                0x08003124                WWDG_IRQHandler
                0x08003124                SPI6_IRQHandler
                0x08003124                MDIOS_IRQHandler
                0x08003124                I2C4_EV_IRQHandler
                0x08003124                FDCAN2_IT0_IRQHandler
                0x08003124                LPUART1_IRQHandler
                0x08003124                FDCAN1_IT0_IRQHandler
                0x08003124                TIM2_IRQHandler
                0x08003124                OTG_FS_WKUP_IRQHandler
                0x08003124                OTG_HS_IRQHandler
                0x08003124                DMA2D_IRQHandler
                0x08003124                TIM1_BRK_IRQHandler
                0x08003124                EXTI1_IRQHandler
                0x08003124                SDMMC2_IRQHandler
                0x08003124                OTG_FS_EP1_OUT_IRQHandler
                0x08003124                BDMA_Channel3_IRQHandler
                0x08003124                UART7_IRQHandler
                0x08003124                MDIOS_WKUP_IRQHandler
                0x08003124                USART2_IRQHandler
                0x08003124                DFSDM1_FLT0_IRQHandler
                0x08003124                SAI4_IRQHandler
                0x08003124                I2C2_ER_IRQHandler
                0x08003124                DMA2_Stream1_IRQHandler
                0x08003124                FLASH_IRQHandler
                0x08003124                DMA2_Stream4_IRQHandler
                0x08003124                OTG_FS_IRQHandler
                0x08003124                SPI3_IRQHandler
                0x08003124                WAKEUP_PIN_IRQHandler
                0x08003124                DMA1_Stream4_IRQHandler
                0x08003124                OTG_FS_EP1_IN_IRQHandler
                0x08003124                I2C1_ER_IRQHandler
                0x08003124                FMC_IRQHandler
                0x08003124                FDCAN_CAL_IRQHandler
                0x08003124                SWPMI1_IRQHandler
                0x08003124                COMP1_IRQHandler
                0x08003124                LPTIM1_IRQHandler
                0x08003124                I2C4_ER_IRQHandler
                0x08003124                DMA2_Stream6_IRQHandler
                0x08003124                SAI1_IRQHandler
                0x08003124                DMA1_Stream3_IRQHandler
 *fill*         0x08003126        0x2 
 .text.HAL_Init
                0x08003128       0x78 ./Drivers/STM32H7xx_HAL_Driver/Src/stm32h7xx_hal.o
                0x08003128                HAL_Init
 .text.HAL_InitTick
                0x080031a0       0x6c ./Drivers/STM32H7xx_HAL_Driver/Src/stm32h7xx_hal.o
                0x080031a0                HAL_InitTick
 .text.HAL_IncTick
                0x0800320c       0x28 ./Drivers/STM32H7xx_HAL_Driver/Src/stm32h7xx_hal.o
                0x0800320c                HAL_IncTick
 .text.HAL_GetTick
                0x08003234       0x18 ./Drivers/STM32H7xx_HAL_Driver/Src/stm32h7xx_hal.o
                0x08003234                HAL_GetTick
 .text.HAL_Delay
                0x0800324c       0x48 ./Drivers/STM32H7xx_HAL_Driver/Src/stm32h7xx_hal.o
                0x0800324c                HAL_Delay
 .text.HAL_GetREVID
                0x08003294       0x18 ./Drivers/STM32H7xx_HAL_Driver/Src/stm32h7xx_hal.o
                0x08003294                HAL_GetREVID
 .text.LL_ADC_SetCommonClock
                0x080032ac       0x26 ./Drivers/STM32H7xx_HAL_Driver/Src/stm32h7xx_hal_adc.o
 .text.LL_ADC_SetCommonPathInternalCh
                0x080032d2       0x26 ./Drivers/STM32H7xx_HAL_Driver/Src/stm32h7xx_hal_adc.o
 .text.LL_ADC_GetCommonPathInternalCh
                0x080032f8       0x1c ./Drivers/STM32H7xx_HAL_Driver/Src/stm32h7xx_hal_adc.o
 .text.LL_ADC_SetOffset
                0x08003314       0x40 ./Drivers/STM32H7xx_HAL_Driver/Src/stm32h7xx_hal_adc.o
 .text.LL_ADC_SetDataRightShift
                0x08003354       0x32 ./Drivers/STM32H7xx_HAL_Driver/Src/stm32h7xx_hal_adc.o
 .text.LL_ADC_SetOffsetSignedSaturation
                0x08003386       0x36 ./Drivers/STM32H7xx_HAL_Driver/Src/stm32h7xx_hal_adc.o
 .text.LL_ADC_REG_IsTriggerSourceSWStart
                0x080033bc       0x26 ./Drivers/STM32H7xx_HAL_Driver/Src/stm32h7xx_hal_adc.o
 .text.LL_ADC_REG_SetSequencerRanks
                0x080033e2       0x58 ./Drivers/STM32H7xx_HAL_Driver/Src/stm32h7xx_hal_adc.o
 .text.LL_ADC_REG_SetDataTransferMode
                0x0800343a       0x26 ./Drivers/STM32H7xx_HAL_Driver/Src/stm32h7xx_hal_adc.o
 .text.LL_ADC_SetChannelSamplingTime
                0x08003460       0x56 ./Drivers/STM32H7xx_HAL_Driver/Src/stm32h7xx_hal_adc.o
 *fill*         0x080034b6        0x2 
 .text.LL_ADC_SetChannelSingleDiff
                0x080034b8       0x48 ./Drivers/STM32H7xx_HAL_Driver/Src/stm32h7xx_hal_adc.o
 .text.LL_ADC_GetMultimode
                0x08003500       0x1c ./Drivers/STM32H7xx_HAL_Driver/Src/stm32h7xx_hal_adc.o
 .text.LL_ADC_DisableDeepPowerDown
                0x0800351c       0x24 ./Drivers/STM32H7xx_HAL_Driver/Src/stm32h7xx_hal_adc.o
 .text.LL_ADC_IsDeepPowerDownEnabled
                0x08003540       0x28 ./Drivers/STM32H7xx_HAL_Driver/Src/stm32h7xx_hal_adc.o
 .text.LL_ADC_EnableInternalRegulator
                0x08003568       0x28 ./Drivers/STM32H7xx_HAL_Driver/Src/stm32h7xx_hal_adc.o
 .text.LL_ADC_IsInternalRegulatorEnabled
                0x08003590       0x28 ./Drivers/STM32H7xx_HAL_Driver/Src/stm32h7xx_hal_adc.o
 .text.LL_ADC_Enable
                0x080035b8       0x28 ./Drivers/STM32H7xx_HAL_Driver/Src/stm32h7xx_hal_adc.o
 .text.LL_ADC_Disable
                0x080035e0       0x28 ./Drivers/STM32H7xx_HAL_Driver/Src/stm32h7xx_hal_adc.o
 .text.LL_ADC_IsEnabled
                0x08003608       0x26 ./Drivers/STM32H7xx_HAL_Driver/Src/stm32h7xx_hal_adc.o
 .text.LL_ADC_IsDisableOngoing
                0x0800362e       0x26 ./Drivers/STM32H7xx_HAL_Driver/Src/stm32h7xx_hal_adc.o
 .text.LL_ADC_REG_StartConversion
                0x08003654       0x28 ./Drivers/STM32H7xx_HAL_Driver/Src/stm32h7xx_hal_adc.o
 .text.LL_ADC_REG_StopConversion
                0x0800367c       0x28 ./Drivers/STM32H7xx_HAL_Driver/Src/stm32h7xx_hal_adc.o
 .text.LL_ADC_REG_IsConversionOngoing
                0x080036a4       0x26 ./Drivers/STM32H7xx_HAL_Driver/Src/stm32h7xx_hal_adc.o
 *fill*         0x080036ca        0x2 
 .text.LL_ADC_INJ_StopConversion
                0x080036cc       0x28 ./Drivers/STM32H7xx_HAL_Driver/Src/stm32h7xx_hal_adc.o
 .text.LL_ADC_INJ_IsConversionOngoing
                0x080036f4       0x26 ./Drivers/STM32H7xx_HAL_Driver/Src/stm32h7xx_hal_adc.o
 *fill*         0x0800371a        0x2 
 .text.HAL_ADC_Init
                0x0800371c      0x344 ./Drivers/STM32H7xx_HAL_Driver/Src/stm32h7xx_hal_adc.o
                0x0800371c                HAL_ADC_Init
 .text.HAL_ADC_DeInit
                0x08003a60      0x300 ./Drivers/STM32H7xx_HAL_Driver/Src/stm32h7xx_hal_adc.o
                0x08003a60                HAL_ADC_DeInit
 .text.HAL_ADC_Start_DMA
                0x08003d60      0x188 ./Drivers/STM32H7xx_HAL_Driver/Src/stm32h7xx_hal_adc.o
                0x08003d60                HAL_ADC_Start_DMA
 .text.HAL_ADC_ConvHalfCpltCallback
                0x08003ee8       0x14 ./Drivers/STM32H7xx_HAL_Driver/Src/stm32h7xx_hal_adc.o
                0x08003ee8                HAL_ADC_ConvHalfCpltCallback
 .text.HAL_ADC_ErrorCallback
                0x08003efc       0x14 ./Drivers/STM32H7xx_HAL_Driver/Src/stm32h7xx_hal_adc.o
                0x08003efc                HAL_ADC_ErrorCallback
 .text.HAL_ADC_ConfigChannel
                0x08003f10      0x6a0 ./Drivers/STM32H7xx_HAL_Driver/Src/stm32h7xx_hal_adc.o
                0x08003f10                HAL_ADC_ConfigChannel
 .text.ADC_ConversionStop
                0x080045b0      0x178 ./Drivers/STM32H7xx_HAL_Driver/Src/stm32h7xx_hal_adc.o
                0x080045b0                ADC_ConversionStop
 .text.ADC_Enable
                0x08004728      0x114 ./Drivers/STM32H7xx_HAL_Driver/Src/stm32h7xx_hal_adc.o
                0x08004728                ADC_Enable
 .text.ADC_Disable
                0x0800483c       0xbe ./Drivers/STM32H7xx_HAL_Driver/Src/stm32h7xx_hal_adc.o
                0x0800483c                ADC_Disable
 .text.ADC_DMAConvCplt
                0x080048fa       0xd8 ./Drivers/STM32H7xx_HAL_Driver/Src/stm32h7xx_hal_adc.o
                0x080048fa                ADC_DMAConvCplt
 .text.ADC_DMAHalfConvCplt
                0x080049d2       0x1c ./Drivers/STM32H7xx_HAL_Driver/Src/stm32h7xx_hal_adc.o
                0x080049d2                ADC_DMAHalfConvCplt
 .text.ADC_DMAError
                0x080049ee       0x34 ./Drivers/STM32H7xx_HAL_Driver/Src/stm32h7xx_hal_adc.o
                0x080049ee                ADC_DMAError
 *fill*         0x08004a22        0x2 
 .text.ADC_ConfigureBoostMode
                0x08004a24      0x218 ./Drivers/STM32H7xx_HAL_Driver/Src/stm32h7xx_hal_adc.o
                0x08004a24                ADC_ConfigureBoostMode
 .text.LL_ADC_IsEnabled
                0x08004c3c       0x26 ./Drivers/STM32H7xx_HAL_Driver/Src/stm32h7xx_hal_adc_ex.o
 *fill*         0x08004c62        0x2 
 .text.LL_ADC_StartCalibration
                0x08004c64       0x3c ./Drivers/STM32H7xx_HAL_Driver/Src/stm32h7xx_hal_adc_ex.o
 .text.LL_ADC_IsCalibrationOnGoing
                0x08004ca0       0x28 ./Drivers/STM32H7xx_HAL_Driver/Src/stm32h7xx_hal_adc_ex.o
 .text.LL_ADC_REG_IsConversionOngoing
                0x08004cc8       0x26 ./Drivers/STM32H7xx_HAL_Driver/Src/stm32h7xx_hal_adc_ex.o
 *fill*         0x08004cee        0x2 
 .text.HAL_ADCEx_Calibration_Start
                0x08004cf0       0xc8 ./Drivers/STM32H7xx_HAL_Driver/Src/stm32h7xx_hal_adc_ex.o
                0x08004cf0                HAL_ADCEx_Calibration_Start
 .text.HAL_ADCEx_MultiModeConfigChannel
                0x08004db8      0x1bc ./Drivers/STM32H7xx_HAL_Driver/Src/stm32h7xx_hal_adc_ex.o
                0x08004db8                HAL_ADCEx_MultiModeConfigChannel
 .text.__NVIC_SetPriorityGrouping
                0x08004f74       0x48 ./Drivers/STM32H7xx_HAL_Driver/Src/stm32h7xx_hal_cortex.o
 .text.__NVIC_GetPriorityGrouping
                0x08004fbc       0x1c ./Drivers/STM32H7xx_HAL_Driver/Src/stm32h7xx_hal_cortex.o
 .text.__NVIC_EnableIRQ
                0x08004fd8       0x3c ./Drivers/STM32H7xx_HAL_Driver/Src/stm32h7xx_hal_cortex.o
 .text.__NVIC_SetPriority
                0x08005014       0x54 ./Drivers/STM32H7xx_HAL_Driver/Src/stm32h7xx_hal_cortex.o
 .text.NVIC_EncodePriority
                0x08005068       0x66 ./Drivers/STM32H7xx_HAL_Driver/Src/stm32h7xx_hal_cortex.o
 *fill*         0x080050ce        0x2 
 .text.SysTick_Config
                0x080050d0       0x44 ./Drivers/STM32H7xx_HAL_Driver/Src/stm32h7xx_hal_cortex.o
 .text.HAL_NVIC_SetPriorityGrouping
                0x08005114       0x16 ./Drivers/STM32H7xx_HAL_Driver/Src/stm32h7xx_hal_cortex.o
                0x08005114                HAL_NVIC_SetPriorityGrouping
 .text.HAL_NVIC_SetPriority
                0x0800512a       0x34 ./Drivers/STM32H7xx_HAL_Driver/Src/stm32h7xx_hal_cortex.o
                0x0800512a                HAL_NVIC_SetPriority
 .text.HAL_NVIC_EnableIRQ
                0x0800515e       0x1c ./Drivers/STM32H7xx_HAL_Driver/Src/stm32h7xx_hal_cortex.o
                0x0800515e                HAL_NVIC_EnableIRQ
 .text.HAL_SYSTICK_Config
                0x0800517a       0x18 ./Drivers/STM32H7xx_HAL_Driver/Src/stm32h7xx_hal_cortex.o
                0x0800517a                HAL_SYSTICK_Config
 *fill*         0x08005192        0x2 
 .text.HAL_MPU_Disable
                0x08005194       0x30 ./Drivers/STM32H7xx_HAL_Driver/Src/stm32h7xx_hal_cortex.o
                0x08005194                HAL_MPU_Disable
 .text.HAL_MPU_Enable
                0x080051c4       0x40 ./Drivers/STM32H7xx_HAL_Driver/Src/stm32h7xx_hal_cortex.o
                0x080051c4                HAL_MPU_Enable
 .text.HAL_MPU_ConfigRegion
                0x08005204       0x88 ./Drivers/STM32H7xx_HAL_Driver/Src/stm32h7xx_hal_cortex.o
                0x08005204                HAL_MPU_ConfigRegion
 .text.HAL_DAC_Init
                0x0800528c       0x44 ./Drivers/STM32H7xx_HAL_Driver/Src/stm32h7xx_hal_dac.o
                0x0800528c                HAL_DAC_Init
 .text.HAL_DAC_ConfigChannel
                0x080052d0      0x27c ./Drivers/STM32H7xx_HAL_Driver/Src/stm32h7xx_hal_dac.o
                0x080052d0                HAL_DAC_ConfigChannel
 .text.HAL_DMA_Init
                0x0800554c      0x6b8 ./Drivers/STM32H7xx_HAL_Driver/Src/stm32h7xx_hal_dma.o
                0x0800554c                HAL_DMA_Init
 .text.HAL_DMA_DeInit
                0x08005c04      0x36c ./Drivers/STM32H7xx_HAL_Driver/Src/stm32h7xx_hal_dma.o
                0x08005c04                HAL_DMA_DeInit
 .text.HAL_DMA_Start_IT
                0x08005f70      0x4d4 ./Drivers/STM32H7xx_HAL_Driver/Src/stm32h7xx_hal_dma.o
                0x08005f70                HAL_DMA_Start_IT
 .text.HAL_DMA_Abort
                0x08006444      0x63c ./Drivers/STM32H7xx_HAL_Driver/Src/stm32h7xx_hal_dma.o
                0x08006444                HAL_DMA_Abort
 .text.HAL_DMA_Abort_IT
                0x08006a80      0x48c ./Drivers/STM32H7xx_HAL_Driver/Src/stm32h7xx_hal_dma.o
                0x08006a80                HAL_DMA_Abort_IT
 .text.HAL_DMA_IRQHandler
                0x08006f0c      0xe54 ./Drivers/STM32H7xx_HAL_Driver/Src/stm32h7xx_hal_dma.o
                0x08006f0c                HAL_DMA_IRQHandler
 .text.DMA_SetConfig
                0x08007d60      0x358 ./Drivers/STM32H7xx_HAL_Driver/Src/stm32h7xx_hal_dma.o
 .text.DMA_CalcBaseAndBitshift
                0x080080b8      0x164 ./Drivers/STM32H7xx_HAL_Driver/Src/stm32h7xx_hal_dma.o
 .text.DMA_CheckFifoParam
                0x0800821c       0xf8 ./Drivers/STM32H7xx_HAL_Driver/Src/stm32h7xx_hal_dma.o
 .text.DMA_CalcDMAMUXChannelBaseAndMask
                0x08008314      0x134 ./Drivers/STM32H7xx_HAL_Driver/Src/stm32h7xx_hal_dma.o
 .text.DMA_CalcDMAMUXRequestGenBaseAndMask
                0x08008448       0xe8 ./Drivers/STM32H7xx_HAL_Driver/Src/stm32h7xx_hal_dma.o
 .text.HAL_GPIO_Init
                0x08008530      0x360 ./Drivers/STM32H7xx_HAL_Driver/Src/stm32h7xx_hal_gpio.o
                0x08008530                HAL_GPIO_Init
 .text.HAL_GPIO_DeInit
                0x08008890      0x214 ./Drivers/STM32H7xx_HAL_Driver/Src/stm32h7xx_hal_gpio.o
                0x08008890                HAL_GPIO_DeInit
 .text.HAL_GPIO_WritePin
                0x08008aa4       0x32 ./Drivers/STM32H7xx_HAL_Driver/Src/stm32h7xx_hal_gpio.o
                0x08008aa4                HAL_GPIO_WritePin
 *fill*         0x08008ad6        0x2 
 .text.HAL_I2C_Init
                0x08008ad8      0x120 ./Drivers/STM32H7xx_HAL_Driver/Src/stm32h7xx_hal_i2c.o
                0x08008ad8                HAL_I2C_Init
 .text.HAL_I2CEx_ConfigAnalogFilter
                0x08008bf8       0x96 ./Drivers/STM32H7xx_HAL_Driver/Src/stm32h7xx_hal_i2c_ex.o
                0x08008bf8                HAL_I2CEx_ConfigAnalogFilter
 .text.HAL_I2CEx_ConfigDigitalFilter
                0x08008c8e       0x98 ./Drivers/STM32H7xx_HAL_Driver/Src/stm32h7xx_hal_i2c_ex.o
                0x08008c8e                HAL_I2CEx_ConfigDigitalFilter
 *fill*         0x08008d26        0x2 
 .text.HAL_PWREx_ConfigSupply
                0x08008d28       0x74 ./Drivers/STM32H7xx_HAL_Driver/Src/stm32h7xx_hal_pwr_ex.o
                0x08008d28                HAL_PWREx_ConfigSupply
 .text.HAL_RCC_OscConfig
                0x08008d9c      0x8b8 ./Drivers/STM32H7xx_HAL_Driver/Src/stm32h7xx_hal_rcc.o
                0x08008d9c                HAL_RCC_OscConfig
 .text.HAL_RCC_ClockConfig
                0x08009654      0x36c ./Drivers/STM32H7xx_HAL_Driver/Src/stm32h7xx_hal_rcc.o
                0x08009654                HAL_RCC_ClockConfig
 .text.HAL_RCC_GetSysClockFreq
                0x080099c0      0x2f4 ./Drivers/STM32H7xx_HAL_Driver/Src/stm32h7xx_hal_rcc.o
                0x080099c0                HAL_RCC_GetSysClockFreq
 .text.HAL_RCC_GetHCLKFreq
                0x08009cb4       0x60 ./Drivers/STM32H7xx_HAL_Driver/Src/stm32h7xx_hal_rcc.o
                0x08009cb4                HAL_RCC_GetHCLKFreq
 .text.HAL_RCC_GetPCLK1Freq
                0x08009d14       0x2c ./Drivers/STM32H7xx_HAL_Driver/Src/stm32h7xx_hal_rcc.o
                0x08009d14                HAL_RCC_GetPCLK1Freq
 .text.HAL_RCC_GetPCLK2Freq
                0x08009d40       0x2c ./Drivers/STM32H7xx_HAL_Driver/Src/stm32h7xx_hal_rcc.o
                0x08009d40                HAL_RCC_GetPCLK2Freq
 .text.HAL_RCCEx_PeriphCLKConfig
                0x08009d6c     0x1414 ./Drivers/STM32H7xx_HAL_Driver/Src/stm32h7xx_hal_rcc_ex.o
                0x08009d6c                HAL_RCCEx_PeriphCLKConfig
 .text.HAL_RCCEx_GetPeriphCLKFreq
                0x0800b180      0xb00 ./Drivers/STM32H7xx_HAL_Driver/Src/stm32h7xx_hal_rcc_ex.o
                0x0800b180                HAL_RCCEx_GetPeriphCLKFreq
 .text.HAL_RCCEx_GetD3PCLK1Freq
                0x0800bc80       0x2c ./Drivers/STM32H7xx_HAL_Driver/Src/stm32h7xx_hal_rcc_ex.o
                0x0800bc80                HAL_RCCEx_GetD3PCLK1Freq
 .text.HAL_RCCEx_GetPLL2ClockFreq
                0x0800bcac      0x2a8 ./Drivers/STM32H7xx_HAL_Driver/Src/stm32h7xx_hal_rcc_ex.o
                0x0800bcac                HAL_RCCEx_GetPLL2ClockFreq
 .text.HAL_RCCEx_GetPLL3ClockFreq
                0x0800bf54      0x2a8 ./Drivers/STM32H7xx_HAL_Driver/Src/stm32h7xx_hal_rcc_ex.o
                0x0800bf54                HAL_RCCEx_GetPLL3ClockFreq
 .text.HAL_RCCEx_GetPLL1ClockFreq
                0x0800c1fc      0x2a4 ./Drivers/STM32H7xx_HAL_Driver/Src/stm32h7xx_hal_rcc_ex.o
                0x0800c1fc                HAL_RCCEx_GetPLL1ClockFreq
 .text.RCCEx_PLL2_Config
                0x0800c4a0      0x164 ./Drivers/STM32H7xx_HAL_Driver/Src/stm32h7xx_hal_rcc_ex.o
 .text.RCCEx_PLL3_Config
                0x0800c604      0x164 ./Drivers/STM32H7xx_HAL_Driver/Src/stm32h7xx_hal_rcc_ex.o
 .text.HAL_TIM_Base_Init
                0x0800c768       0xae ./Drivers/STM32H7xx_HAL_Driver/Src/stm32h7xx_hal_tim.o
                0x0800c768                HAL_TIM_Base_Init
 *fill*         0x0800c816        0x2 
 .text.HAL_TIM_Base_Start
                0x0800c818       0xe0 ./Drivers/STM32H7xx_HAL_Driver/Src/stm32h7xx_hal_tim.o
                0x0800c818                HAL_TIM_Base_Start
 .text.HAL_TIM_Base_Stop
                0x0800c8f8       0x4e ./Drivers/STM32H7xx_HAL_Driver/Src/stm32h7xx_hal_tim.o
                0x0800c8f8                HAL_TIM_Base_Stop
 *fill*         0x0800c946        0x2 
 .text.HAL_TIM_Base_Start_IT
                0x0800c948       0xf0 ./Drivers/STM32H7xx_HAL_Driver/Src/stm32h7xx_hal_tim.o
                0x0800c948                HAL_TIM_Base_Start_IT
 .text.HAL_TIM_PWM_Init
                0x0800ca38       0xae ./Drivers/STM32H7xx_HAL_Driver/Src/stm32h7xx_hal_tim.o
                0x0800ca38                HAL_TIM_PWM_Init
 *fill*         0x0800cae6        0x2 
 .text.HAL_TIM_PWM_Start
                0x0800cae8      0x21c ./Drivers/STM32H7xx_HAL_Driver/Src/stm32h7xx_hal_tim.o
                0x0800cae8                HAL_TIM_PWM_Start
 .text.HAL_TIM_PWM_Stop
                0x0800cd04      0x12c ./Drivers/STM32H7xx_HAL_Driver/Src/stm32h7xx_hal_tim.o
                0x0800cd04                HAL_TIM_PWM_Stop
 .text.HAL_TIM_IRQHandler
                0x0800ce30      0x23e ./Drivers/STM32H7xx_HAL_Driver/Src/stm32h7xx_hal_tim.o
                0x0800ce30                HAL_TIM_IRQHandler
 *fill*         0x0800d06e        0x2 
 .text.HAL_TIM_PWM_ConfigChannel
                0x0800d070      0x228 ./Drivers/STM32H7xx_HAL_Driver/Src/stm32h7xx_hal_tim.o
                0x0800d070                HAL_TIM_PWM_ConfigChannel
 .text.HAL_TIM_ConfigClockSource
                0x0800d298      0x1f0 ./Drivers/STM32H7xx_HAL_Driver/Src/stm32h7xx_hal_tim.o
                0x0800d298                HAL_TIM_ConfigClockSource
 .text.HAL_TIM_OC_DelayElapsedCallback
                0x0800d488       0x14 ./Drivers/STM32H7xx_HAL_Driver/Src/stm32h7xx_hal_tim.o
                0x0800d488                HAL_TIM_OC_DelayElapsedCallback
 .text.HAL_TIM_IC_CaptureCallback
                0x0800d49c       0x14 ./Drivers/STM32H7xx_HAL_Driver/Src/stm32h7xx_hal_tim.o
                0x0800d49c                HAL_TIM_IC_CaptureCallback
 .text.HAL_TIM_PWM_PulseFinishedCallback
                0x0800d4b0       0x14 ./Drivers/STM32H7xx_HAL_Driver/Src/stm32h7xx_hal_tim.o
                0x0800d4b0                HAL_TIM_PWM_PulseFinishedCallback
 .text.HAL_TIM_TriggerCallback
                0x0800d4c4       0x14 ./Drivers/STM32H7xx_HAL_Driver/Src/stm32h7xx_hal_tim.o
                0x0800d4c4                HAL_TIM_TriggerCallback
 .text.TIM_Base_SetConfig
                0x0800d4d8      0x134 ./Drivers/STM32H7xx_HAL_Driver/Src/stm32h7xx_hal_tim.o
                0x0800d4d8                TIM_Base_SetConfig
 .text.TIM_OC1_SetConfig
                0x0800d60c      0x120 ./Drivers/STM32H7xx_HAL_Driver/Src/stm32h7xx_hal_tim.o
 .text.TIM_OC2_SetConfig
                0x0800d72c      0x114 ./Drivers/STM32H7xx_HAL_Driver/Src/stm32h7xx_hal_tim.o
                0x0800d72c                TIM_OC2_SetConfig
 .text.TIM_OC3_SetConfig
                0x0800d840      0x110 ./Drivers/STM32H7xx_HAL_Driver/Src/stm32h7xx_hal_tim.o
 .text.TIM_OC4_SetConfig
                0x0800d950       0xd4 ./Drivers/STM32H7xx_HAL_Driver/Src/stm32h7xx_hal_tim.o
 .text.TIM_OC5_SetConfig
                0x0800da24       0xc8 ./Drivers/STM32H7xx_HAL_Driver/Src/stm32h7xx_hal_tim.o
 .text.TIM_OC6_SetConfig
                0x0800daec       0xcc ./Drivers/STM32H7xx_HAL_Driver/Src/stm32h7xx_hal_tim.o
 .text.TIM_TI1_ConfigInputStage
                0x0800dbb8       0x5e ./Drivers/STM32H7xx_HAL_Driver/Src/stm32h7xx_hal_tim.o
 .text.TIM_TI2_ConfigInputStage
                0x0800dc16       0x60 ./Drivers/STM32H7xx_HAL_Driver/Src/stm32h7xx_hal_tim.o
 *fill*         0x0800dc76        0x2 
 .text.TIM_ITRx_SetConfig
                0x0800dc78       0x3c ./Drivers/STM32H7xx_HAL_Driver/Src/stm32h7xx_hal_tim.o
 .text.TIM_ETR_SetConfig
                0x0800dcb4       0x40 ./Drivers/STM32H7xx_HAL_Driver/Src/stm32h7xx_hal_tim.o
                0x0800dcb4                TIM_ETR_SetConfig
 .text.TIM_CCxChannelCmd
                0x0800dcf4       0x4a ./Drivers/STM32H7xx_HAL_Driver/Src/stm32h7xx_hal_tim.o
                0x0800dcf4                TIM_CCxChannelCmd
 *fill*         0x0800dd3e        0x2 
 .text.HAL_TIMEx_MasterConfigSynchronization
                0x0800dd40      0x11c ./Drivers/STM32H7xx_HAL_Driver/Src/stm32h7xx_hal_tim_ex.o
                0x0800dd40                HAL_TIMEx_MasterConfigSynchronization
 .text.HAL_TIMEx_CommutCallback
                0x0800de5c       0x14 ./Drivers/STM32H7xx_HAL_Driver/Src/stm32h7xx_hal_tim_ex.o
                0x0800de5c                HAL_TIMEx_CommutCallback
 .text.HAL_TIMEx_BreakCallback
                0x0800de70       0x14 ./Drivers/STM32H7xx_HAL_Driver/Src/stm32h7xx_hal_tim_ex.o
                0x0800de70                HAL_TIMEx_BreakCallback
 .text.HAL_TIMEx_Break2Callback
                0x0800de84       0x14 ./Drivers/STM32H7xx_HAL_Driver/Src/stm32h7xx_hal_tim_ex.o
                0x0800de84                HAL_TIMEx_Break2Callback
 .text.HAL_UART_Init
                0x0800de98       0xa0 ./Drivers/STM32H7xx_HAL_Driver/Src/stm32h7xx_hal_uart.o
                0x0800de98                HAL_UART_Init
 .text.HAL_UART_Transmit
                0x0800df38      0x11c ./Drivers/STM32H7xx_HAL_Driver/Src/stm32h7xx_hal_uart.o
                0x0800df38                HAL_UART_Transmit
 .text.HAL_UART_Receive_IT
                0x0800e054       0x98 ./Drivers/STM32H7xx_HAL_Driver/Src/stm32h7xx_hal_uart.o
                0x0800e054                HAL_UART_Receive_IT
 .text.HAL_UART_IRQHandler
                0x0800e0ec      0x774 ./Drivers/STM32H7xx_HAL_Driver/Src/stm32h7xx_hal_uart.o
                0x0800e0ec                HAL_UART_IRQHandler
 .text.HAL_UART_TxCpltCallback
                0x0800e860       0x14 ./Drivers/STM32H7xx_HAL_Driver/Src/stm32h7xx_hal_uart.o
                0x0800e860                HAL_UART_TxCpltCallback
 .text.HAL_UART_ErrorCallback
                0x0800e874       0x14 ./Drivers/STM32H7xx_HAL_Driver/Src/stm32h7xx_hal_uart.o
                0x0800e874                HAL_UART_ErrorCallback
 .text.HAL_UARTEx_RxEventCallback
                0x0800e888       0x18 ./Drivers/STM32H7xx_HAL_Driver/Src/stm32h7xx_hal_uart.o
                0x0800e888                HAL_UARTEx_RxEventCallback
 .text.UART_SetConfig
                0x0800e8a0      0xad0 ./Drivers/STM32H7xx_HAL_Driver/Src/stm32h7xx_hal_uart.o
                0x0800e8a0                UART_SetConfig
 .text.UART_AdvFeatureConfig
                0x0800f370      0x144 ./Drivers/STM32H7xx_HAL_Driver/Src/stm32h7xx_hal_uart.o
                0x0800f370                UART_AdvFeatureConfig
 .text.UART_CheckIdleState
                0x0800f4b4      0x154 ./Drivers/STM32H7xx_HAL_Driver/Src/stm32h7xx_hal_uart.o
                0x0800f4b4                UART_CheckIdleState
 .text.UART_WaitOnFlagUntilTimeout
                0x0800f608       0xce ./Drivers/STM32H7xx_HAL_Driver/Src/stm32h7xx_hal_uart.o
                0x0800f608                UART_WaitOnFlagUntilTimeout
 *fill*         0x0800f6d6        0x2 
 .text.UART_Start_Receive_IT
                0x0800f6d8      0x244 ./Drivers/STM32H7xx_HAL_Driver/Src/stm32h7xx_hal_uart.o
                0x0800f6d8                UART_Start_Receive_IT
 .text.UART_EndRxTransfer
                0x0800f91c       0xcc ./Drivers/STM32H7xx_HAL_Driver/Src/stm32h7xx_hal_uart.o
 .text.UART_DMAAbortOnError
                0x0800f9e8       0x2c ./Drivers/STM32H7xx_HAL_Driver/Src/stm32h7xx_hal_uart.o
 .text.UART_EndTransmit_IT
                0x0800fa14       0x56 ./Drivers/STM32H7xx_HAL_Driver/Src/stm32h7xx_hal_uart.o
 *fill*         0x0800fa6a        0x2 
 .text.UART_RxISR_8BIT
                0x0800fa6c      0x1b8 ./Drivers/STM32H7xx_HAL_Driver/Src/stm32h7xx_hal_uart.o
 .text.UART_RxISR_16BIT
                0x0800fc24      0x1b8 ./Drivers/STM32H7xx_HAL_Driver/Src/stm32h7xx_hal_uart.o
 .text.UART_RxISR_8BIT_FIFOEN
                0x0800fddc      0x360 ./Drivers/STM32H7xx_HAL_Driver/Src/stm32h7xx_hal_uart.o
 .text.UART_RxISR_16BIT_FIFOEN
                0x0801013c      0x368 ./Drivers/STM32H7xx_HAL_Driver/Src/stm32h7xx_hal_uart.o
 .text.HAL_UARTEx_WakeupCallback
                0x080104a4       0x14 ./Drivers/STM32H7xx_HAL_Driver/Src/stm32h7xx_hal_uart_ex.o
                0x080104a4                HAL_UARTEx_WakeupCallback
 .text.HAL_UARTEx_RxFifoFullCallback
                0x080104b8       0x14 ./Drivers/STM32H7xx_HAL_Driver/Src/stm32h7xx_hal_uart_ex.o
                0x080104b8                HAL_UARTEx_RxFifoFullCallback
 .text.HAL_UARTEx_TxFifoEmptyCallback
                0x080104cc       0x14 ./Drivers/STM32H7xx_HAL_Driver/Src/stm32h7xx_hal_uart_ex.o
                0x080104cc                HAL_UARTEx_TxFifoEmptyCallback
 .text.HAL_UARTEx_DisableFifoMode
                0x080104e0       0x72 ./Drivers/STM32H7xx_HAL_Driver/Src/stm32h7xx_hal_uart_ex.o
                0x080104e0                HAL_UARTEx_DisableFifoMode
 .text.HAL_UARTEx_SetTxFifoThreshold
                0x08010552       0x7c ./Drivers/STM32H7xx_HAL_Driver/Src/stm32h7xx_hal_uart_ex.o
                0x08010552                HAL_UARTEx_SetTxFifoThreshold
 .text.HAL_UARTEx_SetRxFifoThreshold
                0x080105ce       0x7c ./Drivers/STM32H7xx_HAL_Driver/Src/stm32h7xx_hal_uart_ex.o
                0x080105ce                HAL_UARTEx_SetRxFifoThreshold
 *fill*         0x0801064a        0x2 
 .text.UARTEx_SetNbDataToProcess
                0x0801064c       0x9c ./Drivers/STM32H7xx_HAL_Driver/Src/stm32h7xx_hal_uart_ex.o
 .text.memset   0x080106e8       0x10 /home/dashygo/st/stm32cubeide_1.15.1/plugins/com.st.stm32cube.ide.mcu.externaltools.gnu-tools-for-stm32.12.3.rel1.linux64_1.0.100.202403111256/tools/bin/../lib/gcc/arm-none-eabi/12.3.1/../../../../arm-none-eabi/lib/thumb/v7e-m+dp/hard/libc.a(libc_a-memset.o)
                0x080106e8                memset
 .text.__errno  0x080106f8        0xc /home/dashygo/st/stm32cubeide_1.15.1/plugins/com.st.stm32cube.ide.mcu.externaltools.gnu-tools-for-stm32.12.3.rel1.linux64_1.0.100.202403111256/tools/bin/../lib/gcc/arm-none-eabi/12.3.1/../../../../arm-none-eabi/lib/thumb/v7e-m+dp/hard/libc.a(libc_a-errno.o)
                0x080106f8                __errno
 .text.__libc_init_array
                0x08010704       0x48 /home/dashygo/st/stm32cubeide_1.15.1/plugins/com.st.stm32cube.ide.mcu.externaltools.gnu-tools-for-stm32.12.3.rel1.linux64_1.0.100.202403111256/tools/bin/../lib/gcc/arm-none-eabi/12.3.1/../../../../arm-none-eabi/lib/thumb/v7e-m+dp/hard/libc.a(libc_a-init.o)
                0x08010704                __libc_init_array
 .text.__retarget_lock_acquire_recursive
                0x0801074c        0x2 /home/dashygo/st/stm32cubeide_1.15.1/plugins/com.st.stm32cube.ide.mcu.externaltools.gnu-tools-for-stm32.12.3.rel1.linux64_1.0.100.202403111256/tools/bin/../lib/gcc/arm-none-eabi/12.3.1/../../../../arm-none-eabi/lib/thumb/v7e-m+dp/hard/libc.a(libc_a-lock.o)
                0x0801074c                __retarget_lock_acquire_recursive
 .text.__retarget_lock_release_recursive
                0x0801074e        0x2 /home/dashygo/st/stm32cubeide_1.15.1/plugins/com.st.stm32cube.ide.mcu.externaltools.gnu-tools-for-stm32.12.3.rel1.linux64_1.0.100.202403111256/tools/bin/../lib/gcc/arm-none-eabi/12.3.1/../../../../arm-none-eabi/lib/thumb/v7e-m+dp/hard/libc.a(libc_a-lock.o)
                0x0801074e                __retarget_lock_release_recursive
 .text.startup.register_fini
                0x08010750       0x14 /home/dashygo/st/stm32cubeide_1.15.1/plugins/com.st.stm32cube.ide.mcu.externaltools.gnu-tools-for-stm32.12.3.rel1.linux64_1.0.100.202403111256/tools/bin/../lib/gcc/arm-none-eabi/12.3.1/../../../../arm-none-eabi/lib/thumb/v7e-m+dp/hard/libc.a(libc_a-__call_atexit.o)
 .text.atexit   0x08010764        0xc /home/dashygo/st/stm32cubeide_1.15.1/plugins/com.st.stm32cube.ide.mcu.externaltools.gnu-tools-for-stm32.12.3.rel1.linux64_1.0.100.202403111256/tools/bin/../lib/gcc/arm-none-eabi/12.3.1/../../../../arm-none-eabi/lib/thumb/v7e-m+dp/hard/libc.a(libc_a-atexit.o)
                0x08010764                atexit
 .text.__libc_fini_array
                0x08010770       0x28 /home/dashygo/st/stm32cubeide_1.15.1/plugins/com.st.stm32cube.ide.mcu.externaltools.gnu-tools-for-stm32.12.3.rel1.linux64_1.0.100.202403111256/tools/bin/../lib/gcc/arm-none-eabi/12.3.1/../../../../arm-none-eabi/lib/thumb/v7e-m+dp/hard/libc.a(libc_a-fini.o)
                0x08010770                __libc_fini_array
 .text.__register_exitproc
                0x08010798       0x80 /home/dashygo/st/stm32cubeide_1.15.1/plugins/com.st.stm32cube.ide.mcu.externaltools.gnu-tools-for-stm32.12.3.rel1.linux64_1.0.100.202403111256/tools/bin/../lib/gcc/arm-none-eabi/12.3.1/../../../../arm-none-eabi/lib/thumb/v7e-m+dp/hard/libc.a(libc_a-__atexit.o)
                0x08010798                __register_exitproc
 .text.cos      0x08010818       0x98 /home/dashygo/st/stm32cubeide_1.15.1/plugins/com.st.stm32cube.ide.mcu.externaltools.gnu-tools-for-stm32.12.3.rel1.linux64_1.0.100.202403111256/tools/bin/../lib/gcc/arm-none-eabi/12.3.1/../../../../arm-none-eabi/lib/thumb/v7e-m+dp/hard/libm.a(libm_a-s_cos.o)
                0x08010818                cos
 .text.sin      0x080108b0       0x98 /home/dashygo/st/stm32cubeide_1.15.1/plugins/com.st.stm32cube.ide.mcu.externaltools.gnu-tools-for-stm32.12.3.rel1.linux64_1.0.100.202403111256/tools/bin/../lib/gcc/arm-none-eabi/12.3.1/../../../../arm-none-eabi/lib/thumb/v7e-m+dp/hard/libm.a(libm_a-s_sin.o)
                0x080108b0                sin
 .text.log      0x08010948      0x1e8 /home/dashygo/st/stm32cubeide_1.15.1/plugins/com.st.stm32cube.ide.mcu.externaltools.gnu-tools-for-stm32.12.3.rel1.linux64_1.0.100.202403111256/tools/bin/../lib/gcc/arm-none-eabi/12.3.1/../../../../arm-none-eabi/lib/thumb/v7e-m+dp/hard/libm.a(libm_a-log.o)
                0x08010948                log
 .text.checkint
                0x08010b30       0x68 /home/dashygo/st/stm32cubeide_1.15.1/plugins/com.st.stm32cube.ide.mcu.externaltools.gnu-tools-for-stm32.12.3.rel1.linux64_1.0.100.202403111256/tools/bin/../lib/gcc/arm-none-eabi/12.3.1/../../../../arm-none-eabi/lib/thumb/v7e-m+dp/hard/libm.a(libm_a-pow.o)
 .text.pow      0x08010b98      0x4a0 /home/dashygo/st/stm32cubeide_1.15.1/plugins/com.st.stm32cube.ide.mcu.externaltools.gnu-tools-for-stm32.12.3.rel1.linux64_1.0.100.202403111256/tools/bin/../lib/gcc/arm-none-eabi/12.3.1/../../../../arm-none-eabi/lib/thumb/v7e-m+dp/hard/libm.a(libm_a-pow.o)
                0x08010b98                pow
 .text.cabs     0x08011038       0x36 /home/dashygo/st/stm32cubeide_1.15.1/plugins/com.st.stm32cube.ide.mcu.externaltools.gnu-tools-for-stm32.12.3.rel1.linux64_1.0.100.202403111256/tools/bin/../lib/gcc/arm-none-eabi/12.3.1/../../../../arm-none-eabi/lib/thumb/v7e-m+dp/hard/libm.a(libm_a-cabs.o)
                0x08011038                cabs
 .text.cimag    0x0801106e        0x6 /home/dashygo/st/stm32cubeide_1.15.1/plugins/com.st.stm32cube.ide.mcu.externaltools.gnu-tools-for-stm32.12.3.rel1.linux64_1.0.100.202403111256/tools/bin/../lib/gcc/arm-none-eabi/12.3.1/../../../../arm-none-eabi/lib/thumb/v7e-m+dp/hard/libm.a(libm_a-cimag.o)
                0x0801106e                cimag
 .text.creal    0x08011074        0x2 /home/dashygo/st/stm32cubeide_1.15.1/plugins/com.st.stm32cube.ide.mcu.externaltools.gnu-tools-for-stm32.12.3.rel1.linux64_1.0.100.202403111256/tools/bin/../lib/gcc/arm-none-eabi/12.3.1/../../../../arm-none-eabi/lib/thumb/v7e-m+dp/hard/libm.a(libm_a-creal.o)
                0x08011074                creal
 *fill*         0x08011076        0x2 
 .text.floor    0x08011078       0xf0 /home/dashygo/st/stm32cubeide_1.15.1/plugins/com.st.stm32cube.ide.mcu.externaltools.gnu-tools-for-stm32.12.3.rel1.linux64_1.0.100.202403111256/tools/bin/../lib/gcc/arm-none-eabi/12.3.1/../../../../arm-none-eabi/lib/thumb/v7e-m+dp/hard/libm.a(libm_a-s_floor.o)
                0x08011078                floor
 .text.__kernel_cos
                0x08011168       0xd0 /home/dashygo/st/stm32cubeide_1.15.1/plugins/com.st.stm32cube.ide.mcu.externaltools.gnu-tools-for-stm32.12.3.rel1.linux64_1.0.100.202403111256/tools/bin/../lib/gcc/arm-none-eabi/12.3.1/../../../../arm-none-eabi/lib/thumb/v7e-m+dp/hard/libm.a(libm_a-k_cos.o)
                0x08011168                __kernel_cos
 .text.__kernel_sin
                0x08011238       0xb0 /home/dashygo/st/stm32cubeide_1.15.1/plugins/com.st.stm32cube.ide.mcu.externaltools.gnu-tools-for-stm32.12.3.rel1.linux64_1.0.100.202403111256/tools/bin/../lib/gcc/arm-none-eabi/12.3.1/../../../../arm-none-eabi/lib/thumb/v7e-m+dp/hard/libm.a(libm_a-k_sin.o)
                0x08011238                __kernel_sin
 .text.__ieee754_rem_pio2
                0x080112e8      0x288 /home/dashygo/st/stm32cubeide_1.15.1/plugins/com.st.stm32cube.ide.mcu.externaltools.gnu-tools-for-stm32.12.3.rel1.linux64_1.0.100.202403111256/tools/bin/../lib/gcc/arm-none-eabi/12.3.1/../../../../arm-none-eabi/lib/thumb/v7e-m+dp/hard/libm.a(libm_a-e_rem_pio2.o)
                0x080112e8                __ieee754_rem_pio2
 .text.hypot    0x08011570       0x50 /home/dashygo/st/stm32cubeide_1.15.1/plugins/com.st.stm32cube.ide.mcu.externaltools.gnu-tools-for-stm32.12.3.rel1.linux64_1.0.100.202403111256/tools/bin/../lib/gcc/arm-none-eabi/12.3.1/../../../../arm-none-eabi/lib/thumb/v7e-m+dp/hard/libm.a(libm_a-w_hypot.o)
                0x08011570                hypot
 .text.fabs     0x080115c0       0x10 /home/dashygo/st/stm32cubeide_1.15.1/plugins/com.st.stm32cube.ide.mcu.externaltools.gnu-tools-for-stm32.12.3.rel1.linux64_1.0.100.202403111256/tools/bin/../lib/gcc/arm-none-eabi/12.3.1/../../../../arm-none-eabi/lib/thumb/v7e-m+dp/hard/libm.a(libm_a-s_fabs.o)
                0x080115c0                fabs
 .text.finite   0x080115d0       0x16 /home/dashygo/st/stm32cubeide_1.15.1/plugins/com.st.stm32cube.ide.mcu.externaltools.gnu-tools-for-stm32.12.3.rel1.linux64_1.0.100.202403111256/tools/bin/../lib/gcc/arm-none-eabi/12.3.1/../../../../arm-none-eabi/lib/thumb/v7e-m+dp/hard/libm.a(libm_a-s_finite.o)
                0x080115d0                finite
 .text.with_errno
                0x080115e6       0x1c /home/dashygo/st/stm32cubeide_1.15.1/plugins/com.st.stm32cube.ide.mcu.externaltools.gnu-tools-for-stm32.12.3.rel1.linux64_1.0.100.202403111256/tools/bin/../lib/gcc/arm-none-eabi/12.3.1/../../../../arm-none-eabi/lib/thumb/v7e-m+dp/hard/libm.a(libm_a-math_err.o)
 .text.xflow    0x08011602       0x22 /home/dashygo/st/stm32cubeide_1.15.1/plugins/com.st.stm32cube.ide.mcu.externaltools.gnu-tools-for-stm32.12.3.rel1.linux64_1.0.100.202403111256/tools/bin/../lib/gcc/arm-none-eabi/12.3.1/../../../../arm-none-eabi/lib/thumb/v7e-m+dp/hard/libm.a(libm_a-math_err.o)
 *fill*         0x08011624        0x4 
 .text.__math_uflow
                0x08011628       0x10 /home/dashygo/st/stm32cubeide_1.15.1/plugins/com.st.stm32cube.ide.mcu.externaltools.gnu-tools-for-stm32.12.3.rel1.linux64_1.0.100.202403111256/tools/bin/../lib/gcc/arm-none-eabi/12.3.1/../../../../arm-none-eabi/lib/thumb/v7e-m+dp/hard/libm.a(libm_a-math_err.o)
                0x08011628                __math_uflow
 .text.__math_oflow
                0x08011638       0x10 /home/dashygo/st/stm32cubeide_1.15.1/plugins/com.st.stm32cube.ide.mcu.externaltools.gnu-tools-for-stm32.12.3.rel1.linux64_1.0.100.202403111256/tools/bin/../lib/gcc/arm-none-eabi/12.3.1/../../../../arm-none-eabi/lib/thumb/v7e-m+dp/hard/libm.a(libm_a-math_err.o)
                0x08011638                __math_oflow
 .text.__math_divzero
                0x08011648       0x30 /home/dashygo/st/stm32cubeide_1.15.1/plugins/com.st.stm32cube.ide.mcu.externaltools.gnu-tools-for-stm32.12.3.rel1.linux64_1.0.100.202403111256/tools/bin/../lib/gcc/arm-none-eabi/12.3.1/../../../../arm-none-eabi/lib/thumb/v7e-m+dp/hard/libm.a(libm_a-math_err.o)
                0x08011648                __math_divzero
 .text.__math_invalid
                0x08011678       0x1e /home/dashygo/st/stm32cubeide_1.15.1/plugins/com.st.stm32cube.ide.mcu.externaltools.gnu-tools-for-stm32.12.3.rel1.linux64_1.0.100.202403111256/tools/bin/../lib/gcc/arm-none-eabi/12.3.1/../../../../arm-none-eabi/lib/thumb/v7e-m+dp/hard/libm.a(libm_a-math_err.o)
                0x08011678                __math_invalid
 .text.__math_check_uflow
                0x08011696       0x12 /home/dashygo/st/stm32cubeide_1.15.1/plugins/com.st.stm32cube.ide.mcu.externaltools.gnu-tools-for-stm32.12.3.rel1.linux64_1.0.100.202403111256/tools/bin/../lib/gcc/arm-none-eabi/12.3.1/../../../../arm-none-eabi/lib/thumb/v7e-m+dp/hard/libm.a(libm_a-math_err.o)
                0x08011696                __math_check_uflow
 .text.__math_check_oflow
                0x080116a8       0x28 /home/dashygo/st/stm32cubeide_1.15.1/plugins/com.st.stm32cube.ide.mcu.externaltools.gnu-tools-for-stm32.12.3.rel1.linux64_1.0.100.202403111256/tools/bin/../lib/gcc/arm-none-eabi/12.3.1/../../../../arm-none-eabi/lib/thumb/v7e-m+dp/hard/libm.a(libm_a-math_err.o)
                0x080116a8                __math_check_oflow
 .text.__kernel_rem_pio2
                0x080116d0      0x4f8 /home/dashygo/st/stm32cubeide_1.15.1/plugins/com.st.stm32cube.ide.mcu.externaltools.gnu-tools-for-stm32.12.3.rel1.linux64_1.0.100.202403111256/tools/bin/../lib/gcc/arm-none-eabi/12.3.1/../../../../arm-none-eabi/lib/thumb/v7e-m+dp/hard/libm.a(libm_a-k_rem_pio2.o)
                0x080116d0                __kernel_rem_pio2
 .text.__ieee754_hypot
                0x08011bc8      0x164 /home/dashygo/st/stm32cubeide_1.15.1/plugins/com.st.stm32cube.ide.mcu.externaltools.gnu-tools-for-stm32.12.3.rel1.linux64_1.0.100.202403111256/tools/bin/../lib/gcc/arm-none-eabi/12.3.1/../../../../arm-none-eabi/lib/thumb/v7e-m+dp/hard/libm.a(libm_a-e_hypot.o)
                0x08011bc8                __ieee754_hypot
 *fill*         0x08011d2c        0x4 
 .text.scalbn   0x08011d30       0xfc /home/dashygo/st/stm32cubeide_1.15.1/plugins/com.st.stm32cube.ide.mcu.externaltools.gnu-tools-for-stm32.12.3.rel1.linux64_1.0.100.202403111256/tools/bin/../lib/gcc/arm-none-eabi/12.3.1/../../../../arm-none-eabi/lib/thumb/v7e-m+dp/hard/libm.a(libm_a-s_scalbn.o)
                0x08011d30                scalbn
 .text.__ieee754_sqrt
                0x08011e2c        0x6 /home/dashygo/st/stm32cubeide_1.15.1/plugins/com.st.stm32cube.ide.mcu.externaltools.gnu-tools-for-stm32.12.3.rel1.linux64_1.0.100.202403111256/tools/bin/../lib/gcc/arm-none-eabi/12.3.1/../../../../arm-none-eabi/lib/thumb/v7e-m+dp/hard/libm.a(libm_a-e_sqrt.o)
                0x08011e2c                __ieee754_sqrt
 *(.glue_7)
 .glue_7        0x08011e32        0x0 linker stubs
 *(.glue_7t)
 .glue_7t       0x08011e32        0x0 linker stubs
 *(.eh_frame)
 *fill*         0x08011e32        0x2 
 .eh_frame      0x08011e34        0x0 /home/dashygo/st/stm32cubeide_1.15.1/plugins/com.st.stm32cube.ide.mcu.externaltools.gnu-tools-for-stm32.12.3.rel1.linux64_1.0.100.202403111256/tools/bin/../lib/gcc/arm-none-eabi/12.3.1/thumb/v7e-m+dp/hard/crtbegin.o
 *(.init)
 .init          0x08011e34        0x4 /home/dashygo/st/stm32cubeide_1.15.1/plugins/com.st.stm32cube.ide.mcu.externaltools.gnu-tools-for-stm32.12.3.rel1.linux64_1.0.100.202403111256/tools/bin/../lib/gcc/arm-none-eabi/12.3.1/thumb/v7e-m+dp/hard/crti.o
                0x08011e34                _init
 .init          0x08011e38        0x8 /home/dashygo/st/stm32cubeide_1.15.1/plugins/com.st.stm32cube.ide.mcu.externaltools.gnu-tools-for-stm32.12.3.rel1.linux64_1.0.100.202403111256/tools/bin/../lib/gcc/arm-none-eabi/12.3.1/thumb/v7e-m+dp/hard/crtn.o
 *(.fini)
 .fini          0x08011e40        0x4 /home/dashygo/st/stm32cubeide_1.15.1/plugins/com.st.stm32cube.ide.mcu.externaltools.gnu-tools-for-stm32.12.3.rel1.linux64_1.0.100.202403111256/tools/bin/../lib/gcc/arm-none-eabi/12.3.1/thumb/v7e-m+dp/hard/crti.o
                0x08011e40                _fini
 .fini          0x08011e44        0x8 /home/dashygo/st/stm32cubeide_1.15.1/plugins/com.st.stm32cube.ide.mcu.externaltools.gnu-tools-for-stm32.12.3.rel1.linux64_1.0.100.202403111256/tools/bin/../lib/gcc/arm-none-eabi/12.3.1/thumb/v7e-m+dp/hard/crtn.o
                0x08011e4c                        . = ALIGN (0x4)
                0x08011e4c                        _etext = .

.vfp11_veneer   0x08011e4c        0x0
 .vfp11_veneer  0x08011e4c        0x0 linker stubs

.v4_bx          0x08011e4c        0x0
 .v4_bx         0x08011e4c        0x0 linker stubs

.iplt           0x08011e4c        0x0
 .iplt          0x08011e4c        0x0 /home/dashygo/st/stm32cubeide_1.15.1/plugins/com.st.stm32cube.ide.mcu.externaltools.gnu-tools-for-stm32.12.3.rel1.linux64_1.0.100.202403111256/tools/bin/../lib/gcc/arm-none-eabi/12.3.1/thumb/v7e-m+dp/hard/crtbegin.o

.rodata         0x08011e50     0x2498
                0x08011e50                        . = ALIGN (0x4)
 *(.rodata)
 .rodata        0x08011e50      0x131 ./Core/Src/main.o
 *(.rodata*)
 *fill*         0x08011f81        0x3 
 .rodata.D1CorePrescTable
                0x08011f84       0x10 ./Core/Src/system_stm32h7xx.o
                0x08011f84                D1CorePrescTable
 .rodata.flagBitshiftOffset.0
                0x08011f94        0x8 ./Drivers/STM32H7xx_HAL_Driver/Src/stm32h7xx_hal_dma.o
 .rodata.UARTPrescTable
                0x08011f9c       0x18 ./Drivers/STM32H7xx_HAL_Driver/Src/stm32h7xx_hal_uart.o
                0x08011f9c                UARTPrescTable
 .rodata.numerator.1
                0x08011fb4        0x8 ./Drivers/STM32H7xx_HAL_Driver/Src/stm32h7xx_hal_uart_ex.o
 .rodata.denominator.0
                0x08011fbc        0x8 ./Drivers/STM32H7xx_HAL_Driver/Src/stm32h7xx_hal_uart_ex.o
 *fill*         0x08011fc4        0x4 
 .rodata.__log_data
                0x08011fc8      0x890 /home/dashygo/st/stm32cubeide_1.15.1/plugins/com.st.stm32cube.ide.mcu.externaltools.gnu-tools-for-stm32.12.3.rel1.linux64_1.0.100.202403111256/tools/bin/../lib/gcc/arm-none-eabi/12.3.1/../../../../arm-none-eabi/lib/thumb/v7e-m+dp/hard/libm.a(libm_a-log_data.o)
                0x08011fc8                __log_data
 .rodata.__pow_log_data
                0x08012858     0x1048 /home/dashygo/st/stm32cubeide_1.15.1/plugins/com.st.stm32cube.ide.mcu.externaltools.gnu-tools-for-stm32.12.3.rel1.linux64_1.0.100.202403111256/tools/bin/../lib/gcc/arm-none-eabi/12.3.1/../../../../arm-none-eabi/lib/thumb/v7e-m+dp/hard/libm.a(libm_a-pow_log_data.o)
                0x08012858                __pow_log_data
 .rodata.npio2_hw
                0x080138a0       0x80 /home/dashygo/st/stm32cubeide_1.15.1/plugins/com.st.stm32cube.ide.mcu.externaltools.gnu-tools-for-stm32.12.3.rel1.linux64_1.0.100.202403111256/tools/bin/../lib/gcc/arm-none-eabi/12.3.1/../../../../arm-none-eabi/lib/thumb/v7e-m+dp/hard/libm.a(libm_a-e_rem_pio2.o)
 .rodata.two_over_pi
                0x08013920      0x108 /home/dashygo/st/stm32cubeide_1.15.1/plugins/com.st.stm32cube.ide.mcu.externaltools.gnu-tools-for-stm32.12.3.rel1.linux64_1.0.100.202403111256/tools/bin/../lib/gcc/arm-none-eabi/12.3.1/../../../../arm-none-eabi/lib/thumb/v7e-m+dp/hard/libm.a(libm_a-e_rem_pio2.o)
 .rodata.__exp_data
                0x08013a28      0x870 /home/dashygo/st/stm32cubeide_1.15.1/plugins/com.st.stm32cube.ide.mcu.externaltools.gnu-tools-for-stm32.12.3.rel1.linux64_1.0.100.202403111256/tools/bin/../lib/gcc/arm-none-eabi/12.3.1/../../../../arm-none-eabi/lib/thumb/v7e-m+dp/hard/libm.a(libm_a-exp_data.o)
                0x08013a28                __exp_data
 .rodata.PIo2   0x08014298       0x40 /home/dashygo/st/stm32cubeide_1.15.1/plugins/com.st.stm32cube.ide.mcu.externaltools.gnu-tools-for-stm32.12.3.rel1.linux64_1.0.100.202403111256/tools/bin/../lib/gcc/arm-none-eabi/12.3.1/../../../../arm-none-eabi/lib/thumb/v7e-m+dp/hard/libm.a(libm_a-k_rem_pio2.o)
 .rodata.init_jk
                0x080142d8       0x10 /home/dashygo/st/stm32cubeide_1.15.1/plugins/com.st.stm32cube.ide.mcu.externaltools.gnu-tools-for-stm32.12.3.rel1.linux64_1.0.100.202403111256/tools/bin/../lib/gcc/arm-none-eabi/12.3.1/../../../../arm-none-eabi/lib/thumb/v7e-m+dp/hard/libm.a(libm_a-k_rem_pio2.o)
                0x080142e8                        . = ALIGN (0x4)

.ARM.extab
 *(.ARM.extab* .gnu.linkonce.armextab.*)

.ARM            0x080142e8        0x8
                0x080142e8                        __exidx_start = .
 *(.ARM.exidx*)
 .ARM.exidx     0x080142e8        0x8 /home/dashygo/st/stm32cubeide_1.15.1/plugins/com.st.stm32cube.ide.mcu.externaltools.gnu-tools-for-stm32.12.3.rel1.linux64_1.0.100.202403111256/tools/bin/../lib/gcc/arm-none-eabi/12.3.1/thumb/v7e-m+dp/hard/libgcc.a(_udivmoddi4.o)
                0x080142f0                        __exidx_end = .

.preinit_array  0x080142f0        0x0
                0x080142f0                        PROVIDE (__preinit_array_start = .)
 *(.preinit_array*)
                0x080142f0                        PROVIDE (__preinit_array_end = .)

.init_array     0x080142f0        0x8
                0x080142f0                        PROVIDE (__init_array_start = .)
 *(SORT_BY_NAME(.init_array.*))
 .init_array.00000
                0x080142f0        0x4 /home/dashygo/st/stm32cubeide_1.15.1/plugins/com.st.stm32cube.ide.mcu.externaltools.gnu-tools-for-stm32.12.3.rel1.linux64_1.0.100.202403111256/tools/bin/../lib/gcc/arm-none-eabi/12.3.1/../../../../arm-none-eabi/lib/thumb/v7e-m+dp/hard/libc.a(libc_a-__call_atexit.o)
 *(.init_array*)
 .init_array    0x080142f4        0x4 /home/dashygo/st/stm32cubeide_1.15.1/plugins/com.st.stm32cube.ide.mcu.externaltools.gnu-tools-for-stm32.12.3.rel1.linux64_1.0.100.202403111256/tools/bin/../lib/gcc/arm-none-eabi/12.3.1/thumb/v7e-m+dp/hard/crtbegin.o
                0x080142f8                        PROVIDE (__init_array_end = .)

.fini_array     0x080142f8        0x4
                0x080142f8                        PROVIDE (__fini_array_start = .)
 *(SORT_BY_NAME(.fini_array.*))
 *(.fini_array*)
 .fini_array    0x080142f8        0x4 /home/dashygo/st/stm32cubeide_1.15.1/plugins/com.st.stm32cube.ide.mcu.externaltools.gnu-tools-for-stm32.12.3.rel1.linux64_1.0.100.202403111256/tools/bin/../lib/gcc/arm-none-eabi/12.3.1/thumb/v7e-m+dp/hard/crtbegin.o
                0x080142fc                        PROVIDE (__fini_array_end = .)
                0x080142fc                        _sidata = LOADADDR (.data)

.rel.dyn        0x080142fc        0x0
 .rel.iplt      0x080142fc        0x0 /home/dashygo/st/stm32cubeide_1.15.1/plugins/com.st.stm32cube.ide.mcu.externaltools.gnu-tools-for-stm32.12.3.rel1.linux64_1.0.100.202403111256/tools/bin/../lib/gcc/arm-none-eabi/12.3.1/thumb/v7e-m+dp/hard/crtbegin.o

.data           0x24000000      0x164 load address 0x080142fc
                0x24000000                        . = ALIGN (0x4)
                0x24000000                        _sdata = .
 *(.data)
 *(.data*)
 .data.max      0x24000000       0x28 ./Core/Src/main.o
                0x24000000                max
 .data.c        0x24000028        0x1 ./Core/Src/main.o
                0x24000028                c
 *fill*         0x24000029        0x3 
 .data.SystemCoreClock
                0x2400002c        0x4 ./Core/Src/system_stm32h7xx.o
                0x2400002c                SystemCoreClock
 .data.SystemD2Clock
                0x24000030        0x4 ./Core/Src/system_stm32h7xx.o
                0x24000030                SystemD2Clock
 .data.uwTickPrio
                0x24000034        0x4 ./Drivers/STM32H7xx_HAL_Driver/Src/stm32h7xx_hal.o
                0x24000034                uwTickPrio
 .data.uwTickFreq
                0x24000038        0x1 ./Drivers/STM32H7xx_HAL_Driver/Src/stm32h7xx_hal.o
                0x24000038                uwTickFreq
 *fill*         0x24000039        0x3 
 .data._impure_ptr
                0x2400003c        0x4 /home/dashygo/st/stm32cubeide_1.15.1/plugins/com.st.stm32cube.ide.mcu.externaltools.gnu-tools-for-stm32.12.3.rel1.linux64_1.0.100.202403111256/tools/bin/../lib/gcc/arm-none-eabi/12.3.1/../../../../arm-none-eabi/lib/thumb/v7e-m+dp/hard/libc.a(libc_a-impure.o)
                0x2400003c                _impure_ptr
 .data._impure_data
                0x24000040      0x120 /home/dashygo/st/stm32cubeide_1.15.1/plugins/com.st.stm32cube.ide.mcu.externaltools.gnu-tools-for-stm32.12.3.rel1.linux64_1.0.100.202403111256/tools/bin/../lib/gcc/arm-none-eabi/12.3.1/../../../../arm-none-eabi/lib/thumb/v7e-m+dp/hard/libc.a(libc_a-impure.o)
                0x24000040                _impure_data
 .data.__atexit_recursive_mutex
                0x24000160        0x4 /home/dashygo/st/stm32cubeide_1.15.1/plugins/com.st.stm32cube.ide.mcu.externaltools.gnu-tools-for-stm32.12.3.rel1.linux64_1.0.100.202403111256/tools/bin/../lib/gcc/arm-none-eabi/12.3.1/../../../../arm-none-eabi/lib/thumb/v7e-m+dp/hard/libc.a(libc_a-__call_atexit.o)
                0x24000160                __atexit_recursive_mutex
 *(.RamFunc)
 *(.RamFunc*)
                0x24000164                        . = ALIGN (0x4)
                0x24000164                        _edata = .

.igot.plt       0x24000164        0x0 load address 0x08014460
 .igot.plt      0x24000164        0x0 /home/dashygo/st/stm32cubeide_1.15.1/plugins/com.st.stm32cube.ide.mcu.externaltools.gnu-tools-for-stm32.12.3.rel1.linux64_1.0.100.202403111256/tools/bin/../lib/gcc/arm-none-eabi/12.3.1/thumb/v7e-m+dp/hard/crtbegin.o

.ARM.__at_0x30000000
                0x24000180      0x800 load address 0x08014460
 .ARM.__at_0x30000000
                0x24000180      0x800 ./Core/Src/main.o
                0x24000180                adc1_data

.ARM.__at_0x30080000
                0x24000980     0x2000 load address 0x08014c60
 .ARM.__at_0x30080000
                0x24000980     0x2000 ./Core/Src/main.o
                0x24000980                adc1_music_data
                0x24002980                        . = ALIGN (0x4)

.bss            0x24002980    0x1b214 load address 0x08016c60
                0x24002980                        _sbss = .
                0x24002980                        __bss_start__ = _sbss
 *(.bss)
 .bss           0x24002980       0x1c /home/dashygo/st/stm32cubeide_1.15.1/plugins/com.st.stm32cube.ide.mcu.externaltools.gnu-tools-for-stm32.12.3.rel1.linux64_1.0.100.202403111256/tools/bin/../lib/gcc/arm-none-eabi/12.3.1/thumb/v7e-m+dp/hard/crtbegin.o
 *(.bss*)
 .bss.hadc1     0x2400299c       0x64 ./Core/Src/adc.o
                0x2400299c                hadc1
 .bss.hdma_adc1
                0x24002a00       0x78 ./Core/Src/adc.o
                0x24002a00                hdma_adc1
 .bss.hdac1     0x24002a78       0x14 ./Core/Src/dac.o
                0x24002a78                hdac1
 .bss.hdma_dac1_ch2
                0x24002a8c       0x78 ./Core/Src/dac.o
                0x24002a8c                hdma_dac1_ch2
 .bss.hi2c1     0x24002b04       0x54 ./Core/Src/i2c.o
                0x24002b04                hi2c1
 .bss.AdcConvEnd
                0x24002b58        0x1 ./Core/Src/main.o
                0x24002b58                AdcConvEnd
 *fill*         0x24002b59        0x3 
 .bss.max_index
                0x24002b5c        0x8 ./Core/Src/main.o
                0x24002b5c                max_index
 .bss.X         0x24002b64        0x4 ./Core/Src/main.o
                0x24002b64                X
 .bss.P         0x24002b68     0x8320 ./Core/Src/main.o
                0x24002b68                P
 .bss.p         0x2400ae88        0x4 ./Core/Src/main.o
                0x2400ae88                p
 *fill*         0x2400ae8c        0x4 
 .bss.voltage   0x2400ae90        0x8 ./Core/Src/main.o
                0x2400ae90                voltage
 .bss.v         0x2400ae98     0x2320 ./Core/Src/main.o
                0x2400ae98                v
 .bss.SP        0x2400d1b8    0x10320 ./Core/Src/main.o
                0x2400d1b8                SP
 .bss.i         0x2401d4d8        0x4 ./Core/Src/main.o
                0x2401d4d8                i
 .bss.flag      0x2401d4dc        0x4 ./Core/Src/main.o
                0x2401d4dc                flag
 .bss.count     0x2401d4e0        0x4 ./Core/Src/main.o
                0x2401d4e0                count
 *fill*         0x2401d4e4        0x4 
 .bss.Spec      0x2401d4e8      0x1e0 ./Core/Src/main.o
                0x2401d4e8                Spec
 .bss.hold_on   0x2401d6c8        0x4 ./Core/Src/main.o
                0x2401d6c8                hold_on
 *fill*         0x2401d6cc        0x4 
 .bss.rate      0x2401d6d0        0x8 ./Core/Src/main.o
                0x2401d6d0                rate
 .bss.hold_music
                0x2401d6d8        0x4 ./Core/Src/main.o
                0x2401d6d8                hold_music
 .bss.hold_voice
                0x2401d6dc        0x4 ./Core/Src/main.o
                0x2401d6dc                hold_voice
 .bss.hold_weak
                0x2401d6e0        0x4 ./Core/Src/main.o
                0x2401d6e0                hold_weak
 .bss.human_killed
                0x2401d6e4        0x4 ./Core/Src/main.o
                0x2401d6e4                human_killed
 .bss.music_killed
                0x2401d6e8        0x4 ./Core/Src/main.o
                0x2401d6e8                music_killed
 .bss.f         0x2401d6ec        0x4 ./Core/Src/main.o
                0x2401d6ec                f
 .bss.kill_human
                0x2401d6f0        0x4 ./Core/Src/main.o
                0x2401d6f0                kill_human
 .bss.kill_music
                0x2401d6f4        0x4 ./Core/Src/main.o
                0x2401d6f4                kill_music
 .bss.CNT       0x2401d6f8        0x1 ./Core/Src/main.o
                0x2401d6f8                CNT
 *fill*         0x2401d6f9        0x3 
 .bss.htim4     0x2401d6fc       0x4c ./Core/Src/tim.o
                0x2401d6fc                htim4
 .bss.htim5     0x2401d748       0x4c ./Core/Src/tim.o
                0x2401d748                htim5
 .bss.htim7     0x2401d794       0x4c ./Core/Src/tim.o
                0x2401d794                htim7
 .bss.htim15    0x2401d7e0       0x4c ./Core/Src/tim.o
                0x2401d7e0                htim15
 .bss.huart1    0x2401d82c       0x94 ./Core/Src/usart.o
                0x2401d82c                huart1
 .bss.uwTick    0x2401d8c0        0x4 ./Drivers/STM32H7xx_HAL_Driver/Src/stm32h7xx_hal.o
                0x2401d8c0                uwTick
 .bss.__sf      0x2401d8c4      0x138 /home/dashygo/st/stm32cubeide_1.15.1/plugins/com.st.stm32cube.ide.mcu.externaltools.gnu-tools-for-stm32.12.3.rel1.linux64_1.0.100.202403111256/tools/bin/../lib/gcc/arm-none-eabi/12.3.1/../../../../arm-none-eabi/lib/thumb/v7e-m+dp/hard/libc.a(libc_a-findfp.o)
                0x2401d8c4                __sf
 .bss.__lock___atexit_recursive_mutex
                0x2401d9fc        0x1 /home/dashygo/st/stm32cubeide_1.15.1/plugins/com.st.stm32cube.ide.mcu.externaltools.gnu-tools-for-stm32.12.3.rel1.linux64_1.0.100.202403111256/tools/bin/../lib/gcc/arm-none-eabi/12.3.1/../../../../arm-none-eabi/lib/thumb/v7e-m+dp/hard/libc.a(libc_a-lock.o)
                0x2401d9fc                __lock___atexit_recursive_mutex
 *fill*         0x2401d9fd        0x3 
 .bss.__atexit  0x2401da00        0x4 /home/dashygo/st/stm32cubeide_1.15.1/plugins/com.st.stm32cube.ide.mcu.externaltools.gnu-tools-for-stm32.12.3.rel1.linux64_1.0.100.202403111256/tools/bin/../lib/gcc/arm-none-eabi/12.3.1/../../../../arm-none-eabi/lib/thumb/v7e-m+dp/hard/libc.a(libc_a-__call_atexit.o)
                0x2401da00                __atexit
 .bss.__atexit0
                0x2401da04      0x190 /home/dashygo/st/stm32cubeide_1.15.1/plugins/com.st.stm32cube.ide.mcu.externaltools.gnu-tools-for-stm32.12.3.rel1.linux64_1.0.100.202403111256/tools/bin/../lib/gcc/arm-none-eabi/12.3.1/../../../../arm-none-eabi/lib/thumb/v7e-m+dp/hard/libc.a(libc_a-__atexit.o)
                0x2401da04                __atexit0
 *(COMMON)
                0x2401db94                        . = ALIGN (0x4)
                0x2401db94                        _ebss = .
                0x2401db94                        __bss_end__ = _ebss

._user_heap_stack
                0x2401db94     0x4004 load address 0x08016c60
                0x2401db98                        . = ALIGN (0x8)
 *fill*         0x2401db94        0x4 
                [!provide]                        PROVIDE (end = .)
                0x2401db98                        PROVIDE (_end = .)
                0x24020b98                        . = (. + _Min_Heap_Size)
 *fill*         0x2401db98     0x3000 
                0x24021b98                        . = (. + _Min_Stack_Size)
 *fill*         0x24020b98     0x1000 
                0x24021b98                        . = ALIGN (0x8)

/DISCARD/
 libc.a(*)
 libm.a(*)
 libgcc.a(*)

.ARM.attributes
                0x00000000       0x2e
 *(.ARM.attributes)
 .ARM.attributes
                0x00000000       0x20 /home/dashygo/st/stm32cubeide_1.15.1/plugins/com.st.stm32cube.ide.mcu.externaltools.gnu-tools-for-stm32.12.3.rel1.linux64_1.0.100.202403111256/tools/bin/../lib/gcc/arm-none-eabi/12.3.1/thumb/v7e-m+dp/hard/crti.o
 .ARM.attributes
                0x00000020       0x32 /home/dashygo/st/stm32cubeide_1.15.1/plugins/com.st.stm32cube.ide.mcu.externaltools.gnu-tools-for-stm32.12.3.rel1.linux64_1.0.100.202403111256/tools/bin/../lib/gcc/arm-none-eabi/12.3.1/thumb/v7e-m+dp/hard/crtbegin.o
 .ARM.attributes
                0x00000052       0x32 ./Core/Src/FO.o
 .ARM.attributes
                0x00000084       0x32 ./Core/Src/SSM.o
 .ARM.attributes
                0x000000b6       0x32 ./Core/Src/adc.o
 .ARM.attributes
                0x000000e8       0x32 ./Core/Src/dac.o
 .ARM.attributes
                0x0000011a       0x32 ./Core/Src/dma.o
 .ARM.attributes
                0x0000014c       0x32 ./Core/Src/gpio.o
 .ARM.attributes
                0x0000017e       0x32 ./Core/Src/i2c.o
 .ARM.attributes
                0x000001b0       0x32 ./Core/Src/main.o
 .ARM.attributes
                0x000001e2       0x32 ./Core/Src/stm32h7xx_hal_msp.o
 .ARM.attributes
                0x00000214       0x32 ./Core/Src/stm32h7xx_it.o
 .ARM.attributes
                0x00000246       0x32 ./Core/Src/system_stm32h7xx.o
 .ARM.attributes
                0x00000278       0x32 ./Core/Src/tim.o
 .ARM.attributes
                0x000002aa       0x32 ./Core/Src/usart.o
 .ARM.attributes
                0x000002dc       0x21 ./Core/Startup/startup_stm32h743vitx.o
 .ARM.attributes
                0x000002fd       0x32 ./Drivers/STM32H7xx_HAL_Driver/Src/stm32h7xx_hal.o
 .ARM.attributes
                0x0000032f       0x32 ./Drivers/STM32H7xx_HAL_Driver/Src/stm32h7xx_hal_adc.o
 .ARM.attributes
                0x00000361       0x32 ./Drivers/STM32H7xx_HAL_Driver/Src/stm32h7xx_hal_adc_ex.o
 .ARM.attributes
                0x00000393       0x32 ./Drivers/STM32H7xx_HAL_Driver/Src/stm32h7xx_hal_cortex.o
 .ARM.attributes
                0x000003c5       0x32 ./Drivers/STM32H7xx_HAL_Driver/Src/stm32h7xx_hal_dac.o
 .ARM.attributes
                0x000003f7       0x32 ./Drivers/STM32H7xx_HAL_Driver/Src/stm32h7xx_hal_dma.o
 .ARM.attributes
                0x00000429       0x32 ./Drivers/STM32H7xx_HAL_Driver/Src/stm32h7xx_hal_gpio.o
 .ARM.attributes
                0x0000045b       0x32 ./Drivers/STM32H7xx_HAL_Driver/Src/stm32h7xx_hal_i2c.o
 .ARM.attributes
                0x0000048d       0x32 ./Drivers/STM32H7xx_HAL_Driver/Src/stm32h7xx_hal_i2c_ex.o
 .ARM.attributes
                0x000004bf       0x32 ./Drivers/STM32H7xx_HAL_Driver/Src/stm32h7xx_hal_pwr_ex.o
 .ARM.attributes
                0x000004f1       0x32 ./Drivers/STM32H7xx_HAL_Driver/Src/stm32h7xx_hal_rcc.o
 .ARM.attributes
                0x00000523       0x32 ./Drivers/STM32H7xx_HAL_Driver/Src/stm32h7xx_hal_rcc_ex.o
 .ARM.attributes
                0x00000555       0x32 ./Drivers/STM32H7xx_HAL_Driver/Src/stm32h7xx_hal_tim.o
 .ARM.attributes
                0x00000587       0x32 ./Drivers/STM32H7xx_HAL_Driver/Src/stm32h7xx_hal_tim_ex.o
 .ARM.attributes
                0x000005b9       0x32 ./Drivers/STM32H7xx_HAL_Driver/Src/stm32h7xx_hal_uart.o
 .ARM.attributes
                0x000005eb       0x32 ./Drivers/STM32H7xx_HAL_Driver/Src/stm32h7xx_hal_uart_ex.o
 .ARM.attributes
                0x0000061d       0x32 /home/dashygo/st/stm32cubeide_1.15.1/plugins/com.st.stm32cube.ide.mcu.externaltools.gnu-tools-for-stm32.12.3.rel1.linux64_1.0.100.202403111256/tools/bin/../lib/gcc/arm-none-eabi/12.3.1/../../../../arm-none-eabi/lib/thumb/v7e-m+dp/hard/libc.a(libc_a-findfp.o)
 .ARM.attributes
                0x0000064f       0x32 /home/dashygo/st/stm32cubeide_1.15.1/plugins/com.st.stm32cube.ide.mcu.externaltools.gnu-tools-for-stm32.12.3.rel1.linux64_1.0.100.202403111256/tools/bin/../lib/gcc/arm-none-eabi/12.3.1/../../../../arm-none-eabi/lib/thumb/v7e-m+dp/hard/libc.a(libc_a-memset.o)
 .ARM.attributes
                0x00000681       0x32 /home/dashygo/st/stm32cubeide_1.15.1/plugins/com.st.stm32cube.ide.mcu.externaltools.gnu-tools-for-stm32.12.3.rel1.linux64_1.0.100.202403111256/tools/bin/../lib/gcc/arm-none-eabi/12.3.1/../../../../arm-none-eabi/lib/thumb/v7e-m+dp/hard/libc.a(libc_a-impure.o)
 .ARM.attributes
                0x000006b3       0x32 /home/dashygo/st/stm32cubeide_1.15.1/plugins/com.st.stm32cube.ide.mcu.externaltools.gnu-tools-for-stm32.12.3.rel1.linux64_1.0.100.202403111256/tools/bin/../lib/gcc/arm-none-eabi/12.3.1/../../../../arm-none-eabi/lib/thumb/v7e-m+dp/hard/libc.a(libc_a-errno.o)
 .ARM.attributes
                0x000006e5       0x32 /home/dashygo/st/stm32cubeide_1.15.1/plugins/com.st.stm32cube.ide.mcu.externaltools.gnu-tools-for-stm32.12.3.rel1.linux64_1.0.100.202403111256/tools/bin/../lib/gcc/arm-none-eabi/12.3.1/../../../../arm-none-eabi/lib/thumb/v7e-m+dp/hard/libc.a(libc_a-init.o)
 .ARM.attributes
                0x00000717       0x32 /home/dashygo/st/stm32cubeide_1.15.1/plugins/com.st.stm32cube.ide.mcu.externaltools.gnu-tools-for-stm32.12.3.rel1.linux64_1.0.100.202403111256/tools/bin/../lib/gcc/arm-none-eabi/12.3.1/../../../../arm-none-eabi/lib/thumb/v7e-m+dp/hard/libc.a(libc_a-lock.o)
 .ARM.attributes
                0x00000749       0x32 /home/dashygo/st/stm32cubeide_1.15.1/plugins/com.st.stm32cube.ide.mcu.externaltools.gnu-tools-for-stm32.12.3.rel1.linux64_1.0.100.202403111256/tools/bin/../lib/gcc/arm-none-eabi/12.3.1/../../../../arm-none-eabi/lib/thumb/v7e-m+dp/hard/libc.a(libc_a-__call_atexit.o)
 .ARM.attributes
                0x0000077b       0x32 /home/dashygo/st/stm32cubeide_1.15.1/plugins/com.st.stm32cube.ide.mcu.externaltools.gnu-tools-for-stm32.12.3.rel1.linux64_1.0.100.202403111256/tools/bin/../lib/gcc/arm-none-eabi/12.3.1/../../../../arm-none-eabi/lib/thumb/v7e-m+dp/hard/libc.a(libc_a-atexit.o)
 .ARM.attributes
                0x000007ad       0x32 /home/dashygo/st/stm32cubeide_1.15.1/plugins/com.st.stm32cube.ide.mcu.externaltools.gnu-tools-for-stm32.12.3.rel1.linux64_1.0.100.202403111256/tools/bin/../lib/gcc/arm-none-eabi/12.3.1/../../../../arm-none-eabi/lib/thumb/v7e-m+dp/hard/libc.a(libc_a-fini.o)
 .ARM.attributes
                0x000007df       0x32 /home/dashygo/st/stm32cubeide_1.15.1/plugins/com.st.stm32cube.ide.mcu.externaltools.gnu-tools-for-stm32.12.3.rel1.linux64_1.0.100.202403111256/tools/bin/../lib/gcc/arm-none-eabi/12.3.1/../../../../arm-none-eabi/lib/thumb/v7e-m+dp/hard/libc.a(libc_a-__atexit.o)
 .ARM.attributes
                0x00000811       0x32 /home/dashygo/st/stm32cubeide_1.15.1/plugins/com.st.stm32cube.ide.mcu.externaltools.gnu-tools-for-stm32.12.3.rel1.linux64_1.0.100.202403111256/tools/bin/../lib/gcc/arm-none-eabi/12.3.1/../../../../arm-none-eabi/lib/thumb/v7e-m+dp/hard/libm.a(libm_a-s_cos.o)
 .ARM.attributes
                0x00000843       0x32 /home/dashygo/st/stm32cubeide_1.15.1/plugins/com.st.stm32cube.ide.mcu.externaltools.gnu-tools-for-stm32.12.3.rel1.linux64_1.0.100.202403111256/tools/bin/../lib/gcc/arm-none-eabi/12.3.1/../../../../arm-none-eabi/lib/thumb/v7e-m+dp/hard/libm.a(libm_a-s_sin.o)
 .ARM.attributes
                0x00000875       0x32 /home/dashygo/st/stm32cubeide_1.15.1/plugins/com.st.stm32cube.ide.mcu.externaltools.gnu-tools-for-stm32.12.3.rel1.linux64_1.0.100.202403111256/tools/bin/../lib/gcc/arm-none-eabi/12.3.1/../../../../arm-none-eabi/lib/thumb/v7e-m+dp/hard/libm.a(libm_a-log.o)
 .ARM.attributes
                0x000008a7       0x32 /home/dashygo/st/stm32cubeide_1.15.1/plugins/com.st.stm32cube.ide.mcu.externaltools.gnu-tools-for-stm32.12.3.rel1.linux64_1.0.100.202403111256/tools/bin/../lib/gcc/arm-none-eabi/12.3.1/../../../../arm-none-eabi/lib/thumb/v7e-m+dp/hard/libm.a(libm_a-log_data.o)
 .ARM.attributes
                0x000008d9       0x32 /home/dashygo/st/stm32cubeide_1.15.1/plugins/com.st.stm32cube.ide.mcu.externaltools.gnu-tools-for-stm32.12.3.rel1.linux64_1.0.100.202403111256/tools/bin/../lib/gcc/arm-none-eabi/12.3.1/../../../../arm-none-eabi/lib/thumb/v7e-m+dp/hard/libm.a(libm_a-pow.o)
 .ARM.attributes
                0x0000090b       0x32 /home/dashygo/st/stm32cubeide_1.15.1/plugins/com.st.stm32cube.ide.mcu.externaltools.gnu-tools-for-stm32.12.3.rel1.linux64_1.0.100.202403111256/tools/bin/../lib/gcc/arm-none-eabi/12.3.1/../../../../arm-none-eabi/lib/thumb/v7e-m+dp/hard/libm.a(libm_a-pow_log_data.o)
 .ARM.attributes
                0x0000093d       0x32 /home/dashygo/st/stm32cubeide_1.15.1/plugins/com.st.stm32cube.ide.mcu.externaltools.gnu-tools-for-stm32.12.3.rel1.linux64_1.0.100.202403111256/tools/bin/../lib/gcc/arm-none-eabi/12.3.1/../../../../arm-none-eabi/lib/thumb/v7e-m+dp/hard/libm.a(libm_a-cabs.o)
 .ARM.attributes
                0x0000096f       0x32 /home/dashygo/st/stm32cubeide_1.15.1/plugins/com.st.stm32cube.ide.mcu.externaltools.gnu-tools-for-stm32.12.3.rel1.linux64_1.0.100.202403111256/tools/bin/../lib/gcc/arm-none-eabi/12.3.1/../../../../arm-none-eabi/lib/thumb/v7e-m+dp/hard/libm.a(libm_a-cimag.o)
 .ARM.attributes
                0x000009a1       0x32 /home/dashygo/st/stm32cubeide_1.15.1/plugins/com.st.stm32cube.ide.mcu.externaltools.gnu-tools-for-stm32.12.3.rel1.linux64_1.0.100.202403111256/tools/bin/../lib/gcc/arm-none-eabi/12.3.1/../../../../arm-none-eabi/lib/thumb/v7e-m+dp/hard/libm.a(libm_a-creal.o)
 .ARM.attributes
                0x000009d3       0x32 /home/dashygo/st/stm32cubeide_1.15.1/plugins/com.st.stm32cube.ide.mcu.externaltools.gnu-tools-for-stm32.12.3.rel1.linux64_1.0.100.202403111256/tools/bin/../lib/gcc/arm-none-eabi/12.3.1/../../../../arm-none-eabi/lib/thumb/v7e-m+dp/hard/libm.a(libm_a-s_floor.o)
 .ARM.attributes
                0x00000a05       0x32 /home/dashygo/st/stm32cubeide_1.15.1/plugins/com.st.stm32cube.ide.mcu.externaltools.gnu-tools-for-stm32.12.3.rel1.linux64_1.0.100.202403111256/tools/bin/../lib/gcc/arm-none-eabi/12.3.1/../../../../arm-none-eabi/lib/thumb/v7e-m+dp/hard/libm.a(libm_a-k_cos.o)
 .ARM.attributes
                0x00000a37       0x32 /home/dashygo/st/stm32cubeide_1.15.1/plugins/com.st.stm32cube.ide.mcu.externaltools.gnu-tools-for-stm32.12.3.rel1.linux64_1.0.100.202403111256/tools/bin/../lib/gcc/arm-none-eabi/12.3.1/../../../../arm-none-eabi/lib/thumb/v7e-m+dp/hard/libm.a(libm_a-k_sin.o)
 .ARM.attributes
                0x00000a69       0x32 /home/dashygo/st/stm32cubeide_1.15.1/plugins/com.st.stm32cube.ide.mcu.externaltools.gnu-tools-for-stm32.12.3.rel1.linux64_1.0.100.202403111256/tools/bin/../lib/gcc/arm-none-eabi/12.3.1/../../../../arm-none-eabi/lib/thumb/v7e-m+dp/hard/libm.a(libm_a-e_rem_pio2.o)
 .ARM.attributes
                0x00000a9b       0x32 /home/dashygo/st/stm32cubeide_1.15.1/plugins/com.st.stm32cube.ide.mcu.externaltools.gnu-tools-for-stm32.12.3.rel1.linux64_1.0.100.202403111256/tools/bin/../lib/gcc/arm-none-eabi/12.3.1/../../../../arm-none-eabi/lib/thumb/v7e-m+dp/hard/libm.a(libm_a-w_hypot.o)
 .ARM.attributes
                0x00000acd       0x32 /home/dashygo/st/stm32cubeide_1.15.1/plugins/com.st.stm32cube.ide.mcu.externaltools.gnu-tools-for-stm32.12.3.rel1.linux64_1.0.100.202403111256/tools/bin/../lib/gcc/arm-none-eabi/12.3.1/../../../../arm-none-eabi/lib/thumb/v7e-m+dp/hard/libm.a(libm_a-s_fabs.o)
 .ARM.attributes
                0x00000aff       0x32 /home/dashygo/st/stm32cubeide_1.15.1/plugins/com.st.stm32cube.ide.mcu.externaltools.gnu-tools-for-stm32.12.3.rel1.linux64_1.0.100.202403111256/tools/bin/../lib/gcc/arm-none-eabi/12.3.1/../../../../arm-none-eabi/lib/thumb/v7e-m+dp/hard/libm.a(libm_a-s_finite.o)
 .ARM.attributes
                0x00000b31       0x32 /home/dashygo/st/stm32cubeide_1.15.1/plugins/com.st.stm32cube.ide.mcu.externaltools.gnu-tools-for-stm32.12.3.rel1.linux64_1.0.100.202403111256/tools/bin/../lib/gcc/arm-none-eabi/12.3.1/../../../../arm-none-eabi/lib/thumb/v7e-m+dp/hard/libm.a(libm_a-exp_data.o)
 .ARM.attributes
                0x00000b63       0x32 /home/dashygo/st/stm32cubeide_1.15.1/plugins/com.st.stm32cube.ide.mcu.externaltools.gnu-tools-for-stm32.12.3.rel1.linux64_1.0.100.202403111256/tools/bin/../lib/gcc/arm-none-eabi/12.3.1/../../../../arm-none-eabi/lib/thumb/v7e-m+dp/hard/libm.a(libm_a-math_err.o)
 .ARM.attributes
                0x00000b95       0x32 /home/dashygo/st/stm32cubeide_1.15.1/plugins/com.st.stm32cube.ide.mcu.externaltools.gnu-tools-for-stm32.12.3.rel1.linux64_1.0.100.202403111256/tools/bin/../lib/gcc/arm-none-eabi/12.3.1/../../../../arm-none-eabi/lib/thumb/v7e-m+dp/hard/libm.a(libm_a-k_rem_pio2.o)
 .ARM.attributes
                0x00000bc7       0x32 /home/dashygo/st/stm32cubeide_1.15.1/plugins/com.st.stm32cube.ide.mcu.externaltools.gnu-tools-for-stm32.12.3.rel1.linux64_1.0.100.202403111256/tools/bin/../lib/gcc/arm-none-eabi/12.3.1/../../../../arm-none-eabi/lib/thumb/v7e-m+dp/hard/libm.a(libm_a-e_hypot.o)
 .ARM.attributes
                0x00000bf9       0x32 /home/dashygo/st/stm32cubeide_1.15.1/plugins/com.st.stm32cube.ide.mcu.externaltools.gnu-tools-for-stm32.12.3.rel1.linux64_1.0.100.202403111256/tools/bin/../lib/gcc/arm-none-eabi/12.3.1/../../../../arm-none-eabi/lib/thumb/v7e-m+dp/hard/libm.a(libm_a-s_scalbn.o)
 .ARM.attributes